******************************************************************************
                  TI ARM Linker Unix v20.2.7                   
******************************************************************************
>> Linked Thu May 30 22:13:16 2024

OUTPUT FILE NAME:   <lab2.out>
ENTRY POINT SYMBOL: "_c_int00_noargs"  address: 20008961


MEMORY CONFIGURATION

         name            origin    length      used     unused   attr    fill
----------------------  --------  ---------  --------  --------  ----  --------
  SRAM_CODE             20004000   00013000  00005536  0000daca  RW X
  SRAM_DATA             20017000   00019000  000010a6  00017f5a  RW X


SEGMENT ALLOCATION MAP

run origin  load origin   length   init length attrs members
----------  ----------- ---------- ----------- ----- -------
20004000    20004000    00005538   00005538    r-x
  20004000    20004000    00000400   00000400    r-- .intvecs
  20004400    20004400    000048f6   000048f6    r-x .text
  20008cf8    20008cf8    000007f8   000007f8    r-- .const
  200094f0    200094f0    00000048   00000048    r-- .cinit
20017000    20017000    000008a8   00000000    rw-
  20017000    20017000    00000800   00000000    rw- .sysmem
  20017800    20017800    0000006a   00000000    rw- .bss
  2001786c    2001786c    0000003c   00000000    rw- .data
2002f800    2002f800    00000800   00000000    rw-
  2002f800    2002f800    00000800   00000000    rw- .stack


SECTION ALLOCATION MAP

 output                                  attributes/
section   page    origin      length       input sections
--------  ----  ----------  ----------   ----------------
.intvecs   0    20004000    00000400     
                  20004000    00000400     startup_ccs.obj (.intvecs)

.init_array 
*          0    20004000    00000000     UNINITIALIZED

.text      0    20004400    000048f6     
                  20004400    00000a80     Adafruit_GFX.obj (.text)
                  20004e80    00000a4e     rtsv7M4_T_le_eabi.lib : _printfi.c.obj (.text:__TI_printfi)
                  200058ce    00000002                           : _lock.c.obj (.text:_nop)
                  200058d0    0000048a     Adafruit_OLED.obj (.text)
                  20005d5a    00000002     rtsv7M4_T_le_eabi.lib : div0.asm.obj (.text)
                  20005d5c    000003f8     main.obj (.text)
                  20006154    000002a0     i2c_if.obj (.text)
                  200063f4    0000027c     uart_if.obj (.text)
                  20006670    00000268     rtsv7M4_T_le_eabi.lib : _printfi.c.obj (.text:_pconv_a)
                  200068d8    000001cc                           : _printfi.c.obj (.text:_pconv_g)
                  20006aa4    000001b6                           : fd_add_t2.asm.obj (.text)
                  20006c5a    00000002     --HOLE-- [fill = 0]
                  20006c5c    00000178     driverlib.a : prcm.obj (.text:PRCMCC3200MCUInit)
                  20006dd4    0000013c     rtsv7M4_T_le_eabi.lib : _printfi.c.obj (.text:_pconv_e)
                  20006f10    00000136                           : fd_div_t2.asm.obj (.text)
                  20007046    00000002     --HOLE-- [fill = 0]
                  20007048    00000134     pin_mux_config.obj (.text)
                  2000717c    00000120     rtsv7M4_T_le_eabi.lib : _printfi.c.obj (.text:fcvt)
                  2000729c    00000100                           : memory.c.obj (.text:aligned_alloc)
                  2000739c    000000fc                           : fd_mul_t2.asm.obj (.text)
                  20007498    000000e4                           : memory.c.obj (.text:free)
                  2000757c    000000e4                           : memory.c.obj (.text:realloc)
                  20007660    000000d0     driverlib.a : spi.obj (.text:SPITransfer32)
                  20007730    000000d0     rtsv7M4_T_le_eabi.lib : s_scalbn.c.obj (.text:scalbn)
                  20007800    000000ce     driverlib.a : spi.obj (.text:SPITransfer16)
                  200078ce    000000b8                 : spi.obj (.text:SPITransfer8)
                  20007986    00000002     --HOLE-- [fill = 0]
                  20007988    000000b1     rtsv7M4_T_le_eabi.lib : _printfi.c.obj (.text:_ltostr)
                  20007a39    00000003     --HOLE-- [fill = 0]
                  20007a3c    000000a8     driverlib.a : interrupt.obj (.text:IntEnable)
                  20007ae4    000000a0                 : spi.obj (.text:SPIConfigSetExpClk)
                  20007b84    0000009c     rtsv7M4_T_le_eabi.lib : memcpy_t2.asm.obj (.text)
                  20007c20    00000096                           : ull_div_t2.asm.obj (.text)
                  20007cb6    00000002     --HOLE-- [fill = 0]
                  20007cb8    00000094     driverlib.a : prcm.obj (.text:PRCMPeripheralClockGet)
                  20007d4c    00000088                 : pin.obj (.text:PinConfigSet)
                  20007dd4    00000088                 : spi.obj (.text:SPITransfer)
                  20007e5c    00000086     rtsv7M4_T_le_eabi.lib : fd_cmp_t2.asm.obj (.text:__aeabi_cdcmple)
                  20007ee2    00000086                           : fd_cmp_t2.asm.obj (.text:__aeabi_cdrcmple)
                  20007f68    00000084     driverlib.a : i2c.obj (.text:I2CMasterInitExpClk)
                  20007fec    0000007c                 : spi.obj (.text:SPIIntStatus)
                  20008068    0000007a     rtsv7M4_T_le_eabi.lib : memset_t2.asm.obj (.text)
                  200080e2    00000076     driverlib.a : uart.obj (.text:UARTConfigSetExpClk)
                  20008158    00000070     rtsv7M4_T_le_eabi.lib : memory.c.obj (.text:split)
                  200081c8    0000006e                           : _printfi.c.obj (.text:_mcpy)
                  20008236    00000068                           : copy_decompress_lzss.c.obj (.text:decompress:lzss:__TI_decompress_lzss)
                  2000829e    00000002     --HOLE-- [fill = 0]
                  200082a0    0000005c                           : s_frexp.c.obj (.text:frexp)
                  200082fc    00000058     driverlib.a : prcm.obj (.text:PRCMPeripheralReset)
                  20008354    00000056     rtsv7M4_T_le_eabi.lib : _printfi.c.obj (.text:_pconv_f)
                  200083aa    00000054                           : _ltoa.c.obj (.text:__TI_ltoa)
                  200083fe    00000052                           : _printfi.c.obj (.text:_ecpy)
                  20008450    0000004c     driverlib.a : spi.obj (.text:SPIIntEnable)
                  2000849c    0000004c                 : spi.obj (.text:SPIIntNumberGet)
                  200084e8    0000004c     rtsv7M4_T_le_eabi.lib : atoi.c.obj (.text:atoi)
                  20008534    00000048     driverlib.a : spi.obj (.text:SPIIntClear)
                  2000857c    00000048     rtsv7M4_T_le_eabi.lib : fd_toi_t2.asm.obj (.text)
                  200085c4    00000044     driverlib.a : spi.obj (.text:SPIDmaMaskGet)
                  20008608    00000044     rtsv7M4_T_le_eabi.lib : autoinit.c.obj (.text:__TI_auto_init_nobinit_nopinit:__TI_auto_init_nobinit_nopinit)
                  2000864c    00000040     driverlib.a : pin.obj (.text:PinModeSet)
                  2000868c    00000040     rtsv7M4_T_le_eabi.lib : vsnprintf.c.obj (.text:vsnprintf)
                  200086cc    0000003e                           : _printfi.c.obj (.text:_fcpy)
                  2000870a    00000002     --HOLE-- [fill = 0]
                  2000870c    0000003c     driverlib.a : prcm.obj (.text:PRCMPeripheralClkEnable)
                  20008748    00000036                 : gpio.obj (.text:GPIODirModeSet)
                  2000877e    00000030                 : pin.obj (.text:PinTypeGPIO)
                  200087ae    00000002     --HOLE-- [fill = 0]
                  200087b0    00000030                 : uart.obj (.text:UARTDisable)
                  200087e0    00000030     rtsv7M4_T_le_eabi.lib : vsnprintf.c.obj (.text:_outs)
                  20008810    0000002e                           : i_tofd_t2.asm.obj (.text)
                  2000883e    0000002c     driverlib.a : i2c.obj (.text:I2CMasterErr)
                  2000886a    00000002     --HOLE-- [fill = 0]
                  2000886c    0000002c                 : prcm.obj (.text:PRCMSysResetCauseGet)
                  20008898    0000002a                 : spi.obj (.text:SPIDataGetNonBlocking)
                  200088c2    00000002     --HOLE-- [fill = 0]
                  200088c4    00000028                 : prcm.obj (.text:PRCMPeripheralClkDisable)
                  200088ec    00000028     rtsv7M4_T_le_eabi.lib : memory.c.obj (.text:free_list_insert)
                  20008914    00000028                           : memmov.c.obj (.text:memmove)
                  2000893c    00000024     driverlib.a : uart.obj (.text:UARTEnable)
                  20008960    00000024     rtsv7M4_T_le_eabi.lib : boot_cortex_m.c.obj (.text:_c_int00_noargs:_c_int00_noargs)
                  20008984    00000022     driverlib.a : i2c.obj (.text:I2CMasterSlaveAddrSet)
                  200089a6    00000022                 : spi.obj (.text:SPIReset)
                  200089c8    00000020                 : gpio.obj (.text:GPIOPinWrite)
                  200089e8    00000020                 : interrupt.obj (.text:IntRegister)
                  20008a08    0000001e                 : i2c.obj (.text:I2CMasterIntStatusEx)
                  20008a26    0000001e                 : spi.obj (.text:SPIDataPut)
                  20008a44    0000001e                 : spi.obj (.text:SPIIntRegister)
                  20008a62    0000001e                 : uart.obj (.text:UARTCharPut)
                  20008a80    0000001c                 : pin.obj (.text:PinTypeI2C)
                  20008a9c    0000001c                 : uart.obj (.text:UARTCharGetNonBlocking)
                  20008ab8    0000001c     rtsv7M4_T_le_eabi.lib : copy_zero_init.c.obj (.text:decompress:ZI:__TI_zero_init_nomemset:__TI_zero_init_nomemset)
                  20008ad4    0000001c                           : memory.c.obj (.text:free_list_remove)
                  20008af0    0000001c                           : memccpy.c.obj (.text:memccpy)
                  20008b0c    0000001a     driverlib.a : pin.obj (.text:PinTypeSPI)
                  20008b26    0000001a                 : pin.obj (.text:PinTypeUART)
                  20008b40    00000018                 : i2c.obj (.text:I2CMasterIntEnableEx)
                  20008b58    00000018                 : spi.obj (.text:SPIEnable)
                  20008b70    00000018                 : uart.obj (.text:UARTCharsAvail)
                  20008b88    00000018     rtsv7M4_T_le_eabi.lib : vsnprintf.c.obj (.text:_outc)
                  20008ba0    00000016     driverlib.a : i2c.obj (.text:I2CMasterDataPut)
                  20008bb6    00000016                 : i2c.obj (.text:I2CMasterEnable)
                  20008bcc    00000016                 : i2c.obj (.text:I2CMasterIntClear)
                  20008be2    00000016                 : prcm.obj (.text:PRCMHIBRegRead)
                  20008bf8    00000016                 : prcm.obj (.text:PRCMHIBRegWrite)
                  20008c0e    00000016     rtsv7M4_T_le_eabi.lib : strchr.c.obj (.text:strchr)
                  20008c24    00000014     driverlib.a : cpu.obj (.text:CPUcpsie)
                  20008c38    00000014                 : interrupt.obj (.text:IntVTableBaseSet)
                  20008c4c    00000014     rtsv7M4_T_le_eabi.lib : strlen.c.obj (.text:strlen)
                  20008c60    00000012     driverlib.a : i2c.obj (.text:I2CMasterControl)
                  20008c72    00000012                 : i2c.obj (.text:I2CMasterTimeoutSet)
                  20008c84    00000012     rtsv7M4_T_le_eabi.lib : wcslen.c.obj (.text:wcslen)
                  20008c96    0000000e     driverlib.a : i2c.obj (.text:I2CMasterDataGet)
                  20008ca4    0000000e     rtsv7M4_T_le_eabi.lib : copy_decompress_none.c.obj (.text:decompress:none:__TI_decompress_none)
                  20008cb2    0000000e     startup_ccs.obj (.text)
                  20008cc0    0000000c     rtsv7M4_T_le_eabi.lib : s_copysign.c.obj (.text:copysign)
                  20008ccc    0000000a     driverlib.a : interrupt.obj (.text:IntMasterEnable)
                  20008cd6    00000002     --HOLE-- [fill = 0]
                  20008cd8    00000008     rtsv7M4_T_le_eabi.lib : errno.c.obj (.text:__aeabi_errno_addr)
                  20008ce0    00000008                           : memory.c.obj (.text:malloc)
                  20008ce8    00000006     driverlib.a : utils.obj (.text:UtilsDelay)
                  20008cee    00000004     rtsv7M4_T_le_eabi.lib : pre_init.c.obj (.text:_system_pre_init)
                  20008cf2    00000004                           : exit.c.obj (.text:abort:abort)

.const     0    20008cf8    000007f8     
                  20008cf8    000004fb     Adafruit_GFX.obj (.const:.string:font)
                  200091f3    00000101     rtsv7M4_T_le_eabi.lib : ctype.c.obj (.const:.string:_ctypes_)
                  200092f4    00000100     driverlib.a : pin.obj (.const:g_ulPinToPadMap)
                  200093f4    000000a8                 : prcm.obj (.const:PRCM_PeriphRegsList)
                  2000949c    00000024                 : spi.obj (.const:g_ppulSPIIntMap)
                  200094c0    00000018                 : interrupt.obj (.const:g_pulEnRegs)
                  200094d8    00000018                 : spi.obj (.const:g_ulSPIDmaMaskMap)

.cinit     0    200094f0    00000048     
                  200094f0    00000023     (.cinit..data.load) [load image, compression = lzss]
                  20009513    00000001     --HOLE-- [fill = 0]
                  20009514    0000000c     (__TI_handler_table)
                  20009520    00000008     (.cinit..bss.load) [load image, compression = zero_init]
                  20009528    00000010     (__TI_cinit_table)

.sysmem    0    20017000    00000800     UNINITIALIZED
                  20017000    00000010     rtsv7M4_T_le_eabi.lib : memory.c.obj (.sysmem)
                  20017010    000007f0     --HOLE--

.bss       0    20017800    0000006a     UNINITIALIZED
                  20017800    00000064     main.obj (.bss:g_ucTxBuff)
                  20017864    00000004     uart_if.obj (.bss)
                  20017868    00000002     main.obj (.bss)

.data      0    2001786c    0000003c     UNINITIALIZED
                  2001786c    00000015     Adafruit_GFX.obj (.data)
                  20017881    00000003     --HOLE--
                  20017884    00000010     main.obj (.data)
                  20017894    00000008     rtsv7M4_T_le_eabi.lib : _lock.c.obj (.data:$O1$$)
                  2001789c    00000008                           : memory.c.obj (.data:$O1$$)
                  200178a4    00000004                           : errno.c.obj (.data)

.stack     0    2002f800    00000800     UNINITIALIZED
                  2002f800    00000004     rtsv7M4_T_le_eabi.lib : boot_cortex_m.c.obj (.stack)
                  2002f804    000007fc     --HOLE--

__llvm_prf_cnts 
*          0    20017000    00000000     UNINITIALIZED

MODULE SUMMARY

       Module                       code    ro data   rw data
       ------                       ----    -------   -------
    ./
       Adafruit_GFX.obj             2688    1275      21     
       Adafruit_OLED.obj            1162    0         0      
       main.obj                     1016    0         118    
       startup_ccs.obj              14      1024      0      
       i2c_if.obj                   672     0         0      
       uart_if.obj                  636     0         4      
       pin_mux_config.obj           308     0         0      
    +--+----------------------------+-------+---------+---------+
       Total:                       6496    2299      143    
                                                             
    /Applications/TI/lib/cc3200sdk_1.5.0/cc3200-sdk/driverlib/ccs/Release/driverlib.a
       spi.obj                      1470    60        0      
       prcm.obj                     800     168       0      
       pin.obj                      328     256       0      
       i2c.obj                      380     0         0      
       uart.obj                     284     0         0      
       interrupt.obj                230     24        0      
       gpio.obj                     86      0         0      
       cpu.obj                      20      0         0      
       utils.obj                    6       0         0      
    +--+----------------------------+-------+---------+---------+
       Total:                       3604    508       0      
                                                             
    /Applications/ti/ccs/tools/compiler/ti-cgt-arm_20.2.7.LTS/lib/rtsv7M4_T_le_eabi.lib
       _printfi.c.obj               4835    0         0      
       memory.c.obj                 900     0         8      
       fd_add_t2.asm.obj            438     0         0      
       fd_div_t2.asm.obj            310     0         0      
       fd_cmp_t2.asm.obj            268     0         0      
       ctype.c.obj                  0       257       0      
       fd_mul_t2.asm.obj            252     0         0      
       s_scalbn.c.obj               208     0         0      
       memcpy_t2.asm.obj            156     0         0      
       ull_div_t2.asm.obj           150     0         0      
       vsnprintf.c.obj              136     0         0      
       memset_t2.asm.obj            122     0         0      
       copy_decompress_lzss.c.obj   104     0         0      
       s_frexp.c.obj                92      0         0      
       _ltoa.c.obj                  84      0         0      
       atoi.c.obj                   76      0         0      
       fd_toi_t2.asm.obj            72      0         0      
       autoinit.c.obj               68      0         0      
       i_tofd_t2.asm.obj            46      0         0      
       memmov.c.obj                 40      0         0      
       boot_cortex_m.c.obj          36      0         0      
       copy_zero_init.c.obj         28      0         0      
       memccpy.c.obj                28      0         0      
       strchr.c.obj                 22      0         0      
       strlen.c.obj                 20      0         0      
       wcslen.c.obj                 18      0         0      
       copy_decompress_none.c.obj   14      0         0      
       errno.c.obj                  8       0         4      
       s_copysign.c.obj             12      0         0      
       _lock.c.obj                  2       0         8      
       exit.c.obj                   4       0         0      
       pre_init.c.obj               4       0         0      
       div0.asm.obj                 2       0         0      
    +--+----------------------------+-------+---------+---------+
       Total:                       8555    257       20     
                                                             
       Heap:                        0       0         2048   
       Stack:                       0       0         2048   
       Linker Generated:            0       71        0      
    +--+----------------------------+-------+---------+---------+
       Grand Total:                 18655   3135      4259   


LINKER GENERATED COPY TABLES

__TI_cinit_table @ 20009528 records: 2, size/record: 8, table size: 16
	.data: load addr=200094f0, load size=00000023 bytes, run addr=2001786c, run size=0000003c bytes, compression=lzss
	.bss: load addr=20009520, load size=00000008 bytes, run addr=20017800, run size=0000006a bytes, compression=zero_init


LINKER GENERATED HANDLER TABLE

__TI_handler_table @ 20009514 records: 3, size/record: 4, table size: 12
	index: 0, handler: __TI_decompress_lzss
	index: 1, handler: __TI_decompress_none
	index: 2, handler: __TI_zero_init


GLOBAL SYMBOLS: SORTED ALPHABETICALLY BY Name 

address   name                          
-------   ----                          
20005941  Adafruit_Init                 
20008cf3  C$$EXIT                       
20008c25  CPUcpsie                      
20006435  ClearTerm                     
20005ab7  Color565                      
2000643f  Error                         
20008749  GPIODirModeSet                
200089c9  GPIOPinWrite                  
20006477  GetCmd                        
20008c61  I2CMasterControl              
20008c97  I2CMasterDataGet              
20008ba1  I2CMasterDataPut              
20008bb7  I2CMasterEnable               
2000883f  I2CMasterErr                  
20007f69  I2CMasterInitExpClk           
20008bcd  I2CMasterIntClear             
20008b41  I2CMasterIntEnableEx          
20008a09  I2CMasterIntStatusEx          
20008985  I2CMasterSlaveAddrSet         
20008c73  I2CMasterTimeoutSet           
200063df  I2C_IF_Close                  
20006383  I2C_IF_Open                   
20006281  I2C_IF_Read                   
2000633d  I2C_IF_ReadFrom               
200061d1  I2C_IF_Write                  
200063f5  InitTerm                      
20007a3d  IntEnable                     
20008ccd  IntMasterEnable               
200089e9  IntRegister                   
20008c39  IntVTableBaseSet              
20005dcd  MasterMain                    
20006413  Message                       
20004dab  Outstr                        
20006c5d  PRCMCC3200MCUInit             
20008be3  PRCMHIBRegRead                
20008bf9  PRCMHIBRegWrite               
200088c5  PRCMPeripheralClkDisable      
2000870d  PRCMPeripheralClkEnable       
20007cb9  PRCMPeripheralClockGet        
200082fd  PRCMPeripheralReset           
2000886d  PRCMSysResetCauseGet          
20007d4d  PinConfigSet                  
2000864d  PinModeSet                    
20007049  PinMuxConfig                  
2000877f  PinTypeGPIO                   
20008a81  PinTypeI2C                    
20008b0d  PinTypeSPI                    
20008b27  PinTypeUART                   
200065b5  Report                        
20008cb3  ResetISR                      
20007ae5  SPIConfigSetExpClk            
20008899  SPIDataGetNonBlocking         
20008a27  SPIDataPut                    
20008b59  SPIEnable                     
20008535  SPIIntClear                   
20008451  SPIIntEnable                  
20008a45  SPIIntRegister                
20007fed  SPIIntStatus                  
200089a7  SPIReset                      
20007dd5  SPITransfer                   
20005fd5  SlaveMain                     
2000651d  TrimSpace                     
20008a9d  UARTCharGetNonBlocking        
20008a63  UARTCharPut                   
20008b71  UARTCharsAvail                
200080e3  UARTConfigSetExpClk           
200087b1  UARTDisable                   
2000893d  UARTEnable                    
20008ce9  UtilsDelay                    
20030000  __STACK_END                   
00000800  __STACK_SIZE                  
00000800  __SYSMEM_SIZE                 
20009528  __TI_CINIT_Base               
20009538  __TI_CINIT_Limit              
20009514  __TI_Handler_Table_Base       
20009520  __TI_Handler_Table_Limit      
20008609  __TI_auto_init_nobinit_nopinit
20008237  __TI_decompress_lzss          
20008ca5  __TI_decompress_none          
200083ab  __TI_ltoa                     
ffffffff  __TI_pprof_out_hndl           
20004e81  __TI_printfi                  
ffffffff  __TI_prof_data_size           
ffffffff  __TI_prof_data_start          
200094f0  __TI_static_base__            
20008ab9  __TI_zero_init_nomemset       
20007e5d  __aeabi_cdcmpeq               
20007e5d  __aeabi_cdcmple               
20007ee3  __aeabi_cdrcmple              
2000857d  __aeabi_d2iz                  
20006aaf  __aeabi_dadd                  
20006f11  __aeabi_ddiv                  
2000739d  __aeabi_dmul                  
20006aa5  __aeabi_dsub                  
20008cd9  __aeabi_errno_addr            
20008811  __aeabi_i2d                   
20005d5b  __aeabi_idiv0                 
20005d5b  __aeabi_ldiv0                 
20008069  __aeabi_memclr                
20008069  __aeabi_memclr4               
20008069  __aeabi_memclr8               
20007b85  __aeabi_memcpy                
20007b85  __aeabi_memcpy4               
20007b85  __aeabi_memcpy8               
2000806b  __aeabi_memset                
2000806b  __aeabi_memset4               
2000806b  __aeabi_memset8               
20007c21  __aeabi_uldivmod              
ffffffff  __binit__                     
ffffffff  __c_args__                    
UNDEFED   __mpu_init                    
2002f800  __stack                       
20017000  __start___llvm_prf_cnts       
20017000  __stop___llvm_prf_cnts        
20008961  _c_int00_noargs               
200091f3  _ctypes_                      
20017894  _lock                         
200058cf  _nop                          
20017000  _sys_memory                   
UNDEFED   _system_post_cinit            
20008cef  _system_pre_init              
20017898  _unlock                       
20008cf3  abort                         
2000729d  aligned_alloc                 
200084e9  atoi                          
ffffffff  binit                         
20008cc1  copysign                      
20008cc1  copysignl                     
2001786c  cursor_x                      
20017870  cursor_y                      
20004c5f  drawChar                      
20004401  drawCircle                    
20004535  drawCircleHelper              
20005c65  drawFastHLine                 
20005bc5  drawFastVLine                 
2000477b  drawLine                      
20005d01  drawPixel                     
20004867  drawRect                      
200048b5  drawRoundRect                 
20004a1d  drawTriangle                  
200178a4  errno                         
20004653  fillCircle                    
2000468d  fillCircleHelper              
20005b0f  fillRect                      
200049a3  fillRoundRect                 
20005af9  fillScreen                    
20004a5f  fillTriangle                  
20007499  free                          
200082a1  frexp                         
200082a1  frexpl                        
20004000  g_pfnVectors                  
20005a73  goTo                          
20004e5f  height                        
20005d3f  invert                        
20007731  ldexp                         
20007731  ldexpl                        
20006055  main                          
20008ce1  malloc                        
2000729d  memalign                      
20008af1  memccpy                       
20007b85  memcpy                        
20008915  memmove                       
20008071  memset                        
2001788c  prev_x_coordinate             
20017890  prev_y_coordinate             
2000757d  realloc                       
20007731  scalbn                        
20007731  scalbnl                       
20004df7  setCursor                     
20004e2f  setTextColor                  
20004e0f  setTextSize                   
20004e47  setTextWrap                   
20008c0f  strchr                        
20008c4d  strlen                        
2001787c  textbgcolor                   
20017878  textcolor                     
20017874  textsize                      
2000868d  vsnprintf                     
20008c85  wcslen                        
20004e5b  width                         
20017880  wrap                          
200058d1  writeCommand                  
20005909  writeData                     
20017884  x_coordinate                  
20017888  y_coordinate                  


GLOBAL SYMBOLS: SORTED BY Symbol Address 

address   name                          
-------   ----                          
00000800  __STACK_SIZE                  
00000800  __SYSMEM_SIZE                 
20004000  g_pfnVectors                  
20004401  drawCircle                    
20004535  drawCircleHelper              
20004653  fillCircle                    
2000468d  fillCircleHelper              
2000477b  drawLine                      
20004867  drawRect                      
200048b5  drawRoundRect                 
200049a3  fillRoundRect                 
20004a1d  drawTriangle                  
20004a5f  fillTriangle                  
20004c5f  drawChar                      
20004dab  Outstr                        
20004df7  setCursor                     
20004e0f  setTextSize                   
20004e2f  setTextColor                  
20004e47  setTextWrap                   
20004e5b  width                         
20004e5f  height                        
20004e81  __TI_printfi                  
200058cf  _nop                          
200058d1  writeCommand                  
20005909  writeData                     
20005941  Adafruit_Init                 
20005a73  goTo                          
20005ab7  Color565                      
20005af9  fillScreen                    
20005b0f  fillRect                      
20005bc5  drawFastVLine                 
20005c65  drawFastHLine                 
20005d01  drawPixel                     
20005d3f  invert                        
20005d5b  __aeabi_idiv0                 
20005d5b  __aeabi_ldiv0                 
20005dcd  MasterMain                    
20005fd5  SlaveMain                     
20006055  main                          
200061d1  I2C_IF_Write                  
20006281  I2C_IF_Read                   
2000633d  I2C_IF_ReadFrom               
20006383  I2C_IF_Open                   
200063df  I2C_IF_Close                  
200063f5  InitTerm                      
20006413  Message                       
20006435  ClearTerm                     
2000643f  Error                         
20006477  GetCmd                        
2000651d  TrimSpace                     
200065b5  Report                        
20006aa5  __aeabi_dsub                  
20006aaf  __aeabi_dadd                  
20006c5d  PRCMCC3200MCUInit             
20006f11  __aeabi_ddiv                  
20007049  PinMuxConfig                  
2000729d  aligned_alloc                 
2000729d  memalign                      
2000739d  __aeabi_dmul                  
20007499  free                          
2000757d  realloc                       
20007731  ldexp                         
20007731  ldexpl                        
20007731  scalbn                        
20007731  scalbnl                       
20007a3d  IntEnable                     
20007ae5  SPIConfigSetExpClk            
20007b85  __aeabi_memcpy                
20007b85  __aeabi_memcpy4               
20007b85  __aeabi_memcpy8               
20007b85  memcpy                        
20007c21  __aeabi_uldivmod              
20007cb9  PRCMPeripheralClockGet        
20007d4d  PinConfigSet                  
20007dd5  SPITransfer                   
20007e5d  __aeabi_cdcmpeq               
20007e5d  __aeabi_cdcmple               
20007ee3  __aeabi_cdrcmple              
20007f69  I2CMasterInitExpClk           
20007fed  SPIIntStatus                  
20008069  __aeabi_memclr                
20008069  __aeabi_memclr4               
20008069  __aeabi_memclr8               
2000806b  __aeabi_memset                
2000806b  __aeabi_memset4               
2000806b  __aeabi_memset8               
20008071  memset                        
200080e3  UARTConfigSetExpClk           
20008237  __TI_decompress_lzss          
200082a1  frexp                         
200082a1  frexpl                        
200082fd  PRCMPeripheralReset           
200083ab  __TI_ltoa                     
20008451  SPIIntEnable                  
200084e9  atoi                          
20008535  SPIIntClear                   
2000857d  __aeabi_d2iz                  
20008609  __TI_auto_init_nobinit_nopinit
2000864d  PinModeSet                    
2000868d  vsnprintf                     
2000870d  PRCMPeripheralClkEnable       
20008749  GPIODirModeSet                
2000877f  PinTypeGPIO                   
200087b1  UARTDisable                   
20008811  __aeabi_i2d                   
2000883f  I2CMasterErr                  
2000886d  PRCMSysResetCauseGet          
20008899  SPIDataGetNonBlocking         
200088c5  PRCMPeripheralClkDisable      
20008915  memmove                       
2000893d  UARTEnable                    
20008961  _c_int00_noargs               
20008985  I2CMasterSlaveAddrSet         
200089a7  SPIReset                      
200089c9  GPIOPinWrite                  
200089e9  IntRegister                   
20008a09  I2CMasterIntStatusEx          
20008a27  SPIDataPut                    
20008a45  SPIIntRegister                
20008a63  UARTCharPut                   
20008a81  PinTypeI2C                    
20008a9d  UARTCharGetNonBlocking        
20008ab9  __TI_zero_init_nomemset       
20008af1  memccpy                       
20008b0d  PinTypeSPI                    
20008b27  PinTypeUART                   
20008b41  I2CMasterIntEnableEx          
20008b59  SPIEnable                     
20008b71  UARTCharsAvail                
20008ba1  I2CMasterDataPut              
20008bb7  I2CMasterEnable               
20008bcd  I2CMasterIntClear             
20008be3  PRCMHIBRegRead                
20008bf9  PRCMHIBRegWrite               
20008c0f  strchr                        
20008c25  CPUcpsie                      
20008c39  IntVTableBaseSet              
20008c4d  strlen                        
20008c61  I2CMasterControl              
20008c73  I2CMasterTimeoutSet           
20008c85  wcslen                        
20008c97  I2CMasterDataGet              
20008ca5  __TI_decompress_none          
20008cb3  ResetISR                      
20008cc1  copysign                      
20008cc1  copysignl                     
20008ccd  IntMasterEnable               
20008cd9  __aeabi_errno_addr            
20008ce1  malloc                        
20008ce9  UtilsDelay                    
20008cef  _system_pre_init              
20008cf3  C$$EXIT                       
20008cf3  abort                         
200091f3  _ctypes_                      
200094f0  __TI_static_base__            
20009514  __TI_Handler_Table_Base       
20009520  __TI_Handler_Table_Limit      
20009528  __TI_CINIT_Base               
20009538  __TI_CINIT_Limit              
20017000  __start___llvm_prf_cnts       
20017000  __stop___llvm_prf_cnts        
20017000  _sys_memory                   
2001786c  cursor_x                      
20017870  cursor_y                      
20017874  textsize                      
20017878  textcolor                     
2001787c  textbgcolor                   
20017880  wrap                          
20017884  x_coordinate                  
20017888  y_coordinate                  
2001788c  prev_x_coordinate             
20017890  prev_y_coordinate             
20017894  _lock                         
20017898  _unlock                       
200178a4  errno                         
2002f800  __stack                       
20030000  __STACK_END                   
ffffffff  __TI_pprof_out_hndl           
ffffffff  __TI_prof_data_size           
ffffffff  __TI_prof_data_start          
ffffffff  __binit__                     
ffffffff  __c_args__                    
ffffffff  binit                         
UNDEFED   __mpu_init                    
UNDEFED   _system_post_cinit            

[185 symbols]
