******************************************************************************
                  TI ARM Linker Unix v20.2.7                   
******************************************************************************
>> Linked Mon Apr 29 15:30:49 2024

OUTPUT FILE NAME:   <int_sw.out>
ENTRY POINT SYMBOL: "_c_int00_noargs"  address: 20006ec9


MEMORY CONFIGURATION

         name            origin    length      used     unused   attr    fill
----------------------  --------  ---------  --------  --------  ----  --------
  SRAM_CODE             20004000   00019000  000035d6  00015a2a  RW X
  SRAM_DATA             2001d000   00023000  00001025  00021fdb  RW X


SEGMENT ALLOCATION MAP

run origin  load origin   length   init length attrs members
----------  ----------- ---------- ----------- ----- -------
20004000    20004000    000035d8   000035d8    r-x
  20004000    20004000    00000400   00000400    r-- .intvecs
  20004400    20004400    00002eda   00002eda    r-x .text
  200072dc    200072dc    000002c4   000002c4    r-- .const
  200075a0    200075a0    00000038   00000038    r-- .cinit
2001d000    2001d000    00000825   00000000    rw-
  2001d000    2001d000    00000800   00000000    rw- .sysmem
  2001d800    2001d800    0000001c   00000000    rw- .data
  2001d81c    2001d81c    00000009   00000000    rw- .bss
2003f800    2003f800    00000800   00000000    rw-
  2003f800    2003f800    00000800   00000000    rw- .stack


SECTION ALLOCATION MAP

 output                                  attributes/
section   page    origin      length       input sections
--------  ----  ----------  ----------   ----------------
.intvecs   0    20004000    00000400     
                  20004000    00000400     startup_ccs.obj (.intvecs)

.init_array 
*          0    20004000    00000000     UNINITIALIZED

.text      0    20004400    00002eda     
                  20004400    00000a4e     rtsv7M4_T_le_v4SPD16_eabi.lib : _printfi.c.obj (.text:__TI_printfi)
                  20004e4e    00000002                                   : _lock.c.obj (.text:_nop)
                  20004e50    0000027c     uart_if.obj (.text)
                  200050cc    00000270     rtsv7M4_T_le_v4SPD16_eabi.lib : _printfi.c.obj (.text:_pconv_a)
                  2000533c    000001d0                                   : _printfi.c.obj (.text:_pconv_g)
                  2000550c    000001bc     main.obj (.text)
                  200056c8    000001b6     rtsv7M4_T_le_v4SPD16_eabi.lib : fd_add_t2.asm.obj (.text)
                  2000587e    00000002                                   : div0.asm.obj (.text)
                  20005880    00000178     driverlib.a : prcm.obj (.text:PRCMCC3200MCUInit)
                  200059f8    0000013c     rtsv7M4_T_le_v4SPD16_eabi.lib : _printfi.c.obj (.text:_pconv_e)
                  20005b34    00000136                                   : fd_div_t2.asm.obj (.text)
                  20005c6a    00000002     --HOLE-- [fill = 0]
                  20005c6c    00000124                                   : _printfi.c.obj (.text:fcvt)
                  20005d90    00000110                                   : s_scalbn.c.obj (.text:scalbn)
                  20005ea0    00000100                                   : memory.c.obj (.text:aligned_alloc)
                  20005fa0    000000fc                                   : fd_mul_t2.asm.obj (.text)
                  2000609c    000000e4                                   : memory.c.obj (.text:free)
                  20006180    000000e4                                   : memory.c.obj (.text:realloc)
                  20006264    000000e2     pin_mux_config.obj (.text)
                  20006346    00000002     --HOLE-- [fill = 0]
                  20006348    000000b1     rtsv7M4_T_le_v4SPD16_eabi.lib : _printfi.c.obj (.text:_ltostr)
                  200063f9    00000003     --HOLE-- [fill = 0]
                  200063fc    000000a8     driverlib.a : interrupt.obj (.text:IntEnable)
                  200064a4    0000009c     rtsv7M4_T_le_v4SPD16_eabi.lib : memcpy_t2.asm.obj (.text)
                  20006540    00000096                                   : ull_div_t2.asm.obj (.text)
                  200065d6    00000002     --HOLE-- [fill = 0]
                  200065d8    00000094     driverlib.a : prcm.obj (.text:PRCMPeripheralClockGet)
                  2000666c    00000088                 : pin.obj (.text:PinConfigSet)
                  200066f4    00000086     rtsv7M4_T_le_v4SPD16_eabi.lib : fd_cmp_t2.asm.obj (.text:__aeabi_cdcmple)
                  2000677a    00000086                                   : fd_cmp_t2.asm.obj (.text:__aeabi_cdrcmple)
                  20006800    00000082     driverlib.a : gpio.obj (.text:GPIOIntTypeSet)
                  20006882    0000007a     rtsv7M4_T_le_v4SPD16_eabi.lib : memset_t2.asm.obj (.text)
                  200068fc    00000076     driverlib.a : uart.obj (.text:UARTConfigSetExpClk)
                  20006972    00000002     --HOLE-- [fill = 0]
                  20006974    00000070     rtsv7M4_T_le_v4SPD16_eabi.lib : memory.c.obj (.text:split)
                  200069e4    0000006e                                   : _printfi.c.obj (.text:_mcpy)
                  20006a52    00000068                                   : copy_decompress_lzss.c.obj (.text:decompress:lzss:__TI_decompress_lzss)
                  20006aba    00000002     --HOLE-- [fill = 0]
                  20006abc    00000064                                   : s_frexp.c.obj (.text:frexp)
                  20006b20    00000058     driverlib.a : prcm.obj (.text:PRCMPeripheralReset)
                  20006b78    00000056     rtsv7M4_T_le_v4SPD16_eabi.lib : _printfi.c.obj (.text:_pconv_f)
                  20006bce    00000054                                   : _ltoa.c.obj (.text:__TI_ltoa)
                  20006c22    00000052                                   : _printfi.c.obj (.text:_ecpy)
                  20006c74    0000004c                                   : atoi.c.obj (.text:atoi)
                  20006cc0    00000048     driverlib.a : gpio.obj (.text:GPIOGetIntNumber)
                  20006d08    00000048     rtsv7M4_T_le_v4SPD16_eabi.lib : fd_toi_t2.asm.obj (.text)
                  20006d50    00000044                                   : autoinit.c.obj (.text:__TI_auto_init_nobinit_nopinit:__TI_auto_init_nobinit_nopinit)
                  20006d94    00000040     driverlib.a : pin.obj (.text:PinModeSet)
                  20006dd4    00000040     rtsv7M4_T_le_v4SPD16_eabi.lib : vsnprintf.c.obj (.text:vsnprintf)
                  20006e14    0000003e                                   : _printfi.c.obj (.text:_fcpy)
                  20006e52    00000002     --HOLE-- [fill = 0]
                  20006e54    0000003c     driverlib.a : prcm.obj (.text:PRCMPeripheralClkEnable)
                  20006e90    00000036                 : gpio.obj (.text:GPIODirModeSet)
                  20006ec6    00000002     --HOLE-- [fill = 0]
                  20006ec8    00000034     rtsv7M4_T_le_v4SPD16_eabi.lib : boot_cortex_m.c.obj (.text:_c_int00_noargs:_c_int00_noargs)
                  20006efc    00000030     driverlib.a : pin.obj (.text:PinTypeGPIO)
                  20006f2c    00000030                 : uart.obj (.text:UARTDisable)
                  20006f5c    00000030     rtsv7M4_T_le_v4SPD16_eabi.lib : vsnprintf.c.obj (.text:_outs)
                  20006f8c    0000002e                                   : i_tofd_t2.asm.obj (.text)
                  20006fba    00000002     --HOLE-- [fill = 0]
                  20006fbc    0000002c     driverlib.a : prcm.obj (.text:PRCMSysResetCauseGet)
                  20006fe8    00000028                 : prcm.obj (.text:PRCMPeripheralClkDisable)
                  20007010    00000028     rtsv7M4_T_le_v4SPD16_eabi.lib : memory.c.obj (.text:free_list_insert)
                  20007038    00000028                                   : memmov.c.obj (.text:memmove)
                  20007060    00000024     driverlib.a : uart.obj (.text:UARTEnable)
                  20007084    00000022                 : gpio.obj (.text:GPIOIntStatus)
                  200070a6    00000002     --HOLE-- [fill = 0]
                  200070a8    00000020                 : interrupt.obj (.text:IntRegister)
                  200070c8    0000001e                 : gpio.obj (.text:GPIOIntRegister)
                  200070e6    0000001e                 : uart.obj (.text:UARTCharPut)
                  20007104    0000001c                 : uart.obj (.text:UARTCharGetNonBlocking)
                  20007120    0000001c     rtsv7M4_T_le_v4SPD16_eabi.lib : copy_zero_init.c.obj (.text:decompress:ZI:__TI_zero_init_nomemset:__TI_zero_init_nomemset)
                  2000713c    0000001c                                   : memory.c.obj (.text:free_list_remove)
                  20007158    0000001c                                   : memccpy.c.obj (.text:memccpy)
                  20007174    0000001a     driverlib.a : gpio.obj (.text:GPIOIntEnable)
                  2000718e    0000001a                 : pin.obj (.text:PinTypeUART)
                  200071a8    0000001a     rtsv7M4_T_le_v4SPD16_eabi.lib : s_copysign.c.obj (.text:copysign)
                  200071c2    00000018     driverlib.a : uart.obj (.text:UARTCharsAvail)
                  200071da    00000018     rtsv7M4_T_le_v4SPD16_eabi.lib : vsnprintf.c.obj (.text:_outc)
                  200071f2    00000016     driverlib.a : prcm.obj (.text:PRCMHIBRegRead)
                  20007208    00000016                 : prcm.obj (.text:PRCMHIBRegWrite)
                  2000721e    00000016     rtsv7M4_T_le_v4SPD16_eabi.lib : strchr.c.obj (.text:strchr)
                  20007234    00000014     driverlib.a : cpu.obj (.text:CPUcpsie)
                  20007248    00000014                 : gpio.obj (.text:GPIOIntClear)
                  2000725c    00000014                 : interrupt.obj (.text:IntVTableBaseSet)
                  20007270    00000014     rtsv7M4_T_le_v4SPD16_eabi.lib : strlen.c.obj (.text:strlen)
                  20007284    00000012                                   : wcslen.c.obj (.text:wcslen)
                  20007296    0000000e                                   : copy_decompress_none.c.obj (.text:decompress:none:__TI_decompress_none)
                  200072a4    0000000e     startup_ccs.obj (.text)
                  200072b2    0000000a     driverlib.a : interrupt.obj (.text:IntMasterEnable)
                  200072bc    00000008     rtsv7M4_T_le_v4SPD16_eabi.lib : errno.c.obj (.text:__aeabi_errno_addr)
                  200072c4    00000008                                   : memory.c.obj (.text:malloc)
                  200072cc    00000006     driverlib.a : utils.obj (.text:UtilsDelay)
                  200072d2    00000004     rtsv7M4_T_le_v4SPD16_eabi.lib : pre_init.c.obj (.text:_system_pre_init)
                  200072d6    00000004                                   : exit.c.obj (.text:abort:abort)

.const     0    200072dc    000002c4     
                  200072dc    00000101     rtsv7M4_T_le_v4SPD16_eabi.lib : ctype.c.obj (.const:.string:_ctypes_)
                  200073dd    00000003     --HOLE-- [fill = 0]
                  200073e0    00000100     driverlib.a : pin.obj (.const:g_ulPinToPadMap)
                  200074e0    000000a8                 : prcm.obj (.const:PRCM_PeriphRegsList)
                  20007588    00000018                 : interrupt.obj (.const:g_pulEnRegs)

.cinit     0    200075a0    00000038     
                  200075a0    00000014     (.cinit..data.load) [load image, compression = lzss]
                  200075b4    0000000c     (__TI_handler_table)
                  200075c0    00000008     (.cinit..bss.load) [load image, compression = zero_init]
                  200075c8    00000010     (__TI_cinit_table)

.sysmem    0    2001d000    00000800     UNINITIALIZED
                  2001d000    00000010     rtsv7M4_T_le_v4SPD16_eabi.lib : memory.c.obj (.sysmem)
                  2001d010    000007f0     --HOLE--

.data      0    2001d800    0000001c     UNINITIALIZED
                  2001d800    00000008     rtsv7M4_T_le_v4SPD16_eabi.lib : _lock.c.obj (.data:$O1$$)
                  2001d808    00000008                                   : memory.c.obj (.data:$O1$$)
                  2001d810    00000008     main.obj (.data:our_input)
                  2001d818    00000004     rtsv7M4_T_le_v4SPD16_eabi.lib : errno.c.obj (.data)

.bss       0    2001d81c    00000009     UNINITIALIZED
                  2001d81c    00000004     uart_if.obj (.bss)
                  2001d820    00000004     (.common:SW2_intcount)
                  2001d824    00000001     (.common:SW2_intflag)

.stack     0    2003f800    00000800     UNINITIALIZED
                  2003f800    00000004     rtsv7M4_T_le_v4SPD16_eabi.lib : boot_cortex_m.c.obj (.stack)
                  2003f804    000007fc     --HOLE--

__llvm_prf_cnts 
*          0    2001d000    00000000     UNINITIALIZED

MODULE SUMMARY

       Module                       code    ro data   rw data
       ------                       ----    -------   -------
    ./
       startup_ccs.obj              14      1024      0      
       uart_if.obj                  636     0         4      
       main.obj                     444     0         13     
       pin_mux_config.obj           226     0         0      
    +--+----------------------------+-------+---------+---------+
       Total:                       1320    1024      17     
                                                             
    /Applications/TI/ccs/tools/compiler/ti-cgt-arm_20.2.7.LTS/lib/rtsv7M4_T_le_v4SPD16_eabi.lib
       _printfi.c.obj               4851    0         0      
       memory.c.obj                 900     0         8      
       fd_add_t2.asm.obj            438     0         0      
       fd_div_t2.asm.obj            310     0         0      
       s_scalbn.c.obj               272     0         0      
       fd_cmp_t2.asm.obj            268     0         0      
       ctype.c.obj                  0       257       0      
       fd_mul_t2.asm.obj            252     0         0      
       memcpy_t2.asm.obj            156     0         0      
       ull_div_t2.asm.obj           150     0         0      
       vsnprintf.c.obj              136     0         0      
       memset_t2.asm.obj            122     0         0      
       copy_decompress_lzss.c.obj   104     0         0      
       s_frexp.c.obj                100     0         0      
       _ltoa.c.obj                  84      0         0      
       atoi.c.obj                   76      0         0      
       fd_toi_t2.asm.obj            72      0         0      
       autoinit.c.obj               68      0         0      
       boot_cortex_m.c.obj          52      0         0      
       i_tofd_t2.asm.obj            46      0         0      
       memmov.c.obj                 40      0         0      
       copy_zero_init.c.obj         28      0         0      
       memccpy.c.obj                28      0         0      
       s_copysign.c.obj             26      0         0      
       strchr.c.obj                 22      0         0      
       strlen.c.obj                 20      0         0      
       wcslen.c.obj                 18      0         0      
       copy_decompress_none.c.obj   14      0         0      
       errno.c.obj                  8       0         4      
       _lock.c.obj                  2       0         8      
       exit.c.obj                   4       0         0      
       pre_init.c.obj               4       0         0      
       div0.asm.obj                 2       0         0      
    +--+----------------------------+-------+---------+---------+
       Total:                       8673    257       20     
                                                             
    /Applications/TI/lib/cc3200sdk_1.5.0/cc3200-sdk/driverlib/ccs/Release/driverlib.a
       prcm.obj                     800     168       0      
       pin.obj                      274     256       0      
       gpio.obj                     366     0         0      
       uart.obj                     284     0         0      
       interrupt.obj                230     24        0      
       cpu.obj                      20      0         0      
       utils.obj                    6       0         0      
    +--+----------------------------+-------+---------+---------+
       Total:                       1980    448       0      
                                                             
       Heap:                        0       0         2048   
       Stack:                       0       0         2048   
       Linker Generated:            0       56        0      
    +--+----------------------------+-------+---------+---------+
       Grand Total:                 11973   1785      4133   


LINKER GENERATED COPY TABLES

__TI_cinit_table @ 200075c8 records: 2, size/record: 8, table size: 16
	.data: load addr=200075a0, load size=00000014 bytes, run addr=2001d800, run size=0000001c bytes, compression=lzss
	.bss: load addr=200075c0, load size=00000008 bytes, run addr=2001d81c, run size=00000009 bytes, compression=zero_init


LINKER GENERATED HANDLER TABLE

__TI_handler_table @ 200075b4 records: 3, size/record: 4, table size: 12
	index: 0, handler: __TI_decompress_lzss
	index: 1, handler: __TI_decompress_none
	index: 2, handler: __TI_zero_init


GLOBAL SYMBOLS: SORTED ALPHABETICALLY BY Name 

address   name                          
-------   ----                          
200072d7  C$$EXIT                       
20007235  CPUcpsie                      
20004e91  ClearTerm                     
20004e9b  Error                         
20006e91  GPIODirModeSet                
20007249  GPIOIntClear                  
20007175  GPIOIntEnable                 
200070c9  GPIOIntRegister               
20007085  GPIOIntStatus                 
20006801  GPIOIntTypeSet                
20004ed3  GetCmd                        
20004e51  InitTerm                      
200063fd  IntEnable                     
200072b3  IntMasterEnable               
200070a9  IntRegister                   
2000725d  IntVTableBaseSet              
20004e6f  Message                       
20005881  PRCMCC3200MCUInit             
200071f3  PRCMHIBRegRead                
20007209  PRCMHIBRegWrite               
20006fe9  PRCMPeripheralClkDisable      
20006e55  PRCMPeripheralClkEnable       
200065d9  PRCMPeripheralClockGet        
20006b21  PRCMPeripheralReset           
20006fbd  PRCMSysResetCauseGet          
2000666d  PinConfigSet                  
20006d95  PinModeSet                    
20006265  PinMuxConfig                  
20006efd  PinTypeGPIO                   
2000718f  PinTypeUART                   
20005011  Report                        
200072a5  ResetISR                      
2001d820  SW2_intcount                  
2001d824  SW2_intflag                   
20004f79  TrimSpace                     
20007105  UARTCharGetNonBlocking        
200070e7  UARTCharPut                   
200071c3  UARTCharsAvail                
200068fd  UARTConfigSetExpClk           
20006f2d  UARTDisable                   
20007061  UARTEnable                    
200072cd  UtilsDelay                    
20040000  __STACK_END                   
00000800  __STACK_SIZE                  
00000800  __SYSMEM_SIZE                 
200075c8  __TI_CINIT_Base               
200075d8  __TI_CINIT_Limit              
200075b4  __TI_Handler_Table_Base       
200075c0  __TI_Handler_Table_Limit      
20006d51  __TI_auto_init_nobinit_nopinit
20006a53  __TI_decompress_lzss          
20007297  __TI_decompress_none          
20006bcf  __TI_ltoa                     
ffffffff  __TI_pprof_out_hndl           
20004401  __TI_printfi                  
ffffffff  __TI_prof_data_size           
ffffffff  __TI_prof_data_start          
200075a0  __TI_static_base__            
20007121  __TI_zero_init_nomemset       
200066f5  __aeabi_cdcmpeq               
200066f5  __aeabi_cdcmple               
2000677b  __aeabi_cdrcmple              
20006d09  __aeabi_d2iz                  
200056d3  __aeabi_dadd                  
20005b35  __aeabi_ddiv                  
20005fa1  __aeabi_dmul                  
200056c9  __aeabi_dsub                  
200072bd  __aeabi_errno_addr            
20006f8d  __aeabi_i2d                   
2000587f  __aeabi_idiv0                 
2000587f  __aeabi_ldiv0                 
20006883  __aeabi_memclr                
20006883  __aeabi_memclr4               
20006883  __aeabi_memclr8               
200064a5  __aeabi_memcpy                
200064a5  __aeabi_memcpy4               
200064a5  __aeabi_memcpy8               
20006885  __aeabi_memset                
20006885  __aeabi_memset4               
20006885  __aeabi_memset8               
20006541  __aeabi_uldivmod              
ffffffff  __binit__                     
ffffffff  __c_args__                    
UNDEFED   __mpu_init                    
2003f800  __stack                       
2001d000  __start___llvm_prf_cnts       
2001d000  __stop___llvm_prf_cnts        
20006ec9  _c_int00_noargs               
200072dc  _ctypes_                      
2001d800  _lock                         
20004e4f  _nop                          
2001d000  _sys_memory                   
UNDEFED   _system_post_cinit            
200072d3  _system_pre_init              
2001d804  _unlock                       
200072d7  abort                         
20005ea1  aligned_alloc                 
20006c75  atoi                          
ffffffff  binit                         
200071a9  copysign                      
200071a9  copysignl                     
2001d818  errno                         
2000609d  free                          
20006abd  frexp                         
20006abd  frexpl                        
20004000  g_pfnVectors                  
20005d91  ldexp                         
20005d91  ldexpl                        
2000554d  main                          
200072c5  malloc                        
20005ea1  memalign                      
20007159  memccpy                       
200064a5  memcpy                        
20007039  memmove                       
2000688b  memset                        
20006181  realloc                       
20005d91  scalbn                        
20005d91  scalbnl                       
2000721f  strchr                        
20007271  strlen                        
20006dd5  vsnprintf                     
20007285  wcslen                        


GLOBAL SYMBOLS: SORTED BY Symbol Address 

address   name                          
-------   ----                          
00000800  __STACK_SIZE                  
00000800  __SYSMEM_SIZE                 
20004000  g_pfnVectors                  
20004401  __TI_printfi                  
20004e4f  _nop                          
20004e51  InitTerm                      
20004e6f  Message                       
20004e91  ClearTerm                     
20004e9b  Error                         
20004ed3  GetCmd                        
20004f79  TrimSpace                     
20005011  Report                        
2000554d  main                          
200056c9  __aeabi_dsub                  
200056d3  __aeabi_dadd                  
2000587f  __aeabi_idiv0                 
2000587f  __aeabi_ldiv0                 
20005881  PRCMCC3200MCUInit             
20005b35  __aeabi_ddiv                  
20005d91  ldexp                         
20005d91  ldexpl                        
20005d91  scalbn                        
20005d91  scalbnl                       
20005ea1  aligned_alloc                 
20005ea1  memalign                      
20005fa1  __aeabi_dmul                  
2000609d  free                          
20006181  realloc                       
20006265  PinMuxConfig                  
200063fd  IntEnable                     
200064a5  __aeabi_memcpy                
200064a5  __aeabi_memcpy4               
200064a5  __aeabi_memcpy8               
200064a5  memcpy                        
20006541  __aeabi_uldivmod              
200065d9  PRCMPeripheralClockGet        
2000666d  PinConfigSet                  
200066f5  __aeabi_cdcmpeq               
200066f5  __aeabi_cdcmple               
2000677b  __aeabi_cdrcmple              
20006801  GPIOIntTypeSet                
20006883  __aeabi_memclr                
20006883  __aeabi_memclr4               
20006883  __aeabi_memclr8               
20006885  __aeabi_memset                
20006885  __aeabi_memset4               
20006885  __aeabi_memset8               
2000688b  memset                        
200068fd  UARTConfigSetExpClk           
20006a53  __TI_decompress_lzss          
20006abd  frexp                         
20006abd  frexpl                        
20006b21  PRCMPeripheralReset           
20006bcf  __TI_ltoa                     
20006c75  atoi                          
20006d09  __aeabi_d2iz                  
20006d51  __TI_auto_init_nobinit_nopinit
20006d95  PinModeSet                    
20006dd5  vsnprintf                     
20006e55  PRCMPeripheralClkEnable       
20006e91  GPIODirModeSet                
20006ec9  _c_int00_noargs               
20006efd  PinTypeGPIO                   
20006f2d  UARTDisable                   
20006f8d  __aeabi_i2d                   
20006fbd  PRCMSysResetCauseGet          
20006fe9  PRCMPeripheralClkDisable      
20007039  memmove                       
20007061  UARTEnable                    
20007085  GPIOIntStatus                 
200070a9  IntRegister                   
200070c9  GPIOIntRegister               
200070e7  UARTCharPut                   
20007105  UARTCharGetNonBlocking        
20007121  __TI_zero_init_nomemset       
20007159  memccpy                       
20007175  GPIOIntEnable                 
2000718f  PinTypeUART                   
200071a9  copysign                      
200071a9  copysignl                     
200071c3  UARTCharsAvail                
200071f3  PRCMHIBRegRead                
20007209  PRCMHIBRegWrite               
2000721f  strchr                        
20007235  CPUcpsie                      
20007249  GPIOIntClear                  
2000725d  IntVTableBaseSet              
20007271  strlen                        
20007285  wcslen                        
20007297  __TI_decompress_none          
200072a5  ResetISR                      
200072b3  IntMasterEnable               
200072bd  __aeabi_errno_addr            
200072c5  malloc                        
200072cd  UtilsDelay                    
200072d3  _system_pre_init              
200072d7  C$$EXIT                       
200072d7  abort                         
200072dc  _ctypes_                      
200075a0  __TI_static_base__            
200075b4  __TI_Handler_Table_Base       
200075c0  __TI_Handler_Table_Limit      
200075c8  __TI_CINIT_Base               
200075d8  __TI_CINIT_Limit              
2001d000  __start___llvm_prf_cnts       
2001d000  __stop___llvm_prf_cnts        
2001d000  _sys_memory                   
2001d800  _lock                         
2001d804  _unlock                       
2001d818  errno                         
2001d820  SW2_intcount                  
2001d824  SW2_intflag                   
2003f800  __stack                       
20040000  __STACK_END                   
ffffffff  __TI_pprof_out_hndl           
ffffffff  __TI_prof_data_size           
ffffffff  __TI_prof_data_start          
ffffffff  __binit__                     
ffffffff  __c_args__                    
ffffffff  binit                         
UNDEFED   __mpu_init                    
UNDEFED   _system_post_cinit            

[122 symbols]
