<?xml version="1.0" encoding="ISO-8859-1" ?>
<link_info>
   <banner>TI ARM Linker Unix v20.2.7.LTS</banner>
   <copyright>Copyright (c) 1996-2018 Texas Instruments Incorporated</copyright>
   <link_time>0x66301f99</link_time>
   <link_errors>0x0</link_errors>
   <output_file>int_sw.out</output_file>
   <entry_point>
      <name>_c_int00_noargs</name>
      <address>0x20006ec9</address>
   </entry_point>
   <input_file_list>
      <input_file id="fl-1">
         <path>./</path>
         <kind>object</kind>
         <file>main.obj</file>
         <name>main.obj</name>
      </input_file>
      <input_file id="fl-2">
         <path>./</path>
         <kind>object</kind>
         <file>pin_mux_config.obj</file>
         <name>pin_mux_config.obj</name>
      </input_file>
      <input_file id="fl-3">
         <path>./</path>
         <kind>object</kind>
         <file>startup_ccs.obj</file>
         <name>startup_ccs.obj</name>
      </input_file>
      <input_file id="fl-4">
         <path>./</path>
         <kind>object</kind>
         <file>uart_if.obj</file>
         <name>uart_if.obj</name>
      </input_file>
      <input_file id="fl-9">
         <kind>object</kind>
         <file>&lt;internal&gt;</file>
         <name>&lt;internal&gt;</name>
      </input_file>
      <input_file id="fl-bf">
         <path>/Applications/TI/ccs/tools/compiler/ti-cgt-arm_20.2.7.LTS/lib/</path>
         <kind>archive</kind>
         <file>rtsv7M4_T_le_v4SPD16_eabi.lib</file>
         <name>vsnprintf.c.obj</name>
      </input_file>
      <input_file id="fl-c0">
         <path>/Applications/TI/ccs/tools/compiler/ti-cgt-arm_20.2.7.LTS/lib/</path>
         <kind>archive</kind>
         <file>rtsv7M4_T_le_v4SPD16_eabi.lib</file>
         <name>memcpy_t2.asm.obj</name>
      </input_file>
      <input_file id="fl-c1">
         <path>/Applications/TI/ccs/tools/compiler/ti-cgt-arm_20.2.7.LTS/lib/</path>
         <kind>archive</kind>
         <file>rtsv7M4_T_le_v4SPD16_eabi.lib</file>
         <name>copy_zero_init.c.obj</name>
      </input_file>
      <input_file id="fl-c2">
         <path>/Applications/TI/ccs/tools/compiler/ti-cgt-arm_20.2.7.LTS/lib/</path>
         <kind>archive</kind>
         <file>rtsv7M4_T_le_v4SPD16_eabi.lib</file>
         <name>copy_decompress_none.c.obj</name>
      </input_file>
      <input_file id="fl-c3">
         <path>/Applications/TI/ccs/tools/compiler/ti-cgt-arm_20.2.7.LTS/lib/</path>
         <kind>archive</kind>
         <file>rtsv7M4_T_le_v4SPD16_eabi.lib</file>
         <name>copy_decompress_lzss.c.obj</name>
      </input_file>
      <input_file id="fl-c4">
         <path>/Applications/TI/ccs/tools/compiler/ti-cgt-arm_20.2.7.LTS/lib/</path>
         <kind>archive</kind>
         <file>rtsv7M4_T_le_v4SPD16_eabi.lib</file>
         <name>memmov.c.obj</name>
      </input_file>
      <input_file id="fl-c5">
         <path>/Applications/TI/ccs/tools/compiler/ti-cgt-arm_20.2.7.LTS/lib/</path>
         <kind>archive</kind>
         <file>rtsv7M4_T_le_v4SPD16_eabi.lib</file>
         <name>memory.c.obj</name>
      </input_file>
      <input_file id="fl-c6">
         <path>/Applications/TI/ccs/tools/compiler/ti-cgt-arm_20.2.7.LTS/lib/</path>
         <kind>archive</kind>
         <file>rtsv7M4_T_le_v4SPD16_eabi.lib</file>
         <name>strlen.c.obj</name>
      </input_file>
      <input_file id="fl-c7">
         <path>/Applications/TI/ccs/tools/compiler/ti-cgt-arm_20.2.7.LTS/lib/</path>
         <kind>archive</kind>
         <file>rtsv7M4_T_le_v4SPD16_eabi.lib</file>
         <name>boot_cortex_m.c.obj</name>
      </input_file>
      <input_file id="fl-c8">
         <path>/Applications/TI/ccs/tools/compiler/ti-cgt-arm_20.2.7.LTS/lib/</path>
         <kind>archive</kind>
         <file>rtsv7M4_T_le_v4SPD16_eabi.lib</file>
         <name>_printfi.c.obj</name>
      </input_file>
      <input_file id="fl-c9">
         <path>/Applications/TI/ccs/tools/compiler/ti-cgt-arm_20.2.7.LTS/lib/</path>
         <kind>archive</kind>
         <file>rtsv7M4_T_le_v4SPD16_eabi.lib</file>
         <name>fd_add_t2.asm.obj</name>
      </input_file>
      <input_file id="fl-ca">
         <path>/Applications/TI/ccs/tools/compiler/ti-cgt-arm_20.2.7.LTS/lib/</path>
         <kind>archive</kind>
         <file>rtsv7M4_T_le_v4SPD16_eabi.lib</file>
         <name>fd_cmp_t2.asm.obj</name>
      </input_file>
      <input_file id="fl-cb">
         <path>/Applications/TI/ccs/tools/compiler/ti-cgt-arm_20.2.7.LTS/lib/</path>
         <kind>archive</kind>
         <file>rtsv7M4_T_le_v4SPD16_eabi.lib</file>
         <name>fd_div_t2.asm.obj</name>
      </input_file>
      <input_file id="fl-cc">
         <path>/Applications/TI/ccs/tools/compiler/ti-cgt-arm_20.2.7.LTS/lib/</path>
         <kind>archive</kind>
         <file>rtsv7M4_T_le_v4SPD16_eabi.lib</file>
         <name>fd_mul_t2.asm.obj</name>
      </input_file>
      <input_file id="fl-cd">
         <path>/Applications/TI/ccs/tools/compiler/ti-cgt-arm_20.2.7.LTS/lib/</path>
         <kind>archive</kind>
         <file>rtsv7M4_T_le_v4SPD16_eabi.lib</file>
         <name>fd_toi_t2.asm.obj</name>
      </input_file>
      <input_file id="fl-ce">
         <path>/Applications/TI/ccs/tools/compiler/ti-cgt-arm_20.2.7.LTS/lib/</path>
         <kind>archive</kind>
         <file>rtsv7M4_T_le_v4SPD16_eabi.lib</file>
         <name>i_tofd_t2.asm.obj</name>
      </input_file>
      <input_file id="fl-cf">
         <path>/Applications/TI/ccs/tools/compiler/ti-cgt-arm_20.2.7.LTS/lib/</path>
         <kind>archive</kind>
         <file>rtsv7M4_T_le_v4SPD16_eabi.lib</file>
         <name>memset_t2.asm.obj</name>
      </input_file>
      <input_file id="fl-d0">
         <path>/Applications/TI/ccs/tools/compiler/ti-cgt-arm_20.2.7.LTS/lib/</path>
         <kind>archive</kind>
         <file>rtsv7M4_T_le_v4SPD16_eabi.lib</file>
         <name>ull_div_t2.asm.obj</name>
      </input_file>
      <input_file id="fl-d1">
         <path>/Applications/TI/ccs/tools/compiler/ti-cgt-arm_20.2.7.LTS/lib/</path>
         <kind>archive</kind>
         <file>rtsv7M4_T_le_v4SPD16_eabi.lib</file>
         <name>autoinit.c.obj</name>
      </input_file>
      <input_file id="fl-d2">
         <path>/Applications/TI/ccs/tools/compiler/ti-cgt-arm_20.2.7.LTS/lib/</path>
         <kind>archive</kind>
         <file>rtsv7M4_T_le_v4SPD16_eabi.lib</file>
         <name>pre_init.c.obj</name>
      </input_file>
      <input_file id="fl-d3">
         <path>/Applications/TI/ccs/tools/compiler/ti-cgt-arm_20.2.7.LTS/lib/</path>
         <kind>archive</kind>
         <file>rtsv7M4_T_le_v4SPD16_eabi.lib</file>
         <name>cpy_tbl.c.obj</name>
      </input_file>
      <input_file id="fl-d4">
         <path>/Applications/TI/ccs/tools/compiler/ti-cgt-arm_20.2.7.LTS/lib/</path>
         <kind>archive</kind>
         <file>rtsv7M4_T_le_v4SPD16_eabi.lib</file>
         <name>exit.c.obj</name>
      </input_file>
      <input_file id="fl-d5">
         <path>/Applications/TI/ccs/tools/compiler/ti-cgt-arm_20.2.7.LTS/lib/</path>
         <kind>archive</kind>
         <file>rtsv7M4_T_le_v4SPD16_eabi.lib</file>
         <name>_lock.c.obj</name>
      </input_file>
      <input_file id="fl-d6">
         <path>/Applications/TI/ccs/tools/compiler/ti-cgt-arm_20.2.7.LTS/lib/</path>
         <kind>archive</kind>
         <file>rtsv7M4_T_le_v4SPD16_eabi.lib</file>
         <name>_ltoa.c.obj</name>
      </input_file>
      <input_file id="fl-d7">
         <path>/Applications/TI/ccs/tools/compiler/ti-cgt-arm_20.2.7.LTS/lib/</path>
         <kind>archive</kind>
         <file>rtsv7M4_T_le_v4SPD16_eabi.lib</file>
         <name>args_main.c.obj</name>
      </input_file>
      <input_file id="fl-d8">
         <path>/Applications/TI/ccs/tools/compiler/ti-cgt-arm_20.2.7.LTS/lib/</path>
         <kind>archive</kind>
         <file>rtsv7M4_T_le_v4SPD16_eabi.lib</file>
         <name>atoi.c.obj</name>
      </input_file>
      <input_file id="fl-d9">
         <path>/Applications/TI/ccs/tools/compiler/ti-cgt-arm_20.2.7.LTS/lib/</path>
         <kind>archive</kind>
         <file>rtsv7M4_T_le_v4SPD16_eabi.lib</file>
         <name>ctype.c.obj</name>
      </input_file>
      <input_file id="fl-da">
         <path>/Applications/TI/ccs/tools/compiler/ti-cgt-arm_20.2.7.LTS/lib/</path>
         <kind>archive</kind>
         <file>rtsv7M4_T_le_v4SPD16_eabi.lib</file>
         <name>memccpy.c.obj</name>
      </input_file>
      <input_file id="fl-db">
         <path>/Applications/TI/ccs/tools/compiler/ti-cgt-arm_20.2.7.LTS/lib/</path>
         <kind>archive</kind>
         <file>rtsv7M4_T_le_v4SPD16_eabi.lib</file>
         <name>strchr.c.obj</name>
      </input_file>
      <input_file id="fl-dc">
         <path>/Applications/TI/ccs/tools/compiler/ti-cgt-arm_20.2.7.LTS/lib/</path>
         <kind>archive</kind>
         <file>rtsv7M4_T_le_v4SPD16_eabi.lib</file>
         <name>errno.c.obj</name>
      </input_file>
      <input_file id="fl-dd">
         <path>/Applications/TI/ccs/tools/compiler/ti-cgt-arm_20.2.7.LTS/lib/</path>
         <kind>archive</kind>
         <file>rtsv7M4_T_le_v4SPD16_eabi.lib</file>
         <name>wcslen.c.obj</name>
      </input_file>
      <input_file id="fl-de">
         <path>/Applications/TI/ccs/tools/compiler/ti-cgt-arm_20.2.7.LTS/lib/</path>
         <kind>archive</kind>
         <file>rtsv7M4_T_le_v4SPD16_eabi.lib</file>
         <name>s_frexp.c.obj</name>
      </input_file>
      <input_file id="fl-df">
         <path>/Applications/TI/ccs/tools/compiler/ti-cgt-arm_20.2.7.LTS/lib/</path>
         <kind>archive</kind>
         <file>rtsv7M4_T_le_v4SPD16_eabi.lib</file>
         <name>s_scalbn.c.obj</name>
      </input_file>
      <input_file id="fl-e0">
         <path>/Applications/TI/ccs/tools/compiler/ti-cgt-arm_20.2.7.LTS/lib/</path>
         <kind>archive</kind>
         <file>rtsv7M4_T_le_v4SPD16_eabi.lib</file>
         <name>div0.asm.obj</name>
      </input_file>
      <input_file id="fl-e1">
         <path>/Applications/TI/ccs/tools/compiler/ti-cgt-arm_20.2.7.LTS/lib/</path>
         <kind>archive</kind>
         <file>rtsv7M4_T_le_v4SPD16_eabi.lib</file>
         <name>s_copysign.c.obj</name>
      </input_file>
      <input_file id="fl-e2">
         <path>/Applications/TI/lib/cc3200sdk_1.5.0/cc3200-sdk/driverlib/ccs/Release/</path>
         <kind>archive</kind>
         <file>driverlib.a</file>
         <name>gpio.obj</name>
      </input_file>
      <input_file id="fl-e3">
         <path>/Applications/TI/lib/cc3200sdk_1.5.0/cc3200-sdk/driverlib/ccs/Release/</path>
         <kind>archive</kind>
         <file>driverlib.a</file>
         <name>interrupt.obj</name>
      </input_file>
      <input_file id="fl-e4">
         <path>/Applications/TI/lib/cc3200sdk_1.5.0/cc3200-sdk/driverlib/ccs/Release/</path>
         <kind>archive</kind>
         <file>driverlib.a</file>
         <name>pin.obj</name>
      </input_file>
      <input_file id="fl-e5">
         <path>/Applications/TI/lib/cc3200sdk_1.5.0/cc3200-sdk/driverlib/ccs/Release/</path>
         <kind>archive</kind>
         <file>driverlib.a</file>
         <name>prcm.obj</name>
      </input_file>
      <input_file id="fl-e6">
         <path>/Applications/TI/lib/cc3200sdk_1.5.0/cc3200-sdk/driverlib/ccs/Release/</path>
         <kind>archive</kind>
         <file>driverlib.a</file>
         <name>uart.obj</name>
      </input_file>
      <input_file id="fl-e7">
         <path>/Applications/TI/lib/cc3200sdk_1.5.0/cc3200-sdk/driverlib/ccs/Release/</path>
         <kind>archive</kind>
         <file>driverlib.a</file>
         <name>utils.obj</name>
      </input_file>
      <input_file id="fl-e8">
         <path>/Applications/TI/lib/cc3200sdk_1.5.0/cc3200-sdk/driverlib/ccs/Release/</path>
         <kind>archive</kind>
         <file>driverlib.a</file>
         <name>cpu.obj</name>
      </input_file>
      <input_file id="fl-e9">
         <path>/Applications/TI/lib/cc3200sdk_1.5.0/cc3200-sdk/driverlib/ccs/Release/</path>
         <kind>archive</kind>
         <file>driverlib.a</file>
         <name>flash.obj</name>
      </input_file>
   </input_file_list>
   <object_component_list>
      <object_component id="oc-12">
         <name>.intvecs</name>
         <load_address>0x20004000</load_address>
         <run_address>0x20004000</run_address>
         <size>0x400</size>
         <input_file_ref idref="fl-3"/>
      </object_component>
      <object_component id="oc-258">
         <name>.text:__TI_printfi</name>
         <load_address>0x20004400</load_address>
         <run_address>0x20004400</run_address>
         <size>0xa4e</size>
         <input_file_ref idref="fl-c8"/>
      </object_component>
      <object_component id="oc-2ab">
         <name>.text:_nop</name>
         <load_address>0x20004e4e</load_address>
         <run_address>0x20004e4e</run_address>
         <size>0x2</size>
         <input_file_ref idref="fl-d5"/>
      </object_component>
      <object_component id="oc-ef">
         <name>.text</name>
         <load_address>0x20004e50</load_address>
         <run_address>0x20004e50</run_address>
         <size>0x27c</size>
         <input_file_ref idref="fl-4"/>
      </object_component>
      <object_component id="oc-2fe">
         <name>.text:_pconv_a</name>
         <load_address>0x200050cc</load_address>
         <run_address>0x200050cc</run_address>
         <size>0x270</size>
         <input_file_ref idref="fl-c8"/>
      </object_component>
      <object_component id="oc-2ec">
         <name>.text:_pconv_g</name>
         <load_address>0x2000533c</load_address>
         <run_address>0x2000533c</run_address>
         <size>0x1d0</size>
         <input_file_ref idref="fl-c8"/>
      </object_component>
      <object_component id="oc-97">
         <name>.text</name>
         <load_address>0x2000550c</load_address>
         <run_address>0x2000550c</run_address>
         <size>0x1bc</size>
         <input_file_ref idref="fl-1"/>
      </object_component>
      <object_component id="oc-36d">
         <name>.text</name>
         <load_address>0x200056c8</load_address>
         <run_address>0x200056c8</run_address>
         <size>0x1b6</size>
         <input_file_ref idref="fl-c9"/>
      </object_component>
      <object_component id="oc-3c1">
         <name>.text</name>
         <load_address>0x2000587e</load_address>
         <run_address>0x2000587e</run_address>
         <size>0x2</size>
         <input_file_ref idref="fl-e0"/>
      </object_component>
      <object_component id="oc-e3">
         <name>.text:PRCMCC3200MCUInit</name>
         <load_address>0x20005880</load_address>
         <run_address>0x20005880</run_address>
         <size>0x178</size>
         <input_file_ref idref="fl-e5"/>
      </object_component>
      <object_component id="oc-2f8">
         <name>.text:_pconv_e</name>
         <load_address>0x200059f8</load_address>
         <run_address>0x200059f8</run_address>
         <size>0x13c</size>
         <input_file_ref idref="fl-c8"/>
      </object_component>
      <object_component id="oc-353">
         <name>.text</name>
         <load_address>0x20005b34</load_address>
         <run_address>0x20005b34</run_address>
         <size>0x136</size>
         <input_file_ref idref="fl-cb"/>
      </object_component>
      <object_component id="oc-37f">
         <name>.text:fcvt</name>
         <load_address>0x20005c6c</load_address>
         <run_address>0x20005c6c</run_address>
         <size>0x124</size>
         <input_file_ref idref="fl-c8"/>
      </object_component>
      <object_component id="oc-393">
         <name>.text:scalbn</name>
         <load_address>0x20005d90</load_address>
         <run_address>0x20005d90</run_address>
         <size>0x110</size>
         <input_file_ref idref="fl-df"/>
      </object_component>
      <object_component id="oc-27c">
         <name>.text:aligned_alloc</name>
         <load_address>0x20005ea0</load_address>
         <run_address>0x20005ea0</run_address>
         <size>0x100</size>
         <input_file_ref idref="fl-c5"/>
      </object_component>
      <object_component id="oc-34e">
         <name>.text</name>
         <load_address>0x20005fa0</load_address>
         <run_address>0x20005fa0</run_address>
         <size>0xfc</size>
         <input_file_ref idref="fl-cc"/>
      </object_component>
      <object_component id="oc-1da">
         <name>.text:free</name>
         <load_address>0x2000609c</load_address>
         <run_address>0x2000609c</run_address>
         <size>0xe4</size>
         <input_file_ref idref="fl-c5"/>
      </object_component>
      <object_component id="oc-1d4">
         <name>.text:realloc</name>
         <load_address>0x20006180</load_address>
         <run_address>0x20006180</run_address>
         <size>0xe4</size>
         <input_file_ref idref="fl-c5"/>
      </object_component>
      <object_component id="oc-e9">
         <name>.text</name>
         <load_address>0x20006264</load_address>
         <run_address>0x20006264</run_address>
         <size>0xe2</size>
         <input_file_ref idref="fl-2"/>
      </object_component>
      <object_component id="oc-2e1">
         <name>.text:_ltostr</name>
         <load_address>0x20006348</load_address>
         <run_address>0x20006348</run_address>
         <size>0xb1</size>
         <input_file_ref idref="fl-c8"/>
      </object_component>
      <object_component id="oc-dd">
         <name>.text:IntEnable</name>
         <load_address>0x200063fc</load_address>
         <run_address>0x200063fc</run_address>
         <size>0xa8</size>
         <input_file_ref idref="fl-e3"/>
      </object_component>
      <object_component id="oc-3d">
         <name>.text</name>
         <load_address>0x200064a4</load_address>
         <run_address>0x200064a4</run_address>
         <size>0x9c</size>
         <input_file_ref idref="fl-c0"/>
      </object_component>
      <object_component id="oc-347">
         <name>.text</name>
         <load_address>0x20006540</load_address>
         <run_address>0x20006540</run_address>
         <size>0x96</size>
         <input_file_ref idref="fl-d0"/>
      </object_component>
      <object_component id="oc-19e">
         <name>.text:PRCMPeripheralClockGet</name>
         <load_address>0x200065d8</load_address>
         <run_address>0x200065d8</run_address>
         <size>0x94</size>
         <input_file_ref idref="fl-e5"/>
      </object_component>
      <object_component id="oc-240">
         <name>.text:PinConfigSet</name>
         <load_address>0x2000666c</load_address>
         <run_address>0x2000666c</run_address>
         <size>0x88</size>
         <input_file_ref idref="fl-e4"/>
      </object_component>
      <object_component id="oc-2e7">
         <name>.text:__aeabi_cdcmple</name>
         <load_address>0x200066f4</load_address>
         <run_address>0x200066f4</run_address>
         <size>0x86</size>
         <input_file_ref idref="fl-ca"/>
      </object_component>
      <object_component id="oc-358">
         <name>.text:__aeabi_cdrcmple</name>
         <load_address>0x2000677a</load_address>
         <run_address>0x2000677a</run_address>
         <size>0x86</size>
         <input_file_ref idref="fl-ca"/>
      </object_component>
      <object_component id="oc-fb">
         <name>.text:GPIOIntTypeSet</name>
         <load_address>0x20006800</load_address>
         <run_address>0x20006800</run_address>
         <size>0x82</size>
         <input_file_ref idref="fl-e2"/>
      </object_component>
      <object_component id="oc-8b">
         <name>.text</name>
         <load_address>0x20006882</load_address>
         <run_address>0x20006882</run_address>
         <size>0x7a</size>
         <input_file_ref idref="fl-cf"/>
      </object_component>
      <object_component id="oc-1a4">
         <name>.text:UARTConfigSetExpClk</name>
         <load_address>0x200068fc</load_address>
         <run_address>0x200068fc</run_address>
         <size>0x76</size>
         <input_file_ref idref="fl-e6"/>
      </object_component>
      <object_component id="oc-289">
         <name>.text:split</name>
         <load_address>0x20006974</load_address>
         <run_address>0x20006974</run_address>
         <size>0x70</size>
         <input_file_ref idref="fl-c5"/>
      </object_component>
      <object_component id="oc-378">
         <name>.text:_mcpy</name>
         <load_address>0x200069e4</load_address>
         <run_address>0x200069e4</run_address>
         <size>0x6e</size>
         <input_file_ref idref="fl-c8"/>
      </object_component>
      <object_component id="oc-15">
         <name>.text:decompress:lzss:__TI_decompress_lzss</name>
         <load_address>0x20006a52</load_address>
         <run_address>0x20006a52</run_address>
         <size>0x68</size>
         <input_file_ref idref="fl-c3"/>
      </object_component>
      <object_component id="oc-38d">
         <name>.text:frexp</name>
         <load_address>0x20006abc</load_address>
         <run_address>0x20006abc</run_address>
         <size>0x64</size>
         <input_file_ref idref="fl-de"/>
      </object_component>
      <object_component id="oc-178">
         <name>.text:PRCMPeripheralReset</name>
         <load_address>0x20006b20</load_address>
         <run_address>0x20006b20</run_address>
         <size>0x58</size>
         <input_file_ref idref="fl-e5"/>
      </object_component>
      <object_component id="oc-2f2">
         <name>.text:_pconv_f</name>
         <load_address>0x20006b78</load_address>
         <run_address>0x20006b78</run_address>
         <size>0x56</size>
         <input_file_ref idref="fl-c8"/>
      </object_component>
      <object_component id="oc-362">
         <name>.text:__TI_ltoa</name>
         <load_address>0x20006bce</load_address>
         <run_address>0x20006bce</run_address>
         <size>0x54</size>
         <input_file_ref idref="fl-d6"/>
      </object_component>
      <object_component id="oc-372">
         <name>.text:_ecpy</name>
         <load_address>0x20006c22</load_address>
         <run_address>0x20006c22</run_address>
         <size>0x52</size>
         <input_file_ref idref="fl-c8"/>
      </object_component>
      <object_component id="oc-2db">
         <name>.text:atoi</name>
         <load_address>0x20006c74</load_address>
         <run_address>0x20006c74</run_address>
         <size>0x4c</size>
         <input_file_ref idref="fl-d8"/>
      </object_component>
      <object_component id="oc-1ef">
         <name>.text:GPIOGetIntNumber</name>
         <load_address>0x20006cc0</load_address>
         <run_address>0x20006cc0</run_address>
         <size>0x48</size>
         <input_file_ref idref="fl-e2"/>
      </object_component>
      <object_component id="oc-35d">
         <name>.text</name>
         <load_address>0x20006d08</load_address>
         <run_address>0x20006d08</run_address>
         <size>0x48</size>
         <input_file_ref idref="fl-cd"/>
      </object_component>
      <object_component id="oc-11b">
         <name>.text:__TI_auto_init_nobinit_nopinit:__TI_auto_init_nobinit_nopinit</name>
         <load_address>0x20006d50</load_address>
         <run_address>0x20006d50</run_address>
         <size>0x44</size>
         <input_file_ref idref="fl-d1"/>
      </object_component>
      <object_component id="oc-185">
         <name>.text:PinModeSet</name>
         <load_address>0x20006d94</load_address>
         <run_address>0x20006d94</run_address>
         <size>0x40</size>
         <input_file_ref idref="fl-e4"/>
      </object_component>
      <object_component id="oc-1b0">
         <name>.text:vsnprintf</name>
         <load_address>0x20006dd4</load_address>
         <run_address>0x20006dd4</run_address>
         <size>0x40</size>
         <input_file_ref idref="fl-bf"/>
      </object_component>
      <object_component id="oc-385">
         <name>.text:_fcpy</name>
         <load_address>0x20006e14</load_address>
         <run_address>0x20006e14</run_address>
         <size>0x3e</size>
         <input_file_ref idref="fl-c8"/>
      </object_component>
      <object_component id="oc-172">
         <name>.text:PRCMPeripheralClkEnable</name>
         <load_address>0x20006e54</load_address>
         <run_address>0x20006e54</run_address>
         <size>0x3c</size>
         <input_file_ref idref="fl-e5"/>
      </object_component>
      <object_component id="oc-191">
         <name>.text:GPIODirModeSet</name>
         <load_address>0x20006e90</load_address>
         <run_address>0x20006e90</run_address>
         <size>0x36</size>
         <input_file_ref idref="fl-e2"/>
      </object_component>
      <object_component id="oc-5b">
         <name>.text:_c_int00_noargs:_c_int00_noargs</name>
         <load_address>0x20006ec8</load_address>
         <run_address>0x20006ec8</run_address>
         <size>0x34</size>
         <input_file_ref idref="fl-c7"/>
      </object_component>
      <object_component id="oc-18b">
         <name>.text:PinTypeGPIO</name>
         <load_address>0x20006efc</load_address>
         <run_address>0x20006efc</run_address>
         <size>0x30</size>
         <input_file_ref idref="fl-e4"/>
      </object_component>
      <object_component id="oc-24a">
         <name>.text:UARTDisable</name>
         <load_address>0x20006f2c</load_address>
         <run_address>0x20006f2c</run_address>
         <size>0x30</size>
         <input_file_ref idref="fl-e6"/>
      </object_component>
      <object_component id="oc-25e">
         <name>.text:_outs</name>
         <load_address>0x20006f5c</load_address>
         <run_address>0x20006f5c</run_address>
         <size>0x30</size>
         <input_file_ref idref="fl-bf"/>
      </object_component>
      <object_component id="oc-368">
         <name>.text</name>
         <load_address>0x20006f8c</load_address>
         <run_address>0x20006f8c</run_address>
         <size>0x2e</size>
         <input_file_ref idref="fl-ce"/>
      </object_component>
      <object_component id="oc-160">
         <name>.text:PRCMSysResetCauseGet</name>
         <load_address>0x20006fbc</load_address>
         <run_address>0x20006fbc</run_address>
         <size>0x2c</size>
         <input_file_ref idref="fl-e5"/>
      </object_component>
      <object_component id="oc-17e">
         <name>.text:PRCMPeripheralClkDisable</name>
         <load_address>0x20006fe8</load_address>
         <run_address>0x20006fe8</run_address>
         <size>0x28</size>
         <input_file_ref idref="fl-e5"/>
      </object_component>
      <object_component id="oc-290">
         <name>.text:free_list_insert</name>
         <load_address>0x20007010</load_address>
         <run_address>0x20007010</run_address>
         <size>0x28</size>
         <input_file_ref idref="fl-c5"/>
      </object_component>
      <object_component id="oc-1c8">
         <name>.text:memmove</name>
         <load_address>0x20007038</load_address>
         <run_address>0x20007038</run_address>
         <size>0x28</size>
         <input_file_ref idref="fl-c4"/>
      </object_component>
      <object_component id="oc-250">
         <name>.text:UARTEnable</name>
         <load_address>0x20007060</load_address>
         <run_address>0x20007060</run_address>
         <size>0x24</size>
         <input_file_ref idref="fl-e6"/>
      </object_component>
      <object_component id="oc-c5">
         <name>.text:GPIOIntStatus</name>
         <load_address>0x20007084</load_address>
         <run_address>0x20007084</run_address>
         <size>0x22</size>
         <input_file_ref idref="fl-e2"/>
      </object_component>
      <object_component id="oc-1f5">
         <name>.text:IntRegister</name>
         <load_address>0x200070a8</load_address>
         <run_address>0x200070a8</run_address>
         <size>0x20</size>
         <input_file_ref idref="fl-e3"/>
      </object_component>
      <object_component id="oc-f5">
         <name>.text:GPIOIntRegister</name>
         <load_address>0x200070c8</load_address>
         <run_address>0x200070c8</run_address>
         <size>0x1e</size>
         <input_file_ref idref="fl-e2"/>
      </object_component>
      <object_component id="oc-1aa">
         <name>.text:UARTCharPut</name>
         <load_address>0x200070e6</load_address>
         <run_address>0x200070e6</run_address>
         <size>0x1e</size>
         <input_file_ref idref="fl-e6"/>
      </object_component>
      <object_component id="oc-1bc">
         <name>.text:UARTCharGetNonBlocking</name>
         <load_address>0x20007104</load_address>
         <run_address>0x20007104</run_address>
         <size>0x1c</size>
         <input_file_ref idref="fl-e6"/>
      </object_component>
      <object_component id="oc-49">
         <name>.text:decompress:ZI:__TI_zero_init_nomemset:__TI_zero_init_nomemset</name>
         <load_address>0x20007120</load_address>
         <run_address>0x20007120</run_address>
         <size>0x1c</size>
         <input_file_ref idref="fl-c1"/>
      </object_component>
      <object_component id="oc-283">
         <name>.text:free_list_remove</name>
         <load_address>0x2000713c</load_address>
         <run_address>0x2000713c</run_address>
         <size>0x1c</size>
         <input_file_ref idref="fl-c5"/>
      </object_component>
      <object_component id="oc-304">
         <name>.text:memccpy</name>
         <load_address>0x20007158</load_address>
         <run_address>0x20007158</run_address>
         <size>0x1c</size>
         <input_file_ref idref="fl-da"/>
      </object_component>
      <object_component id="oc-101">
         <name>.text:GPIOIntEnable</name>
         <load_address>0x20007174</load_address>
         <run_address>0x20007174</run_address>
         <size>0x1a</size>
         <input_file_ref idref="fl-e2"/>
      </object_component>
      <object_component id="oc-197">
         <name>.text:PinTypeUART</name>
         <load_address>0x2000718e</load_address>
         <run_address>0x2000718e</run_address>
         <size>0x1a</size>
         <input_file_ref idref="fl-e4"/>
      </object_component>
      <object_component id="oc-3da">
         <name>.text:copysign</name>
         <load_address>0x200071a8</load_address>
         <run_address>0x200071a8</run_address>
         <size>0x1a</size>
         <input_file_ref idref="fl-e1"/>
      </object_component>
      <object_component id="oc-1b6">
         <name>.text:UARTCharsAvail</name>
         <load_address>0x200071c2</load_address>
         <run_address>0x200071c2</run_address>
         <size>0x18</size>
         <input_file_ref idref="fl-e6"/>
      </object_component>
      <object_component id="oc-264">
         <name>.text:_outc</name>
         <load_address>0x200071da</load_address>
         <run_address>0x200071da</run_address>
         <size>0x18</size>
         <input_file_ref idref="fl-bf"/>
      </object_component>
      <object_component id="oc-166">
         <name>.text:PRCMHIBRegRead</name>
         <load_address>0x200071f2</load_address>
         <run_address>0x200071f2</run_address>
         <size>0x16</size>
         <input_file_ref idref="fl-e5"/>
      </object_component>
      <object_component id="oc-16c">
         <name>.text:PRCMHIBRegWrite</name>
         <load_address>0x20007208</load_address>
         <run_address>0x20007208</run_address>
         <size>0x16</size>
         <input_file_ref idref="fl-e5"/>
      </object_component>
      <object_component id="oc-399">
         <name>.text:strchr</name>
         <load_address>0x2000721e</load_address>
         <run_address>0x2000721e</run_address>
         <size>0x16</size>
         <input_file_ref idref="fl-db"/>
      </object_component>
      <object_component id="oc-155">
         <name>.text:CPUcpsie</name>
         <load_address>0x20007234</load_address>
         <run_address>0x20007234</run_address>
         <size>0x14</size>
         <input_file_ref idref="fl-e8"/>
      </object_component>
      <object_component id="oc-cb">
         <name>.text:GPIOIntClear</name>
         <load_address>0x20007248</load_address>
         <run_address>0x20007248</run_address>
         <size>0x14</size>
         <input_file_ref idref="fl-e2"/>
      </object_component>
      <object_component id="oc-d1">
         <name>.text:IntVTableBaseSet</name>
         <load_address>0x2000725c</load_address>
         <run_address>0x2000725c</run_address>
         <size>0x14</size>
         <input_file_ref idref="fl-e3"/>
      </object_component>
      <object_component id="oc-1c2">
         <name>.text:strlen</name>
         <load_address>0x20007270</load_address>
         <run_address>0x20007270</run_address>
         <size>0x14</size>
         <input_file_ref idref="fl-c6"/>
      </object_component>
      <object_component id="oc-30a">
         <name>.text:wcslen</name>
         <load_address>0x20007284</load_address>
         <run_address>0x20007284</run_address>
         <size>0x12</size>
         <input_file_ref idref="fl-dd"/>
      </object_component>
      <object_component id="oc-1b">
         <name>.text:decompress:none:__TI_decompress_none</name>
         <load_address>0x20007296</load_address>
         <run_address>0x20007296</run_address>
         <size>0xe</size>
         <input_file_ref idref="fl-c2"/>
      </object_component>
      <object_component id="oc-29">
         <name>.text</name>
         <load_address>0x200072a4</load_address>
         <run_address>0x200072a4</run_address>
         <size>0xe</size>
         <input_file_ref idref="fl-3"/>
      </object_component>
      <object_component id="oc-d7">
         <name>.text:IntMasterEnable</name>
         <load_address>0x200072b2</load_address>
         <run_address>0x200072b2</run_address>
         <size>0xa</size>
         <input_file_ref idref="fl-e3"/>
      </object_component>
      <object_component id="oc-310">
         <name>.text:__aeabi_errno_addr</name>
         <load_address>0x200072bc</load_address>
         <run_address>0x200072bc</run_address>
         <size>0x8</size>
         <input_file_ref idref="fl-dc"/>
      </object_component>
      <object_component id="oc-1ce">
         <name>.text:malloc</name>
         <load_address>0x200072c4</load_address>
         <run_address>0x200072c4</run_address>
         <size>0x8</size>
         <input_file_ref idref="fl-c5"/>
      </object_component>
      <object_component id="oc-232">
         <name>.text:UtilsDelay</name>
         <load_address>0x200072cc</load_address>
         <run_address>0x200072cc</run_address>
         <size>0x6</size>
         <input_file_ref idref="fl-e7"/>
      </object_component>
      <object_component id="oc-91">
         <name>.text:_system_pre_init</name>
         <load_address>0x200072d2</load_address>
         <run_address>0x200072d2</run_address>
         <size>0x4</size>
         <input_file_ref idref="fl-d2"/>
      </object_component>
      <object_component id="oc-10f">
         <name>.text:abort:abort</name>
         <load_address>0x200072d6</load_address>
         <run_address>0x200072d6</run_address>
         <size>0x4</size>
         <input_file_ref idref="fl-d4"/>
      </object_component>
      <object_component id="oc-342">
         <name>.const:.string:_ctypes_</name>
         <load_address>0x200072dc</load_address>
         <run_address>0x200072dc</run_address>
         <size>0x101</size>
         <input_file_ref idref="fl-d9"/>
      </object_component>
      <object_component id="oc-23c">
         <name>.const:g_ulPinToPadMap</name>
         <load_address>0x200073e0</load_address>
         <run_address>0x200073e0</run_address>
         <size>0x100</size>
         <input_file_ref idref="fl-e4"/>
      </object_component>
      <object_component id="oc-235">
         <name>.const:PRCM_PeriphRegsList</name>
         <load_address>0x200074e0</load_address>
         <run_address>0x200074e0</run_address>
         <size>0xa8</size>
         <input_file_ref idref="fl-e5"/>
      </object_component>
      <object_component id="oc-15c">
         <name>.const:g_pulEnRegs</name>
         <load_address>0x20007588</load_address>
         <run_address>0x20007588</run_address>
         <size>0x18</size>
         <input_file_ref idref="fl-e3"/>
      </object_component>
      <object_component id="oc-432">
         <name>.cinit..data.load</name>
         <load_address>0x200075a0</load_address>
         <run_address>0x200075a0</run_address>
         <size>0x14</size>
      </object_component>
      <object_component id="oc-430">
         <name>__TI_handler_table</name>
         <load_address>0x200075b4</load_address>
         <run_address>0x200075b4</run_address>
         <size>0xc</size>
      </object_component>
      <object_component id="oc-433">
         <name>.cinit..bss.load</name>
         <load_address>0x200075c0</load_address>
         <run_address>0x200075c0</run_address>
         <size>0x8</size>
      </object_component>
      <object_component id="oc-431">
         <name>__TI_cinit_table</name>
         <load_address>0x200075c8</load_address>
         <run_address>0x200075c8</run_address>
         <size>0x10</size>
      </object_component>
      <object_component id="oc-107">
         <name>.data:our_input</name>
         <load_address>0x2001d810</load_address>
         <run_address>0x2001d810</run_address>
         <size>0x8</size>
         <input_file_ref idref="fl-1"/>
      </object_component>
      <object_component id="oc-32a">
         <name>.data:$O1$$</name>
         <load_address>0x2001d808</load_address>
         <run_address>0x2001d808</run_address>
         <size>0x8</size>
         <input_file_ref idref="fl-c5"/>
      </object_component>
      <object_component id="oc-211">
         <name>.data:$O1$$</name>
         <load_address>0x2001d800</load_address>
         <run_address>0x2001d800</run_address>
         <size>0x8</size>
         <input_file_ref idref="fl-d5"/>
      </object_component>
      <object_component id="oc-3a9">
         <name>.data</name>
         <load_address>0x2001d818</load_address>
         <run_address>0x2001d818</run_address>
         <size>0x4</size>
         <input_file_ref idref="fl-dc"/>
      </object_component>
      <object_component id="oc-1e0">
         <name>.bss</name>
         <uninitialized>true</uninitialized>
         <run_address>0x2001d81c</run_address>
         <size>0x4</size>
         <input_file_ref idref="fl-4"/>
      </object_component>
      <object_component id="oc-10a">
         <name>.common:SW2_intcount</name>
         <uninitialized>true</uninitialized>
         <run_address>0x2001d820</run_address>
         <size>0x4</size>
      </object_component>
      <object_component id="oc-10d">
         <name>.common:SW2_intflag</name>
         <uninitialized>true</uninitialized>
         <run_address>0x2001d824</run_address>
         <size>0x1</size>
      </object_component>
      <object_component id="oc-23">
         <name>.sysmem</name>
         <uninitialized>true</uninitialized>
         <run_address>0x2001d000</run_address>
         <size>0x10</size>
         <input_file_ref idref="fl-c5"/>
      </object_component>
      <object_component id="oc-436">
         <name>.sysmem</name>
         <uninitialized>true</uninitialized>
         <run_address>0x2001d000</run_address>
         <size>0x0</size>
      </object_component>
      <object_component id="oc-26">
         <name>.stack</name>
         <uninitialized>true</uninitialized>
         <run_address>0x2003f800</run_address>
         <size>0x4</size>
         <input_file_ref idref="fl-c7"/>
      </object_component>
      <object_component id="oc-435">
         <name>.stack</name>
         <uninitialized>true</uninitialized>
         <run_address>0x2003f800</run_address>
         <size>0x0</size>
      </object_component>
      <object_component id="oc-10b">
         <name>.debug_info</name>
         <load_address>0x0</load_address>
         <run_address>0x0</run_address>
         <size>0x58c</size>
         <input_file_ref idref="fl-1"/>
      </object_component>
      <object_component id="oc-108">
         <name>.debug_info</name>
         <load_address>0x58c</load_address>
         <run_address>0x58c</run_address>
         <size>0xc9</size>
         <input_file_ref idref="fl-1"/>
      </object_component>
      <object_component id="oc-98">
         <name>.debug_info</name>
         <load_address>0x655</load_address>
         <run_address>0x655</run_address>
         <size>0x328</size>
         <input_file_ref idref="fl-1"/>
      </object_component>
      <object_component id="oc-208">
         <name>.debug_info</name>
         <load_address>0x97d</load_address>
         <run_address>0x97d</run_address>
         <size>0x26b</size>
         <input_file_ref idref="fl-1"/>
      </object_component>
      <object_component id="oc-201">
         <name>.debug_info</name>
         <load_address>0xbe8</load_address>
         <run_address>0xbe8</run_address>
         <size>0x62</size>
         <input_file_ref idref="fl-1"/>
      </object_component>
      <object_component id="oc-2d0">
         <name>.debug_info</name>
         <load_address>0xc4a</load_address>
         <run_address>0xc4a</run_address>
         <size>0x62</size>
         <input_file_ref idref="fl-1"/>
      </object_component>
      <object_component id="oc-38">
         <name>.debug_info</name>
         <load_address>0xcac</load_address>
         <run_address>0xcac</run_address>
         <size>0x84</size>
         <input_file_ref idref="fl-1"/>
      </object_component>
      <object_component id="oc-2a0">
         <name>.debug_info</name>
         <load_address>0xd30</load_address>
         <run_address>0xd30</run_address>
         <size>0x2a4</size>
         <input_file_ref idref="fl-1"/>
      </object_component>
      <object_component id="oc-14e">
         <name>.debug_info</name>
         <load_address>0xfd4</load_address>
         <run_address>0xfd4</run_address>
         <size>0x2c</size>
         <input_file_ref idref="fl-1"/>
      </object_component>
      <object_component id="oc-1e5">
         <name>.debug_info</name>
         <load_address>0x1000</load_address>
         <run_address>0x1000</run_address>
         <size>0x2c</size>
         <input_file_ref idref="fl-1"/>
      </object_component>
      <object_component id="oc-ea">
         <name>.debug_info</name>
         <load_address>0x102c</load_address>
         <run_address>0x102c</run_address>
         <size>0x306</size>
         <input_file_ref idref="fl-2"/>
      </object_component>
      <object_component id="oc-31">
         <name>.debug_info</name>
         <load_address>0x1332</load_address>
         <run_address>0x1332</run_address>
         <size>0x2c2</size>
         <input_file_ref idref="fl-3"/>
      </object_component>
      <object_component id="oc-13">
         <name>.debug_info</name>
         <load_address>0x15f4</load_address>
         <run_address>0x15f4</run_address>
         <size>0x113</size>
         <input_file_ref idref="fl-3"/>
      </object_component>
      <object_component id="oc-2a">
         <name>.debug_info</name>
         <load_address>0x1707</load_address>
         <run_address>0x1707</run_address>
         <size>0x4ca</size>
         <input_file_ref idref="fl-3"/>
      </object_component>
      <object_component id="oc-1e4">
         <name>.debug_info</name>
         <load_address>0x1bd1</load_address>
         <run_address>0x1bd1</run_address>
         <size>0x4d1</size>
         <input_file_ref idref="fl-4"/>
      </object_component>
      <object_component id="oc-1e1">
         <name>.debug_info</name>
         <load_address>0x20a2</load_address>
         <run_address>0x20a2</run_address>
         <size>0xce</size>
         <input_file_ref idref="fl-4"/>
      </object_component>
      <object_component id="oc-f0">
         <name>.debug_info</name>
         <load_address>0x2170</load_address>
         <run_address>0x2170</run_address>
         <size>0x634</size>
         <input_file_ref idref="fl-4"/>
      </object_component>
      <object_component id="oc-1ea">
         <name>.debug_info</name>
         <load_address>0x27a4</load_address>
         <run_address>0x27a4</run_address>
         <size>0x110</size>
         <input_file_ref idref="fl-4"/>
      </object_component>
      <object_component id="oc-29b">
         <name>.debug_info</name>
         <load_address>0x28b4</load_address>
         <run_address>0x28b4</run_address>
         <size>0x35</size>
         <input_file_ref idref="fl-4"/>
      </object_component>
      <object_component id="oc-26b">
         <name>.debug_info</name>
         <load_address>0x28e9</load_address>
         <run_address>0x28e9</run_address>
         <size>0x340</size>
         <input_file_ref idref="fl-bf"/>
      </object_component>
      <object_component id="oc-1b1">
         <name>.debug_info</name>
         <load_address>0x2c29</load_address>
         <run_address>0x2c29</run_address>
         <size>0x208</size>
         <input_file_ref idref="fl-bf"/>
      </object_component>
      <object_component id="oc-25f">
         <name>.debug_info</name>
         <load_address>0x2e31</load_address>
         <run_address>0x2e31</run_address>
         <size>0x1c6</size>
         <input_file_ref idref="fl-bf"/>
      </object_component>
      <object_component id="oc-265">
         <name>.debug_info</name>
         <load_address>0x2ff7</load_address>
         <run_address>0x2ff7</run_address>
         <size>0x179</size>
         <input_file_ref idref="fl-bf"/>
      </object_component>
      <object_component id="oc-26c">
         <name>.debug_info</name>
         <load_address>0x3170</load_address>
         <run_address>0x3170</run_address>
         <size>0x2c</size>
         <input_file_ref idref="fl-bf"/>
      </object_component>
      <object_component id="oc-271">
         <name>.debug_info</name>
         <load_address>0x319c</load_address>
         <run_address>0x319c</run_address>
         <size>0x69</size>
         <input_file_ref idref="fl-bf"/>
      </object_component>
      <object_component id="oc-3e">
         <name>.debug_info</name>
         <load_address>0x3205</load_address>
         <run_address>0x3205</run_address>
         <size>0x119</size>
         <input_file_ref idref="fl-c0"/>
      </object_component>
      <object_component id="oc-8a">
         <name>.debug_info</name>
         <load_address>0x331e</load_address>
         <run_address>0x331e</run_address>
         <size>0x2d4</size>
         <input_file_ref idref="fl-c1"/>
      </object_component>
      <object_component id="oc-4d">
         <name>.debug_info</name>
         <load_address>0x35f2</load_address>
         <run_address>0x35f2</run_address>
         <size>0x1d2</size>
         <input_file_ref idref="fl-c1"/>
      </object_component>
      <object_component id="oc-85">
         <name>.debug_info</name>
         <load_address>0x37c4</load_address>
         <run_address>0x37c4</run_address>
         <size>0x46</size>
         <input_file_ref idref="fl-c1"/>
      </object_component>
      <object_component id="oc-bc">
         <name>.debug_info</name>
         <load_address>0x380a</load_address>
         <run_address>0x380a</run_address>
         <size>0x2c</size>
         <input_file_ref idref="fl-c1"/>
      </object_component>
      <object_component id="oc-48">
         <name>.debug_info</name>
         <load_address>0x3836</load_address>
         <run_address>0x3836</run_address>
         <size>0x2a8</size>
         <input_file_ref idref="fl-c2"/>
      </object_component>
      <object_component id="oc-1f">
         <name>.debug_info</name>
         <load_address>0x3ade</load_address>
         <run_address>0x3ade</run_address>
         <size>0x1ea</size>
         <input_file_ref idref="fl-c2"/>
      </object_component>
      <object_component id="oc-43">
         <name>.debug_info</name>
         <load_address>0x3cc8</load_address>
         <run_address>0x3cc8</run_address>
         <size>0x46</size>
         <input_file_ref idref="fl-c2"/>
      </object_component>
      <object_component id="oc-7d">
         <name>.debug_info</name>
         <load_address>0x3d0e</load_address>
         <run_address>0x3d0e</run_address>
         <size>0x2c</size>
         <input_file_ref idref="fl-c2"/>
      </object_component>
      <object_component id="oc-7b">
         <name>.debug_info</name>
         <load_address>0x3d3a</load_address>
         <run_address>0x3d3a</run_address>
         <size>0x29e</size>
         <input_file_ref idref="fl-c3"/>
      </object_component>
      <object_component id="oc-16">
         <name>.debug_info</name>
         <load_address>0x3fd8</load_address>
         <run_address>0x3fd8</run_address>
         <size>0x250</size>
         <input_file_ref idref="fl-c3"/>
      </object_component>
      <object_component id="oc-33">
         <name>.debug_info</name>
         <load_address>0x4228</load_address>
         <run_address>0x4228</run_address>
         <size>0x60</size>
         <input_file_ref idref="fl-c3"/>
      </object_component>
      <object_component id="oc-b5">
         <name>.debug_info</name>
         <load_address>0x4288</load_address>
         <run_address>0x4288</run_address>
         <size>0x46</size>
         <input_file_ref idref="fl-c3"/>
      </object_component>
      <object_component id="oc-76">
         <name>.debug_info</name>
         <load_address>0x42ce</load_address>
         <run_address>0x42ce</run_address>
         <size>0x39</size>
         <input_file_ref idref="fl-c3"/>
      </object_component>
      <object_component id="oc-27b">
         <name>.debug_info</name>
         <load_address>0x4307</load_address>
         <run_address>0x4307</run_address>
         <size>0x2a0</size>
         <input_file_ref idref="fl-c4"/>
      </object_component>
      <object_component id="oc-1cc">
         <name>.debug_info</name>
         <load_address>0x45a7</load_address>
         <run_address>0x45a7</run_address>
         <size>0x1a9</size>
         <input_file_ref idref="fl-c4"/>
      </object_component>
      <object_component id="oc-6f">
         <name>.debug_info</name>
         <load_address>0x4750</load_address>
         <run_address>0x4750</run_address>
         <size>0x3b2</size>
         <input_file_ref idref="fl-c5"/>
      </object_component>
      <object_component id="oc-24">
         <name>.debug_info</name>
         <load_address>0x4b02</load_address>
         <run_address>0x4b02</run_address>
         <size>0x10c</size>
         <input_file_ref idref="fl-c5"/>
      </object_component>
      <object_component id="oc-32b">
         <name>.debug_info</name>
         <load_address>0x4c0e</load_address>
         <run_address>0x4c0e</run_address>
         <size>0x13f</size>
         <input_file_ref idref="fl-c5"/>
      </object_component>
      <object_component id="oc-1cf">
         <name>.debug_info</name>
         <load_address>0x4d4d</load_address>
         <run_address>0x4d4d</run_address>
         <size>0x168</size>
         <input_file_ref idref="fl-c5"/>
      </object_component>
      <object_component id="oc-284">
         <name>.debug_info</name>
         <load_address>0x4eb5</load_address>
         <run_address>0x4eb5</run_address>
         <size>0x18e</size>
         <input_file_ref idref="fl-c5"/>
      </object_component>
      <object_component id="oc-291">
         <name>.debug_info</name>
         <load_address>0x5043</load_address>
         <run_address>0x5043</run_address>
         <size>0x19f</size>
         <input_file_ref idref="fl-c5"/>
      </object_component>
      <object_component id="oc-1db">
         <name>.debug_info</name>
         <load_address>0x51e2</load_address>
         <run_address>0x51e2</run_address>
         <size>0x203</size>
         <input_file_ref idref="fl-c5"/>
      </object_component>
      <object_component id="oc-28a">
         <name>.debug_info</name>
         <load_address>0x53e5</load_address>
         <run_address>0x53e5</run_address>
         <size>0x1db</size>
         <input_file_ref idref="fl-c5"/>
      </object_component>
      <object_component id="oc-1d5">
         <name>.debug_info</name>
         <load_address>0x55c0</load_address>
         <run_address>0x55c0</run_address>
         <size>0x26e</size>
         <input_file_ref idref="fl-c5"/>
      </object_component>
      <object_component id="oc-27d">
         <name>.debug_info</name>
         <load_address>0x582e</load_address>
         <run_address>0x582e</run_address>
         <size>0x299</size>
         <input_file_ref idref="fl-c5"/>
      </object_component>
      <object_component id="oc-b0">
         <name>.debug_info</name>
         <load_address>0x5ac7</load_address>
         <run_address>0x5ac7</run_address>
         <size>0xb2</size>
         <input_file_ref idref="fl-c5"/>
      </object_component>
      <object_component id="oc-ab">
         <name>.debug_info</name>
         <load_address>0x5b79</load_address>
         <run_address>0x5b79</run_address>
         <size>0x2c</size>
         <input_file_ref idref="fl-c5"/>
      </object_component>
      <object_component id="oc-279">
         <name>.debug_info</name>
         <load_address>0x5ba5</load_address>
         <run_address>0x5ba5</run_address>
         <size>0x28f</size>
         <input_file_ref idref="fl-c6"/>
      </object_component>
      <object_component id="oc-1c3">
         <name>.debug_info</name>
         <load_address>0x5e34</load_address>
         <run_address>0x5e34</run_address>
         <size>0x245</size>
         <input_file_ref idref="fl-c6"/>
      </object_component>
      <object_component id="oc-27">
         <name>.debug_info</name>
         <load_address>0x6079</load_address>
         <run_address>0x6079</run_address>
         <size>0x10b</size>
         <input_file_ref idref="fl-c7"/>
      </object_component>
      <object_component id="oc-5c">
         <name>.debug_info</name>
         <load_address>0x6184</load_address>
         <run_address>0x6184</run_address>
         <size>0x1a9</size>
         <input_file_ref idref="fl-c7"/>
      </object_component>
      <object_component id="oc-317">
         <name>.debug_info</name>
         <load_address>0x632d</load_address>
         <run_address>0x632d</run_address>
         <size>0x590</size>
         <input_file_ref idref="fl-c8"/>
      </object_component>
      <object_component id="oc-2e5">
         <name>.debug_info</name>
         <load_address>0x68bd</load_address>
         <run_address>0x68bd</run_address>
         <size>0x21e</size>
         <input_file_ref idref="fl-c8"/>
      </object_component>
      <object_component id="oc-376">
         <name>.debug_info</name>
         <load_address>0x6adb</load_address>
         <run_address>0x6adb</run_address>
         <size>0x1b3</size>
         <input_file_ref idref="fl-c8"/>
      </object_component>
      <object_component id="oc-37c">
         <name>.debug_info</name>
         <load_address>0x6c8e</load_address>
         <run_address>0x6c8e</run_address>
         <size>0x21b</size>
         <input_file_ref idref="fl-c8"/>
      </object_component>
      <object_component id="oc-2f0">
         <name>.debug_info</name>
         <load_address>0x6ea9</load_address>
         <run_address>0x6ea9</run_address>
         <size>0x3c0</size>
         <input_file_ref idref="fl-c8"/>
      </object_component>
      <object_component id="oc-383">
         <name>.debug_info</name>
         <load_address>0x7269</load_address>
         <run_address>0x7269</run_address>
         <size>0x30a</size>
         <input_file_ref idref="fl-c8"/>
      </object_component>
      <object_component id="oc-389">
         <name>.debug_info</name>
         <load_address>0x7573</load_address>
         <run_address>0x7573</run_address>
         <size>0x215</size>
         <input_file_ref idref="fl-c8"/>
      </object_component>
      <object_component id="oc-2f6">
         <name>.debug_info</name>
         <load_address>0x7788</load_address>
         <run_address>0x7788</run_address>
         <size>0x215</size>
         <input_file_ref idref="fl-c8"/>
      </object_component>
      <object_component id="oc-2fc">
         <name>.debug_info</name>
         <load_address>0x799d</load_address>
         <run_address>0x799d</run_address>
         <size>0x304</size>
         <input_file_ref idref="fl-c8"/>
      </object_component>
      <object_component id="oc-302">
         <name>.debug_info</name>
         <load_address>0x7ca1</load_address>
         <run_address>0x7ca1</run_address>
         <size>0x4b5</size>
         <input_file_ref idref="fl-c8"/>
      </object_component>
      <object_component id="oc-25a">
         <name>.debug_info</name>
         <load_address>0x8156</load_address>
         <run_address>0x8156</run_address>
         <size>0x5f4</size>
         <input_file_ref idref="fl-c8"/>
      </object_component>
      <object_component id="oc-318">
         <name>.debug_info</name>
         <load_address>0x874a</load_address>
         <run_address>0x874a</run_address>
         <size>0x86</size>
         <input_file_ref idref="fl-c8"/>
      </object_component>
      <object_component id="oc-3b0">
         <name>.debug_info</name>
         <load_address>0x87d0</load_address>
         <run_address>0x87d0</run_address>
         <size>0x39</size>
         <input_file_ref idref="fl-c8"/>
      </object_component>
      <object_component id="oc-3f1">
         <name>.debug_info</name>
         <load_address>0x8809</load_address>
         <run_address>0x8809</run_address>
         <size>0xb6</size>
         <input_file_ref idref="fl-c8"/>
      </object_component>
      <object_component id="oc-3b5">
         <name>.debug_info</name>
         <load_address>0x88bf</load_address>
         <run_address>0x88bf</run_address>
         <size>0x46</size>
         <input_file_ref idref="fl-c8"/>
      </object_component>
      <object_component id="oc-31d">
         <name>.debug_info</name>
         <load_address>0x8905</load_address>
         <run_address>0x8905</run_address>
         <size>0x46</size>
         <input_file_ref idref="fl-c8"/>
      </object_component>
      <object_component id="oc-36e">
         <name>.debug_info</name>
         <load_address>0x894b</load_address>
         <run_address>0x894b</run_address>
         <size>0x14c</size>
         <input_file_ref idref="fl-c9"/>
      </object_component>
      <object_component id="oc-2ea">
         <name>.debug_info</name>
         <load_address>0x8a97</load_address>
         <run_address>0x8a97</run_address>
         <size>0x128</size>
         <input_file_ref idref="fl-ca"/>
      </object_component>
      <object_component id="oc-35a">
         <name>.debug_info</name>
         <load_address>0x8bbf</load_address>
         <run_address>0x8bbf</run_address>
         <size>0x12a</size>
         <input_file_ref idref="fl-ca"/>
      </object_component>
      <object_component id="oc-354">
         <name>.debug_info</name>
         <load_address>0x8ce9</load_address>
         <run_address>0x8ce9</run_address>
         <size>0x13a</size>
         <input_file_ref idref="fl-cb"/>
      </object_component>
      <object_component id="oc-34f">
         <name>.debug_info</name>
         <load_address>0x8e23</load_address>
         <run_address>0x8e23</run_address>
         <size>0x13a</size>
         <input_file_ref idref="fl-cc"/>
      </object_component>
      <object_component id="oc-35e">
         <name>.debug_info</name>
         <load_address>0x8f5d</load_address>
         <run_address>0x8f5d</run_address>
         <size>0x12e</size>
         <input_file_ref idref="fl-cd"/>
      </object_component>
      <object_component id="oc-369">
         <name>.debug_info</name>
         <load_address>0x908b</load_address>
         <run_address>0x908b</run_address>
         <size>0x12c</size>
         <input_file_ref idref="fl-ce"/>
      </object_component>
      <object_component id="oc-8c">
         <name>.debug_info</name>
         <load_address>0x91b7</load_address>
         <run_address>0x91b7</run_address>
         <size>0x147</size>
         <input_file_ref idref="fl-cf"/>
      </object_component>
      <object_component id="oc-348">
         <name>.debug_info</name>
         <load_address>0x92fe</load_address>
         <run_address>0x92fe</run_address>
         <size>0x134</size>
         <input_file_ref idref="fl-d0"/>
      </object_component>
      <object_component id="oc-218">
         <name>.debug_info</name>
         <load_address>0x9432</load_address>
         <run_address>0x9432</run_address>
         <size>0x4b3</size>
         <input_file_ref idref="fl-d1"/>
      </object_component>
      <object_component id="oc-11e">
         <name>.debug_info</name>
         <load_address>0x98e5</load_address>
         <run_address>0x98e5</run_address>
         <size>0x1a6</size>
         <input_file_ref idref="fl-d1"/>
      </object_component>
      <object_component id="oc-2b9">
         <name>.debug_info</name>
         <load_address>0x9a8b</load_address>
         <run_address>0x9a8b</run_address>
         <size>0x39</size>
         <input_file_ref idref="fl-d1"/>
      </object_component>
      <object_component id="oc-334">
         <name>.debug_info</name>
         <load_address>0x9ac4</load_address>
         <run_address>0x9ac4</run_address>
         <size>0x39</size>
         <input_file_ref idref="fl-d1"/>
      </object_component>
      <object_component id="oc-2be">
         <name>.debug_info</name>
         <load_address>0x9afd</load_address>
         <run_address>0x9afd</run_address>
         <size>0x39</size>
         <input_file_ref idref="fl-d1"/>
      </object_component>
      <object_component id="oc-2c3">
         <name>.debug_info</name>
         <load_address>0x9b36</load_address>
         <run_address>0x9b36</run_address>
         <size>0xcd</size>
         <input_file_ref idref="fl-d1"/>
      </object_component>
      <object_component id="oc-92">
         <name>.debug_info</name>
         <load_address>0x9c03</load_address>
         <run_address>0x9c03</run_address>
         <size>0x153</size>
         <input_file_ref idref="fl-d2"/>
      </object_component>
      <object_component id="oc-110">
         <name>.debug_info</name>
         <load_address>0x9d56</load_address>
         <run_address>0x9d56</run_address>
         <size>0x122</size>
         <input_file_ref idref="fl-d4"/>
      </object_component>
      <object_component id="oc-2b3">
         <name>.debug_info</name>
         <load_address>0x9e78</load_address>
         <run_address>0x9e78</run_address>
         <size>0x2c9</size>
         <input_file_ref idref="fl-d5"/>
      </object_component>
      <object_component id="oc-212">
         <name>.debug_info</name>
         <load_address>0xa141</load_address>
         <run_address>0xa141</run_address>
         <size>0x11e</size>
         <input_file_ref idref="fl-d5"/>
      </object_component>
      <object_component id="oc-2ac">
         <name>.debug_info</name>
         <load_address>0xa25f</load_address>
         <run_address>0xa25f</run_address>
         <size>0x12e</size>
         <input_file_ref idref="fl-d5"/>
      </object_component>
      <object_component id="oc-3cc">
         <name>.debug_info</name>
         <load_address>0xa38d</load_address>
         <run_address>0xa38d</run_address>
         <size>0x29c</size>
         <input_file_ref idref="fl-d6"/>
      </object_component>
      <object_component id="oc-363">
         <name>.debug_info</name>
         <load_address>0xa629</load_address>
         <run_address>0xa629</run_address>
         <size>0x1da</size>
         <input_file_ref idref="fl-d6"/>
      </object_component>
      <object_component id="oc-346">
         <name>.debug_info</name>
         <load_address>0xa803</load_address>
         <run_address>0xa803</run_address>
         <size>0x2b9</size>
         <input_file_ref idref="fl-d8"/>
      </object_component>
      <object_component id="oc-2dc">
         <name>.debug_info</name>
         <load_address>0xaabc</load_address>
         <run_address>0xaabc</run_address>
         <size>0x17c</size>
         <input_file_ref idref="fl-d8"/>
      </object_component>
      <object_component id="oc-3be">
         <name>.debug_info</name>
         <load_address>0xac38</load_address>
         <run_address>0xac38</run_address>
         <size>0xf9</size>
         <input_file_ref idref="fl-d9"/>
      </object_component>
      <object_component id="oc-343">
         <name>.debug_info</name>
         <load_address>0xad31</load_address>
         <run_address>0xad31</run_address>
         <size>0x105</size>
         <input_file_ref idref="fl-d9"/>
      </object_component>
      <object_component id="oc-3a1">
         <name>.debug_info</name>
         <load_address>0xae36</load_address>
         <run_address>0xae36</run_address>
         <size>0x2a7</size>
         <input_file_ref idref="fl-da"/>
      </object_component>
      <object_component id="oc-305">
         <name>.debug_info</name>
         <load_address>0xb0dd</load_address>
         <run_address>0xb0dd</run_address>
         <size>0x1b8</size>
         <input_file_ref idref="fl-da"/>
      </object_component>
      <object_component id="oc-3e3">
         <name>.debug_info</name>
         <load_address>0xb295</load_address>
         <run_address>0xb295</run_address>
         <size>0x29a</size>
         <input_file_ref idref="fl-db"/>
      </object_component>
      <object_component id="oc-39b">
         <name>.debug_info</name>
         <load_address>0xb52f</load_address>
         <run_address>0xb52f</run_address>
         <size>0x262</size>
         <input_file_ref idref="fl-db"/>
      </object_component>
      <object_component id="oc-3ad">
         <name>.debug_info</name>
         <load_address>0xb791</load_address>
         <run_address>0xb791</run_address>
         <size>0x289</size>
         <input_file_ref idref="fl-dc"/>
      </object_component>
      <object_component id="oc-3aa">
         <name>.debug_info</name>
         <load_address>0xba1a</load_address>
         <run_address>0xba1a</run_address>
         <size>0x10e</size>
         <input_file_ref idref="fl-dc"/>
      </object_component>
      <object_component id="oc-314">
         <name>.debug_info</name>
         <load_address>0xbb28</load_address>
         <run_address>0xbb28</run_address>
         <size>0x14e</size>
         <input_file_ref idref="fl-dc"/>
      </object_component>
      <object_component id="oc-3a8">
         <name>.debug_info</name>
         <load_address>0xbc76</load_address>
         <run_address>0xbc76</run_address>
         <size>0x28f</size>
         <input_file_ref idref="fl-dd"/>
      </object_component>
      <object_component id="oc-30b">
         <name>.debug_info</name>
         <load_address>0xbf05</load_address>
         <run_address>0xbf05</run_address>
         <size>0x15a</size>
         <input_file_ref idref="fl-dd"/>
      </object_component>
      <object_component id="oc-3e6">
         <name>.debug_info</name>
         <load_address>0xc05f</load_address>
         <run_address>0xc05f</run_address>
         <size>0x46</size>
         <input_file_ref idref="fl-dd"/>
      </object_component>
      <object_component id="oc-3a3">
         <name>.debug_info</name>
         <load_address>0xc0a5</load_address>
         <run_address>0xc0a5</run_address>
         <size>0x39</size>
         <input_file_ref idref="fl-dd"/>
      </object_component>
      <object_component id="oc-3d4">
         <name>.debug_info</name>
         <load_address>0xc0de</load_address>
         <run_address>0xc0de</run_address>
         <size>0x295</size>
         <input_file_ref idref="fl-de"/>
      </object_component>
      <object_component id="oc-390">
         <name>.debug_info</name>
         <load_address>0xc373</load_address>
         <run_address>0xc373</run_address>
         <size>0x195</size>
         <input_file_ref idref="fl-de"/>
      </object_component>
      <object_component id="oc-3fd">
         <name>.debug_info</name>
         <load_address>0xc508</load_address>
         <run_address>0xc508</run_address>
         <size>0x39</size>
         <input_file_ref idref="fl-de"/>
      </object_component>
      <object_component id="oc-3d5">
         <name>.debug_info</name>
         <load_address>0xc541</load_address>
         <run_address>0xc541</run_address>
         <size>0x2c</size>
         <input_file_ref idref="fl-de"/>
      </object_component>
      <object_component id="oc-3e1">
         <name>.debug_info</name>
         <load_address>0xc56d</load_address>
         <run_address>0xc56d</run_address>
         <size>0x2f8</size>
         <input_file_ref idref="fl-df"/>
      </object_component>
      <object_component id="oc-394">
         <name>.debug_info</name>
         <load_address>0xc865</load_address>
         <run_address>0xc865</run_address>
         <size>0x225</size>
         <input_file_ref idref="fl-df"/>
      </object_component>
      <object_component id="oc-3c2">
         <name>.debug_info</name>
         <load_address>0xca8a</load_address>
         <run_address>0xca8a</run_address>
         <size>0x115</size>
         <input_file_ref idref="fl-e0"/>
      </object_component>
      <object_component id="oc-3dd">
         <name>.debug_info</name>
         <load_address>0xcb9f</load_address>
         <run_address>0xcb9f</run_address>
         <size>0x161</size>
         <input_file_ref idref="fl-e1"/>
      </object_component>
      <object_component id="oc-1fc">
         <name>.debug_info</name>
         <load_address>0xcd00</load_address>
         <run_address>0xcd00</run_address>
         <size>0x1e0</size>
         <input_file_ref idref="fl-e2"/>
      </object_component>
      <object_component id="oc-1f0">
         <name>.debug_info</name>
         <load_address>0xcee0</load_address>
         <run_address>0xcee0</run_address>
         <size>0x19e</size>
         <input_file_ref idref="fl-e2"/>
      </object_component>
      <object_component id="oc-193">
         <name>.debug_info</name>
         <load_address>0xd07e</load_address>
         <run_address>0xd07e</run_address>
         <size>0x1dd</size>
         <input_file_ref idref="fl-e2"/>
      </object_component>
      <object_component id="oc-fc">
         <name>.debug_info</name>
         <load_address>0xd25b</load_address>
         <run_address>0xd25b</run_address>
         <size>0x1e8</size>
         <input_file_ref idref="fl-e2"/>
      </object_component>
      <object_component id="oc-102">
         <name>.debug_info</name>
         <load_address>0xd443</load_address>
         <run_address>0xd443</run_address>
         <size>0x1bf</size>
         <input_file_ref idref="fl-e2"/>
      </object_component>
      <object_component id="oc-c7">
         <name>.debug_info</name>
         <load_address>0xd602</load_address>
         <run_address>0xd602</run_address>
         <size>0x1b7</size>
         <input_file_ref idref="fl-e2"/>
      </object_component>
      <object_component id="oc-cc">
         <name>.debug_info</name>
         <load_address>0xd7b9</load_address>
         <run_address>0xd7b9</run_address>
         <size>0x1bd</size>
         <input_file_ref idref="fl-e2"/>
      </object_component>
      <object_component id="oc-f6">
         <name>.debug_info</name>
         <load_address>0xd976</load_address>
         <run_address>0xd976</run_address>
         <size>0x208</size>
         <input_file_ref idref="fl-e2"/>
      </object_component>
      <object_component id="oc-230">
         <name>.debug_info</name>
         <load_address>0xdb7e</load_address>
         <run_address>0xdb7e</run_address>
         <size>0x201</size>
         <input_file_ref idref="fl-e3"/>
      </object_component>
      <object_component id="oc-15d">
         <name>.debug_info</name>
         <load_address>0xdd7f</load_address>
         <run_address>0xdd7f</run_address>
         <size>0xf4</size>
         <input_file_ref idref="fl-e3"/>
      </object_component>
      <object_component id="oc-d8">
         <name>.debug_info</name>
         <load_address>0xde73</load_address>
         <run_address>0xde73</run_address>
         <size>0x17c</size>
         <input_file_ref idref="fl-e3"/>
      </object_component>
      <object_component id="oc-d2">
         <name>.debug_info</name>
         <load_address>0xdfef</load_address>
         <run_address>0xdfef</run_address>
         <size>0x1ae</size>
         <input_file_ref idref="fl-e3"/>
      </object_component>
      <object_component id="oc-1f6">
         <name>.debug_info</name>
         <load_address>0xe19d</load_address>
         <run_address>0xe19d</run_address>
         <size>0x1f8</size>
         <input_file_ref idref="fl-e3"/>
      </object_component>
      <object_component id="oc-de">
         <name>.debug_info</name>
         <load_address>0xe395</load_address>
         <run_address>0xe395</run_address>
         <size>0x19f</size>
         <input_file_ref idref="fl-e3"/>
      </object_component>
      <object_component id="oc-2d7">
         <name>.debug_info</name>
         <load_address>0xe534</load_address>
         <run_address>0xe534</run_address>
         <size>0x14e</size>
         <input_file_ref idref="fl-e4"/>
      </object_component>
      <object_component id="oc-23d">
         <name>.debug_info</name>
         <load_address>0xe682</load_address>
         <run_address>0xe682</run_address>
         <size>0xf6</size>
         <input_file_ref idref="fl-e4"/>
      </object_component>
      <object_component id="oc-187">
         <name>.debug_info</name>
         <load_address>0xe778</load_address>
         <run_address>0xe778</run_address>
         <size>0x1bf</size>
         <input_file_ref idref="fl-e4"/>
      </object_component>
      <object_component id="oc-243">
         <name>.debug_info</name>
         <load_address>0xe937</load_address>
         <run_address>0xe937</run_address>
         <size>0x20d</size>
         <input_file_ref idref="fl-e4"/>
      </object_component>
      <object_component id="oc-19a">
         <name>.debug_info</name>
         <load_address>0xeb44</load_address>
         <run_address>0xeb44</run_address>
         <size>0x1d4</size>
         <input_file_ref idref="fl-e4"/>
      </object_component>
      <object_component id="oc-18e">
         <name>.debug_info</name>
         <load_address>0xed18</load_address>
         <run_address>0xed18</run_address>
         <size>0x222</size>
         <input_file_ref idref="fl-e4"/>
      </object_component>
      <object_component id="oc-23a">
         <name>.debug_info</name>
         <load_address>0xef3a</load_address>
         <run_address>0xef3a</run_address>
         <size>0x25e</size>
         <input_file_ref idref="fl-e5"/>
      </object_component>
      <object_component id="oc-236">
         <name>.debug_info</name>
         <load_address>0xf198</load_address>
         <run_address>0xf198</run_address>
         <size>0xff</size>
         <input_file_ref idref="fl-e5"/>
      </object_component>
      <object_component id="oc-164">
         <name>.debug_info</name>
         <load_address>0xf297</load_address>
         <run_address>0xf297</run_address>
         <size>0x1a6</size>
         <input_file_ref idref="fl-e5"/>
      </object_component>
      <object_component id="oc-176">
         <name>.debug_info</name>
         <load_address>0xf43d</load_address>
         <run_address>0xf43d</run_address>
         <size>0x1eb</size>
         <input_file_ref idref="fl-e5"/>
      </object_component>
      <object_component id="oc-182">
         <name>.debug_info</name>
         <load_address>0xf628</load_address>
         <run_address>0xf628</run_address>
         <size>0x1ed</size>
         <input_file_ref idref="fl-e5"/>
      </object_component>
      <object_component id="oc-1a2">
         <name>.debug_info</name>
         <load_address>0xf815</load_address>
         <run_address>0xf815</run_address>
         <size>0x216</size>
         <input_file_ref idref="fl-e5"/>
      </object_component>
      <object_component id="oc-17c">
         <name>.debug_info</name>
         <load_address>0xfa2b</load_address>
         <run_address>0xfa2b</run_address>
         <size>0x1c0</size>
         <input_file_ref idref="fl-e5"/>
      </object_component>
      <object_component id="oc-e7">
         <name>.debug_info</name>
         <load_address>0xfbeb</load_address>
         <run_address>0xfbeb</run_address>
         <size>0x283</size>
         <input_file_ref idref="fl-e5"/>
      </object_component>
      <object_component id="oc-16a">
         <name>.debug_info</name>
         <load_address>0xfe6e</load_address>
         <run_address>0xfe6e</run_address>
         <size>0x1bf</size>
         <input_file_ref idref="fl-e5"/>
      </object_component>
      <object_component id="oc-170">
         <name>.debug_info</name>
         <load_address>0x1002d</load_address>
         <run_address>0x1002d</run_address>
         <size>0x1d4</size>
         <input_file_ref idref="fl-e5"/>
      </object_component>
      <object_component id="oc-1a8">
         <name>.debug_info</name>
         <load_address>0x10201</load_address>
         <run_address>0x10201</run_address>
         <size>0x25c</size>
         <input_file_ref idref="fl-e6"/>
      </object_component>
      <object_component id="oc-254">
         <name>.debug_info</name>
         <load_address>0x1045d</load_address>
         <run_address>0x1045d</run_address>
         <size>0x17e</size>
         <input_file_ref idref="fl-e6"/>
      </object_component>
      <object_component id="oc-24e">
         <name>.debug_info</name>
         <load_address>0x105db</load_address>
         <run_address>0x105db</run_address>
         <size>0x180</size>
         <input_file_ref idref="fl-e6"/>
      </object_component>
      <object_component id="oc-1ba">
         <name>.debug_info</name>
         <load_address>0x1075b</load_address>
         <run_address>0x1075b</run_address>
         <size>0x18a</size>
         <input_file_ref idref="fl-e6"/>
      </object_component>
      <object_component id="oc-1c0">
         <name>.debug_info</name>
         <load_address>0x108e5</load_address>
         <run_address>0x108e5</run_address>
         <size>0x19a</size>
         <input_file_ref idref="fl-e6"/>
      </object_component>
      <object_component id="oc-1ae">
         <name>.debug_info</name>
         <load_address>0x10a7f</load_address>
         <run_address>0x10a7f</run_address>
         <size>0x1ab</size>
         <input_file_ref idref="fl-e6"/>
      </object_component>
      <object_component id="oc-156">
         <name>.debug_info</name>
         <load_address>0x10c2a</load_address>
         <run_address>0x10c2a</run_address>
         <size>0x14e</size>
         <input_file_ref idref="fl-e8"/>
      </object_component>
      <object_component id="oc-437">
         <name>.debug_info</name>
         <load_address>0x10d78</load_address>
         <run_address>0x10d78</run_address>
         <size>0x97</size>
      </object_component>
      <object_component id="oc-207">
         <name>.debug_line</name>
         <load_address>0x0</load_address>
         <run_address>0x0</run_address>
         <size>0x161</size>
         <input_file_ref idref="fl-1"/>
      </object_component>
      <object_component id="oc-200">
         <name>.debug_line</name>
         <load_address>0x161</load_address>
         <run_address>0x161</run_address>
         <size>0x2d</size>
         <input_file_ref idref="fl-1"/>
      </object_component>
      <object_component id="oc-9b">
         <name>.debug_line</name>
         <load_address>0x18e</load_address>
         <run_address>0x18e</run_address>
         <size>0x9d</size>
         <input_file_ref idref="fl-1"/>
[...]
               <size>0x800</size>
               <logical_group_ref idref="lg-d"/>
            </allocated_space>
         </usage_details>
      </memory_area>
   </placement_map>
   <cptbl_list>
      <cptbl>
         <name>__TI_cinit_table</name>
         <cprec>
            <name>.data</name>
            <load_address>0x200075a0</load_address>
            <load_size>0x14</load_size>
            <run_address>0x2001d800</run_address>
            <run_size>0x1c</run_size>
            <compression>lzss</compression>
         </cprec>
         <cprec>
            <name>.bss</name>
            <load_address>0x200075c0</load_address>
            <load_size>0x8</load_size>
            <run_address>0x2001d81c</run_address>
            <run_size>0x9</run_size>
            <compression>zero_init</compression>
         </cprec>
      </cptbl>
   </cptbl_list>
   <handler_table>
      <handler_table_name>__TI_handler_table</handler_table_name>
      <handler>
         <index>0x0</index>
         <name>__TI_decompress_lzss</name>
      </handler>
      <handler>
         <index>0x1</index>
         <name>__TI_decompress_none</name>
      </handler>
      <handler>
         <index>0x2</index>
         <name>__TI_zero_init</name>
      </handler>
   </handler_table>
   <symbol_table>
      <symbol id="sm-1">
         <name>__start___llvm_prf_cnts</name>
         <value>0x2001d000</value>
      </symbol>
      <symbol id="sm-2">
         <name>__stop___llvm_prf_cnts</name>
         <value>0x2001d000</value>
      </symbol>
      <symbol id="sm-3">
         <name>__TI_CINIT_Base</name>
         <value>0x200075c8</value>
      </symbol>
      <symbol id="sm-4">
         <name>__TI_CINIT_Limit</name>
         <value>0x200075d8</value>
      </symbol>
      <symbol id="sm-5">
         <name>__TI_Handler_Table_Base</name>
         <value>0x200075b4</value>
      </symbol>
      <symbol id="sm-6">
         <name>__TI_Handler_Table_Limit</name>
         <value>0x200075c0</value>
      </symbol>
      <symbol id="sm-7">
         <name>binit</name>
         <value>0xffffffff</value>
      </symbol>
      <symbol id="sm-8">
         <name>__binit__</name>
         <value>0xffffffff</value>
      </symbol>
      <symbol id="sm-9">
         <name>__STACK_SIZE</name>
         <value>0x800</value>
      </symbol>
      <symbol id="sm-a">
         <name>__STACK_END</name>
         <value>0x20040000</value>
      </symbol>
      <symbol id="sm-b">
         <name>__SYSMEM_SIZE</name>
         <value>0x800</value>
      </symbol>
      <symbol id="sm-c">
         <name>__c_args__</name>
         <value>0xffffffff</value>
      </symbol>
      <symbol id="sm-d">
         <name>__TI_pprof_out_hndl</name>
         <value>0xffffffff</value>
      </symbol>
      <symbol id="sm-e">
         <name>__TI_prof_data_start</name>
         <value>0xffffffff</value>
      </symbol>
      <symbol id="sm-f">
         <name>__TI_prof_data_size</name>
         <value>0xffffffff</value>
      </symbol>
      <symbol id="sm-72">
         <name>SW2_intcount</name>
         <value>0x2001d820</value>
      </symbol>
      <symbol id="sm-73">
         <name>SW2_intflag</name>
         <value>0x2001d824</value>
      </symbol>
      <symbol id="sm-74">
         <name>main</name>
         <value>0x2000554d</value>
         <object_component_ref idref="oc-97"/>
      </symbol>
      <symbol id="sm-7e">
         <name>PinMuxConfig</name>
         <value>0x20006265</value>
         <object_component_ref idref="oc-e9"/>
      </symbol>
      <symbol id="sm-9d">
         <name>ResetISR</name>
         <value>0x200072a5</value>
         <object_component_ref idref="oc-29"/>
      </symbol>
      <symbol id="sm-9e">
         <name>g_pfnVectors</name>
         <value>0x20004000</value>
         <object_component_ref idref="oc-12"/>
      </symbol>
      <symbol id="sm-e5">
         <name>GetCmd</name>
         <value>0x20004ed3</value>
         <object_component_ref idref="oc-ef"/>
      </symbol>
      <symbol id="sm-e6">
         <name>Message</name>
         <value>0x20004e6f</value>
         <object_component_ref idref="oc-ef"/>
      </symbol>
      <symbol id="sm-e7">
         <name>Report</name>
         <value>0x20005011</value>
         <object_component_ref idref="oc-ef"/>
      </symbol>
      <symbol id="sm-e8">
         <name>Error</name>
         <value>0x20004e9b</value>
         <object_component_ref idref="oc-ef"/>
      </symbol>
      <symbol id="sm-e9">
         <name>InitTerm</name>
         <value>0x20004e51</value>
         <object_component_ref idref="oc-ef"/>
      </symbol>
      <symbol id="sm-ea">
         <name>ClearTerm</name>
         <value>0x20004e91</value>
         <object_component_ref idref="oc-ef"/>
      </symbol>
      <symbol id="sm-eb">
         <name>TrimSpace</name>
         <value>0x20004f79</value>
         <object_component_ref idref="oc-ef"/>
      </symbol>
      <symbol id="sm-11a">
         <name>vsnprintf</name>
         <value>0x20006dd5</value>
         <object_component_ref idref="oc-1b0"/>
      </symbol>
      <symbol id="sm-135">
         <name>memcpy</name>
         <value>0x200064a5</value>
         <object_component_ref idref="oc-3d"/>
      </symbol>
      <symbol id="sm-136">
         <name>__aeabi_memcpy</name>
         <value>0x200064a5</value>
         <object_component_ref idref="oc-3d"/>
      </symbol>
      <symbol id="sm-137">
         <name>__aeabi_memcpy8</name>
         <value>0x200064a5</value>
         <object_component_ref idref="oc-3d"/>
      </symbol>
      <symbol id="sm-138">
         <name>__aeabi_memcpy4</name>
         <value>0x200064a5</value>
         <object_component_ref idref="oc-3d"/>
      </symbol>
      <symbol id="sm-151">
         <name>__TI_zero_init_nomemset</name>
         <value>0x20007121</value>
         <object_component_ref idref="oc-49"/>
      </symbol>
      <symbol id="sm-168">
         <name>__TI_decompress_none</name>
         <value>0x20007297</value>
         <object_component_ref idref="oc-1b"/>
      </symbol>
      <symbol id="sm-18b">
         <name>__TI_decompress_lzss</name>
         <value>0x20006a53</value>
         <object_component_ref idref="oc-15"/>
      </symbol>
      <symbol id="sm-19c">
         <name>memmove</name>
         <value>0x20007039</value>
         <object_component_ref idref="oc-1c8"/>
      </symbol>
      <symbol id="sm-23a">
         <name>_sys_memory</name>
         <value>0x2001d000</value>
         <object_component_ref idref="oc-23"/>
      </symbol>
      <symbol id="sm-23b">
         <name>free</name>
         <value>0x2000609d</value>
         <object_component_ref idref="oc-1da"/>
      </symbol>
      <symbol id="sm-23c">
         <name>realloc</name>
         <value>0x20006181</value>
         <object_component_ref idref="oc-1d4"/>
      </symbol>
      <symbol id="sm-23d">
         <name>memalign</name>
         <value>0x20005ea1</value>
         <object_component_ref idref="oc-27c"/>
      </symbol>
      <symbol id="sm-23e">
         <name>malloc</name>
         <value>0x200072c5</value>
         <object_component_ref idref="oc-1ce"/>
      </symbol>
      <symbol id="sm-23f">
         <name>aligned_alloc</name>
         <value>0x20005ea1</value>
         <object_component_ref idref="oc-27c"/>
      </symbol>
      <symbol id="sm-24d">
         <name>strlen</name>
         <value>0x20007271</value>
         <object_component_ref idref="oc-1c2"/>
      </symbol>
      <symbol id="sm-260">
         <name>__stack</name>
         <value>0x2003f800</value>
         <object_component_ref idref="oc-26"/>
      </symbol>
      <symbol id="sm-261">
         <name>_c_int00_noargs</name>
         <value>0x20006ec9</value>
         <object_component_ref idref="oc-5b"/>
      </symbol>
      <symbol id="sm-3c6">
         <name>__TI_printfi</name>
         <value>0x20004401</value>
         <object_component_ref idref="oc-258"/>
      </symbol>
      <symbol id="sm-3dd">
         <name>__aeabi_dsub</name>
         <value>0x200056c9</value>
         <object_component_ref idref="oc-36d"/>
      </symbol>
      <symbol id="sm-3de">
         <name>__aeabi_dadd</name>
         <value>0x200056d3</value>
         <object_component_ref idref="oc-36d"/>
      </symbol>
      <symbol id="sm-400">
         <name>__aeabi_cdcmpeq</name>
         <value>0x200066f5</value>
         <object_component_ref idref="oc-2e7"/>
      </symbol>
      <symbol id="sm-401">
         <name>__aeabi_cdcmple</name>
         <value>0x200066f5</value>
         <object_component_ref idref="oc-2e7"/>
      </symbol>
      <symbol id="sm-402">
         <name>__aeabi_cdrcmple</name>
         <value>0x2000677b</value>
         <object_component_ref idref="oc-358"/>
      </symbol>
      <symbol id="sm-416">
         <name>__aeabi_ddiv</name>
         <value>0x20005b35</value>
         <object_component_ref idref="oc-353"/>
      </symbol>
      <symbol id="sm-421">
         <name>__aeabi_dmul</name>
         <value>0x20005fa1</value>
         <object_component_ref idref="oc-34e"/>
      </symbol>
      <symbol id="sm-42b">
         <name>__aeabi_d2iz</name>
         <value>0x20006d09</value>
         <object_component_ref idref="oc-35d"/>
      </symbol>
      <symbol id="sm-435">
         <name>__aeabi_i2d</name>
         <value>0x20006f8d</value>
         <object_component_ref idref="oc-368"/>
      </symbol>
      <symbol id="sm-444">
         <name>__aeabi_memset</name>
         <value>0x20006885</value>
         <object_component_ref idref="oc-8b"/>
      </symbol>
      <symbol id="sm-445">
         <name>memset</name>
         <value>0x2000688b</value>
         <object_component_ref idref="oc-8b"/>
      </symbol>
      <symbol id="sm-446">
         <name>__aeabi_memset8</name>
         <value>0x20006885</value>
         <object_component_ref idref="oc-8b"/>
      </symbol>
      <symbol id="sm-447">
         <name>__aeabi_memset4</name>
         <value>0x20006885</value>
         <object_component_ref idref="oc-8b"/>
      </symbol>
      <symbol id="sm-448">
         <name>__aeabi_memclr8</name>
         <value>0x20006883</value>
         <object_component_ref idref="oc-8b"/>
      </symbol>
      <symbol id="sm-449">
         <name>__aeabi_memclr4</name>
         <value>0x20006883</value>
         <object_component_ref idref="oc-8b"/>
      </symbol>
      <symbol id="sm-44a">
         <name>__aeabi_memclr</name>
         <value>0x20006883</value>
         <object_component_ref idref="oc-8b"/>
      </symbol>
      <symbol id="sm-457">
         <name>__aeabi_uldivmod</name>
         <value>0x20006541</value>
         <object_component_ref idref="oc-347"/>
      </symbol>
      <symbol id="sm-47f">
         <name>__TI_auto_init_nobinit_nopinit</name>
         <value>0x20006d51</value>
         <object_component_ref idref="oc-11b"/>
      </symbol>
      <symbol id="sm-489">
         <name>_system_pre_init</name>
         <value>0x200072d3</value>
         <object_component_ref idref="oc-91"/>
      </symbol>
      <symbol id="sm-495">
         <name>C$$EXIT</name>
         <value>0x200072d7</value>
         <object_component_ref idref="oc-10f"/>
      </symbol>
      <symbol id="sm-496">
         <name>abort</name>
         <value>0x200072d7</value>
         <object_component_ref idref="oc-10f"/>
      </symbol>
      <symbol id="sm-4ab">
         <name>_nop</name>
         <value>0x20004e4f</value>
         <object_component_ref idref="oc-2ab"/>
      </symbol>
      <symbol id="sm-4ac">
         <name>_lock</name>
         <value>0x2001d800</value>
         <object_component_ref idref="oc-211"/>
      </symbol>
      <symbol id="sm-4ad">
         <name>_unlock</name>
         <value>0x2001d804</value>
         <object_component_ref idref="oc-211"/>
      </symbol>
      <symbol id="sm-4bc">
         <name>__TI_ltoa</name>
         <value>0x20006bcf</value>
         <object_component_ref idref="oc-362"/>
      </symbol>
      <symbol id="sm-4d3">
         <name>atoi</name>
         <value>0x20006c75</value>
         <object_component_ref idref="oc-2db"/>
      </symbol>
      <symbol id="sm-4de">
         <name>_ctypes_</name>
         <value>0x200072dc</value>
         <object_component_ref idref="oc-342"/>
      </symbol>
      <symbol id="sm-4ee">
         <name>memccpy</name>
         <value>0x20007159</value>
         <object_component_ref idref="oc-304"/>
      </symbol>
      <symbol id="sm-4fe">
         <name>strchr</name>
         <value>0x2000721f</value>
         <object_component_ref idref="oc-399"/>
      </symbol>
      <symbol id="sm-514">
         <name>__aeabi_errno_addr</name>
         <value>0x200072bd</value>
         <object_component_ref idref="oc-310"/>
      </symbol>
      <symbol id="sm-515">
         <name>errno</name>
         <value>0x2001d818</value>
         <object_component_ref idref="oc-3a9"/>
      </symbol>
      <symbol id="sm-52e">
         <name>wcslen</name>
         <value>0x20007285</value>
         <object_component_ref idref="oc-30a"/>
      </symbol>
      <symbol id="sm-54e">
         <name>frexpl</name>
         <value>0x20006abd</value>
         <object_component_ref idref="oc-38d"/>
      </symbol>
      <symbol id="sm-54f">
         <name>frexp</name>
         <value>0x20006abd</value>
         <object_component_ref idref="oc-38d"/>
      </symbol>
      <symbol id="sm-56c">
         <name>scalbn</name>
         <value>0x20005d91</value>
         <object_component_ref idref="oc-393"/>
      </symbol>
      <symbol id="sm-56d">
         <name>scalbnl</name>
         <value>0x20005d91</value>
         <object_component_ref idref="oc-393"/>
      </symbol>
      <symbol id="sm-56e">
         <name>ldexpl</name>
         <value>0x20005d91</value>
         <object_component_ref idref="oc-393"/>
      </symbol>
      <symbol id="sm-56f">
         <name>ldexp</name>
         <value>0x20005d91</value>
         <object_component_ref idref="oc-393"/>
      </symbol>
      <symbol id="sm-579">
         <name>__aeabi_idiv0</name>
         <value>0x2000587f</value>
         <object_component_ref idref="oc-3c1"/>
      </symbol>
      <symbol id="sm-57a">
         <name>__aeabi_ldiv0</name>
         <value>0x2000587f</value>
         <object_component_ref idref="oc-3c1"/>
      </symbol>
      <symbol id="sm-584">
         <name>copysign</name>
         <value>0x200071a9</value>
         <object_component_ref idref="oc-3da"/>
      </symbol>
      <symbol id="sm-585">
         <name>copysignl</name>
         <value>0x200071a9</value>
         <object_component_ref idref="oc-3da"/>
      </symbol>
      <symbol id="sm-5d5">
         <name>GPIOIntRegister</name>
         <value>0x200070c9</value>
         <object_component_ref idref="oc-f5"/>
      </symbol>
      <symbol id="sm-5d6">
         <name>GPIOIntEnable</name>
         <value>0x20007175</value>
         <object_component_ref idref="oc-101"/>
      </symbol>
      <symbol id="sm-5d7">
         <name>GPIOIntTypeSet</name>
         <value>0x20006801</value>
         <object_component_ref idref="oc-fb"/>
      </symbol>
      <symbol id="sm-5d8">
         <name>GPIOIntClear</name>
         <value>0x20007249</value>
         <object_component_ref idref="oc-cb"/>
      </symbol>
      <symbol id="sm-5d9">
         <name>GPIOIntStatus</name>
         <value>0x20007085</value>
         <object_component_ref idref="oc-c5"/>
      </symbol>
      <symbol id="sm-5da">
         <name>GPIODirModeSet</name>
         <value>0x20006e91</value>
         <object_component_ref idref="oc-191"/>
      </symbol>
      <symbol id="sm-613">
         <name>IntVTableBaseSet</name>
         <value>0x2000725d</value>
         <object_component_ref idref="oc-d1"/>
      </symbol>
      <symbol id="sm-614">
         <name>IntEnable</name>
         <value>0x200063fd</value>
         <object_component_ref idref="oc-dd"/>
      </symbol>
      <symbol id="sm-615">
         <name>IntRegister</name>
         <value>0x200070a9</value>
         <object_component_ref idref="oc-1f5"/>
      </symbol>
      <symbol id="sm-616">
         <name>IntMasterEnable</name>
         <value>0x200072b3</value>
         <object_component_ref idref="oc-d7"/>
      </symbol>
      <symbol id="sm-64d">
         <name>PinTypeUART</name>
         <value>0x2000718f</value>
         <object_component_ref idref="oc-197"/>
      </symbol>
      <symbol id="sm-64e">
         <name>PinTypeGPIO</name>
         <value>0x20006efd</value>
         <object_component_ref idref="oc-18b"/>
      </symbol>
      <symbol id="sm-64f">
         <name>PinConfigSet</name>
         <value>0x2000666d</value>
         <object_component_ref idref="oc-240"/>
      </symbol>
      <symbol id="sm-650">
         <name>PinModeSet</name>
         <value>0x20006d95</value>
         <object_component_ref idref="oc-185"/>
      </symbol>
      <symbol id="sm-6d6">
         <name>PRCMPeripheralReset</name>
         <value>0x20006b21</value>
         <object_component_ref idref="oc-178"/>
      </symbol>
      <symbol id="sm-6d7">
         <name>PRCMPeripheralClkEnable</name>
         <value>0x20006e55</value>
         <object_component_ref idref="oc-172"/>
      </symbol>
      <symbol id="sm-6d8">
         <name>PRCMPeripheralClockGet</name>
         <value>0x200065d9</value>
         <object_component_ref idref="oc-19e"/>
      </symbol>
      <symbol id="sm-6d9">
         <name>PRCMCC3200MCUInit</name>
         <value>0x20005881</value>
         <object_component_ref idref="oc-e3"/>
      </symbol>
      <symbol id="sm-6da">
         <name>PRCMHIBRegWrite</name>
         <value>0x20007209</value>
         <object_component_ref idref="oc-16c"/>
      </symbol>
      <symbol id="sm-6db">
         <name>PRCMSysResetCauseGet</name>
         <value>0x20006fbd</value>
         <object_component_ref idref="oc-160"/>
      </symbol>
      <symbol id="sm-6dc">
         <name>PRCMPeripheralClkDisable</name>
         <value>0x20006fe9</value>
         <object_component_ref idref="oc-17e"/>
      </symbol>
      <symbol id="sm-6dd">
         <name>PRCMHIBRegRead</name>
         <value>0x200071f3</value>
         <object_component_ref idref="oc-166"/>
      </symbol>
      <symbol id="sm-719">
         <name>UARTConfigSetExpClk</name>
         <value>0x200068fd</value>
         <object_component_ref idref="oc-1a4"/>
      </symbol>
      <symbol id="sm-71a">
         <name>UARTDisable</name>
         <value>0x20006f2d</value>
         <object_component_ref idref="oc-24a"/>
      </symbol>
      <symbol id="sm-71b">
         <name>UARTCharsAvail</name>
         <value>0x200071c3</value>
         <object_component_ref idref="oc-1b6"/>
      </symbol>
      <symbol id="sm-71c">
         <name>UARTCharGetNonBlocking</name>
         <value>0x20007105</value>
         <object_component_ref idref="oc-1bc"/>
      </symbol>
      <symbol id="sm-71d">
         <name>UARTCharPut</name>
         <value>0x200070e7</value>
         <object_component_ref idref="oc-1aa"/>
      </symbol>
      <symbol id="sm-71e">
         <name>UARTEnable</name>
         <value>0x20007061</value>
         <object_component_ref idref="oc-250"/>
      </symbol>
      <symbol id="sm-722">
         <name>UtilsDelay</name>
         <value>0x200072cd</value>
         <object_component_ref idref="oc-232"/>
      </symbol>
      <symbol id="sm-72c">
         <name>CPUcpsie</name>
         <value>0x20007235</value>
         <object_component_ref idref="oc-155"/>
      </symbol>
      <symbol id="sm-72e">
         <name>__TI_static_base__</name>
         <value>0x200075a0</value>
      </symbol>
      <symbol id="sm-731">
         <name>__mpu_init</name>
         <value>0x0</value>
      </symbol>
      <symbol id="sm-732">
         <name>_system_post_cinit</name>
         <value>0x0</value>
      </symbol>
   </symbol_table>
   <title>Link successful</title>
</link_info>
