******************************************************************************
                  TI ARM Linker Unix v20.2.7                   
******************************************************************************
>> Linked Fri May 31 04:05:17 2024

OUTPUT FILE NAME:   <lab3.out>
ENTRY POINT SYMBOL: "_c_int00_noargs"  address: 20007205


MEMORY CONFIGURATION

         name            origin    length      used     unused   attr    fill
----------------------  --------  ---------  --------  --------  ----  --------
  SRAM_CODE             20004000   00019000  0000399a  00015666  RW X
  SRAM_DATA             2001d000   00023000  0000103d  00021fc3  RW X


SEGMENT ALLOCATION MAP

run origin  load origin   length   init length attrs members
----------  ----------- ---------- ----------- ----- -------
20004000    20004000    000039a0   000039a0    r-x
  20004000    20004000    00000400   00000400    r-- .intvecs
  20004400    20004400    00003296   00003296    r-x .text
  20007698    20007698    000002c4   000002c4    r-- .const
  20007960    20007960    00000040   00000040    r-- .cinit
2001d000    2001d000    0000083d   00000000    rw-
  2001d000    2001d000    00000800   00000000    rw- .sysmem
  2001d800    2001d800    00000020   00000000    rw- .data
  2001d820    2001d820    0000001d   00000000    rw- .bss
2003f800    2003f800    00000800   00000000    rw-
  2003f800    2003f800    00000800   00000000    rw- .stack


SECTION ALLOCATION MAP

 output                                  attributes/
section   page    origin      length       input sections
--------  ----  ----------  ----------   ----------------
.intvecs   0    20004000    00000400     
                  20004000    00000400     startup_ccs.obj (.intvecs)

.init_array 
*          0    20004000    00000000     UNINITIALIZED

.text      0    20004400    00003296     
                  20004400    00000a4e     rtsv7M4_T_le_v4SPD16_eabi.lib : _printfi.c.obj (.text:__TI_printfi)
                  20004e4e    00000002                                   : _lock.c.obj (.text:_nop)
                  20004e50    000004f8     main.obj (.text)
                  20005348    0000027c     uart_if.obj (.text)
                  200055c4    00000270     rtsv7M4_T_le_v4SPD16_eabi.lib : _printfi.c.obj (.text:_pconv_a)
                  20005834    000001d0                                   : _printfi.c.obj (.text:_pconv_g)
                  20005a04    000001b6                                   : fd_add_t2.asm.obj (.text)
                  20005bba    00000002                                   : div0.asm.obj (.text)
                  20005bbc    00000178     driverlib.a : prcm.obj (.text:PRCMCC3200MCUInit)
                  20005d34    0000013c     rtsv7M4_T_le_v4SPD16_eabi.lib : _printfi.c.obj (.text:_pconv_e)
                  20005e70    00000136                                   : fd_div_t2.asm.obj (.text)
                  20005fa6    00000002     --HOLE-- [fill = 0]
                  20005fa8    00000124                                   : _printfi.c.obj (.text:fcvt)
                  200060cc    00000110                                   : s_scalbn.c.obj (.text:scalbn)
                  200061dc    00000100                                   : memory.c.obj (.text:aligned_alloc)
                  200062dc    000000fc                                   : fd_mul_t2.asm.obj (.text)
                  200063d8    000000e4                                   : memory.c.obj (.text:free)
                  200064bc    000000e4                                   : memory.c.obj (.text:realloc)
                  200065a0    000000e2     pin_mux_config.obj (.text)
                  20006682    00000002     --HOLE-- [fill = 0]
                  20006684    000000b1     rtsv7M4_T_le_v4SPD16_eabi.lib : _printfi.c.obj (.text:_ltostr)
                  20006735    00000003     --HOLE-- [fill = 0]
                  20006738    000000a8     driverlib.a : interrupt.obj (.text:IntEnable)
                  200067e0    0000009c     rtsv7M4_T_le_v4SPD16_eabi.lib : memcpy_t2.asm.obj (.text)
                  2000687c    00000096                                   : ull_div_t2.asm.obj (.text)
                  20006912    00000002     --HOLE-- [fill = 0]
                  20006914    00000094     driverlib.a : prcm.obj (.text:PRCMPeripheralClockGet)
                  200069a8    00000088                 : pin.obj (.text:PinConfigSet)
                  20006a30    00000086     rtsv7M4_T_le_v4SPD16_eabi.lib : fd_cmp_t2.asm.obj (.text:__aeabi_cdcmple)
                  20006ab6    00000086                                   : fd_cmp_t2.asm.obj (.text:__aeabi_cdrcmple)
                  20006b3c    00000082     driverlib.a : gpio.obj (.text:GPIOIntTypeSet)
                  20006bbe    0000007a     rtsv7M4_T_le_v4SPD16_eabi.lib : memset_t2.asm.obj (.text)
                  20006c38    00000076     driverlib.a : uart.obj (.text:UARTConfigSetExpClk)
                  20006cae    00000002     --HOLE-- [fill = 0]
                  20006cb0    00000070     rtsv7M4_T_le_v4SPD16_eabi.lib : memory.c.obj (.text:split)
                  20006d20    0000006e                                   : _printfi.c.obj (.text:_mcpy)
                  20006d8e    00000068                                   : copy_decompress_lzss.c.obj (.text:decompress:lzss:__TI_decompress_lzss)
                  20006df6    00000002     --HOLE-- [fill = 0]
                  20006df8    00000064                                   : s_frexp.c.obj (.text:frexp)
                  20006e5c    00000058     driverlib.a : prcm.obj (.text:PRCMPeripheralReset)
                  20006eb4    00000056     rtsv7M4_T_le_v4SPD16_eabi.lib : _printfi.c.obj (.text:_pconv_f)
                  20006f0a    00000054                                   : _ltoa.c.obj (.text:__TI_ltoa)
                  20006f5e    00000052                                   : _printfi.c.obj (.text:_ecpy)
                  20006fb0    0000004c                                   : atoi.c.obj (.text:atoi)
                  20006ffc    00000048     driverlib.a : gpio.obj (.text:GPIOGetIntNumber)
                  20007044    00000048     rtsv7M4_T_le_v4SPD16_eabi.lib : fd_toi_t2.asm.obj (.text)
                  2000708c    00000044                                   : autoinit.c.obj (.text:__TI_auto_init_nobinit_nopinit:__TI_auto_init_nobinit_nopinit)
                  200070d0    00000040     driverlib.a : pin.obj (.text:PinModeSet)
                  20007110    00000040     rtsv7M4_T_le_v4SPD16_eabi.lib : vsnprintf.c.obj (.text:vsnprintf)
                  20007150    0000003e                                   : _printfi.c.obj (.text:_fcpy)
                  2000718e    00000002     --HOLE-- [fill = 0]
                  20007190    0000003c     driverlib.a : prcm.obj (.text:PRCMPeripheralClkEnable)
                  200071cc    00000036                 : gpio.obj (.text:GPIODirModeSet)
                  20007202    00000002     --HOLE-- [fill = 0]
                  20007204    00000034     rtsv7M4_T_le_v4SPD16_eabi.lib : boot_cortex_m.c.obj (.text:_c_int00_noargs:_c_int00_noargs)
                  20007238    00000030     driverlib.a : pin.obj (.text:PinTypeGPIO)
                  20007268    00000030                 : uart.obj (.text:UARTDisable)
                  20007298    00000030     rtsv7M4_T_le_v4SPD16_eabi.lib : vsnprintf.c.obj (.text:_outs)
                  200072c8    0000002e                                   : i_tofd_t2.asm.obj (.text)
                  200072f6    00000002     --HOLE-- [fill = 0]
                  200072f8    0000002c     driverlib.a : prcm.obj (.text:PRCMSysResetCauseGet)
                  20007324    00000028                 : prcm.obj (.text:PRCMPeripheralClkDisable)
                  2000734c    00000028     rtsv7M4_T_le_v4SPD16_eabi.lib : memory.c.obj (.text:free_list_insert)
                  20007374    00000028                                   : memmov.c.obj (.text:memmove)
                  2000739c    00000024     driverlib.a : uart.obj (.text:UARTEnable)
                  200073c0    00000022                 : gpio.obj (.text:GPIOIntStatus)
                  200073e2    00000002     --HOLE-- [fill = 0]
                  200073e4    00000020                 : interrupt.obj (.text:IntRegister)
                  20007404    0000001e                 : gpio.obj (.text:GPIOIntRegister)
                  20007422    0000001e                 : uart.obj (.text:UARTCharPut)
                  20007440    0000001c                 : systick.obj (.text:SysTickIntRegister)
                  2000745c    0000001c                 : uart.obj (.text:UARTCharGetNonBlocking)
                  20007478    0000001c     rtsv7M4_T_le_v4SPD16_eabi.lib : copy_zero_init.c.obj (.text:decompress:ZI:__TI_zero_init_nomemset:__TI_zero_init_nomemset)
                  20007494    0000001c                                   : memory.c.obj (.text:free_list_remove)
                  200074b0    0000001c                                   : memccpy.c.obj (.text:memccpy)
                  200074cc    0000001a     driverlib.a : gpio.obj (.text:GPIOIntEnable)
                  200074e6    0000001a                 : pin.obj (.text:PinTypeUART)
                  20007500    0000001a     rtsv7M4_T_le_v4SPD16_eabi.lib : s_copysign.c.obj (.text:copysign)
                  2000751a    00000002     --HOLE-- [fill = 0]
                  2000751c    00000018     driverlib.a : systick.obj (.text:SysTickPeriodSet)
                  20007534    00000018                 : uart.obj (.text:UARTCharsAvail)
                  2000754c    00000018     rtsv7M4_T_le_v4SPD16_eabi.lib : vsnprintf.c.obj (.text:_outc)
                  20007564    00000018                                   : ll_mul_t2.asm.obj (.text)
                  2000757c    00000016     driverlib.a : prcm.obj (.text:PRCMHIBRegRead)
                  20007592    00000016                 : prcm.obj (.text:PRCMHIBRegWrite)
                  200075a8    00000016     rtsv7M4_T_le_v4SPD16_eabi.lib : strchr.c.obj (.text:strchr)
                  200075be    00000014     driverlib.a : cpu.obj (.text:CPUcpsie)
                  200075d2    00000014                 : gpio.obj (.text:GPIOIntClear)
                  200075e6    00000002     --HOLE-- [fill = 0]
                  200075e8    00000014                 : interrupt.obj (.text:IntVTableBaseSet)
                  200075fc    00000014     rtsv7M4_T_le_v4SPD16_eabi.lib : strlen.c.obj (.text:strlen)
                  20007610    00000012                                   : wcslen.c.obj (.text:wcslen)
                  20007622    00000002     --HOLE-- [fill = 0]
                  20007624    00000010     driverlib.a : systick.obj (.text:SysTickEnable)
                  20007634    00000010                 : systick.obj (.text:SysTickIntEnable)
                  20007644    0000000e     rtsv7M4_T_le_v4SPD16_eabi.lib : copy_decompress_none.c.obj (.text:decompress:none:__TI_decompress_none)
                  20007652    0000000e     startup_ccs.obj (.text)
                  20007660    0000000c     driverlib.a : systick.obj (.text:SysTickValueGet)
                  2000766c    0000000a                 : interrupt.obj (.text:IntMasterEnable)
                  20007676    00000002     --HOLE-- [fill = 0]
                  20007678    00000008     rtsv7M4_T_le_v4SPD16_eabi.lib : errno.c.obj (.text:__aeabi_errno_addr)
                  20007680    00000008                                   : memory.c.obj (.text:malloc)
                  20007688    00000006     driverlib.a : utils.obj (.text:UtilsDelay)
                  2000768e    00000004     rtsv7M4_T_le_v4SPD16_eabi.lib : pre_init.c.obj (.text:_system_pre_init)
                  20007692    00000004                                   : exit.c.obj (.text:abort:abort)

.const     0    20007698    000002c4     
                  20007698    00000101     rtsv7M4_T_le_v4SPD16_eabi.lib : ctype.c.obj (.const:.string:_ctypes_)
                  20007799    00000003     --HOLE-- [fill = 0]
                  2000779c    00000100     driverlib.a : pin.obj (.const:g_ulPinToPadMap)
                  2000789c    000000a8                 : prcm.obj (.const:PRCM_PeriphRegsList)
                  20007944    00000018                 : interrupt.obj (.const:g_pulEnRegs)

.cinit     0    20007960    00000040     
                  20007960    00000016     (.cinit..data.load) [load image, compression = lzss]
                  20007976    00000002     --HOLE-- [fill = 0]
                  20007978    0000000c     (__TI_handler_table)
                  20007984    00000004     --HOLE-- [fill = 0]
                  20007988    00000008     (.cinit..bss.load) [load image, compression = zero_init]
                  20007990    00000010     (__TI_cinit_table)

.sysmem    0    2001d000    00000800     UNINITIALIZED
                  2001d000    00000010     rtsv7M4_T_le_v4SPD16_eabi.lib : memory.c.obj (.sysmem)
                  2001d010    000007f0     --HOLE--

.data      0    2001d800    00000020     UNINITIALIZED
                  2001d800    00000008     rtsv7M4_T_le_v4SPD16_eabi.lib : _lock.c.obj (.data:$O1$$)
                  2001d808    00000008                                   : memory.c.obj (.data:$O1$$)
                  2001d810    00000008     main.obj (.data:our_input)
                  2001d818    00000004     main.obj (.data)
                  2001d81c    00000004     rtsv7M4_T_le_v4SPD16_eabi.lib : errno.c.obj (.data)

.bss       0    2001d820    0000001d     UNINITIALIZED
                  2001d820    00000008     (.common:delta_current)
                  2001d828    00000008     (.common:delta_us)
                  2001d830    00000004     uart_if.obj (.bss)
                  2001d834    00000004     (.common:SW2_example)
                  2001d838    00000004     (.common:SW2_intcount)
                  2001d83c    00000001     (.common:SW2_intflag)

.stack     0    2003f800    00000800     UNINITIALIZED
                  2003f800    00000004     rtsv7M4_T_le_v4SPD16_eabi.lib : boot_cortex_m.c.obj (.stack)
                  2003f804    000007fc     --HOLE--

__llvm_prf_cnts 
*          0    2001d000    00000000     UNINITIALIZED

MODULE SUMMARY

       Module                       code    ro data   rw data
       ------                       ----    -------   -------
    ./
       main.obj                     1272    0         37     
       startup_ccs.obj              14      1024      0      
       uart_if.obj                  636     0         4      
       pin_mux_config.obj           226     0         0      
    +--+----------------------------+-------+---------+---------+
       Total:                       2148    1024      41     
                                                             
    /Applications/TI/lib/cc3200sdk_1.5.0/cc3200-sdk/driverlib/ccs/Release/driverlib.a
       prcm.obj                     800     168       0      
       pin.obj                      274     256       0      
       gpio.obj                     366     0         0      
       uart.obj                     284     0         0      
       interrupt.obj                230     24        0      
       systick.obj                  96      0         0      
       cpu.obj                      20      0         0      
       utils.obj                    6       0         0      
    +--+----------------------------+-------+---------+---------+
       Total:                       2076    448       0      
                                                             
    /Applications/ti/ccs/tools/compiler/ti-cgt-arm_20.2.7.LTS/lib/rtsv7M4_T_le_v4SPD16_eabi.lib
       _printfi.c.obj               4851    0         0      
       memory.c.obj                 900     0         8      
       fd_add_t2.asm.obj            438     0         0      
       fd_div_t2.asm.obj            310     0         0      
       s_scalbn.c.obj               272     0         0      
       fd_cmp_t2.asm.obj            268     0         0      
       ctype.c.obj                  0       257       0      
       fd_mul_t2.asm.obj            252     0         0      
       memcpy_t2.asm.obj            156     0         0      
       ull_div_t2.asm.obj           150     0         0      
       vsnprintf.c.obj              136     0         0      
       memset_t2.asm.obj            122     0         0      
       copy_decompress_lzss.c.obj   104     0         0      
       s_frexp.c.obj                100     0         0      
       _ltoa.c.obj                  84      0         0      
       atoi.c.obj                   76      0         0      
       fd_toi_t2.asm.obj            72      0         0      
       autoinit.c.obj               68      0         0      
       boot_cortex_m.c.obj          52      0         0      
       i_tofd_t2.asm.obj            46      0         0      
       memmov.c.obj                 40      0         0      
       copy_zero_init.c.obj         28      0         0      
       memccpy.c.obj                28      0         0      
       s_copysign.c.obj             26      0         0      
       ll_mul_t2.asm.obj            24      0         0      
       strchr.c.obj                 22      0         0      
       strlen.c.obj                 20      0         0      
       wcslen.c.obj                 18      0         0      
       copy_decompress_none.c.obj   14      0         0      
       errno.c.obj                  8       0         4      
       _lock.c.obj                  2       0         8      
       exit.c.obj                   4       0         0      
       pre_init.c.obj               4       0         0      
       div0.asm.obj                 2       0         0      
    +--+----------------------------+-------+---------+---------+
       Total:                       8697    257       20     
                                                             
       Heap:                        0       0         2048   
       Stack:                       0       0         2048   
       Linker Generated:            0       58        0      
    +--+----------------------------+-------+---------+---------+
       Grand Total:                 12921   1787      4157   


LINKER GENERATED COPY TABLES

__TI_cinit_table @ 20007990 records: 2, size/record: 8, table size: 16
	.data: load addr=20007960, load size=00000016 bytes, run addr=2001d800, run size=00000020 bytes, compression=lzss
	.bss: load addr=20007988, load size=00000008 bytes, run addr=2001d820, run size=0000001d bytes, compression=zero_init


LINKER GENERATED HANDLER TABLE

__TI_handler_table @ 20007978 records: 3, size/record: 4, table size: 12
	index: 0, handler: __TI_decompress_lzss
	index: 1, handler: __TI_decompress_none
	index: 2, handler: __TI_zero_init


GLOBAL SYMBOLS: SORTED ALPHABETICALLY BY Name 

address   name                          
-------   ----                          
20007693  C$$EXIT                       
200075bf  CPUcpsie                      
20005389  ClearTerm                     
20005393  Error                         
200071cd  GPIODirModeSet                
200075d3  GPIOIntClear                  
200074cd  GPIOIntEnable                 
20007405  GPIOIntRegister               
200073c1  GPIOIntStatus                 
20006b3d  GPIOIntTypeSet                
200053cb  GetCmd                        
20005349  InitTerm                      
20006739  IntEnable                     
2000766d  IntMasterEnable               
200073e5  IntRegister                   
200075e9  IntVTableBaseSet              
20005367  Message                       
20005bbd  PRCMCC3200MCUInit             
2000757d  PRCMHIBRegRead                
20007593  PRCMHIBRegWrite               
20007325  PRCMPeripheralClkDisable      
20007191  PRCMPeripheralClkEnable       
20006915  PRCMPeripheralClockGet        
20006e5d  PRCMPeripheralReset           
200072f9  PRCMSysResetCauseGet          
200069a9  PinConfigSet                  
200070d1  PinModeSet                    
200065a1  PinMuxConfig                  
20007239  PinTypeGPIO                   
200074e7  PinTypeUART                   
20005509  Report                        
20007653  ResetISR                      
2001d834  SW2_example                   
2001d838  SW2_intcount                  
2001d83c  SW2_intflag                   
20007625  SysTickEnable                 
20007635  SysTickIntEnable              
20007441  SysTickIntRegister            
2000751d  SysTickPeriodSet              
20007661  SysTickValueGet               
20005471  TrimSpace                     
2000745d  UARTCharGetNonBlocking        
20007423  UARTCharPut                   
20007535  UARTCharsAvail                
20006c39  UARTConfigSetExpClk           
20007269  UARTDisable                   
2000739d  UARTEnable                    
20007689  UtilsDelay                    
20040000  __STACK_END                   
00000800  __STACK_SIZE                  
00000800  __SYSMEM_SIZE                 
20007990  __TI_CINIT_Base               
200079a0  __TI_CINIT_Limit              
20007978  __TI_Handler_Table_Base       
20007984  __TI_Handler_Table_Limit      
2000708d  __TI_auto_init_nobinit_nopinit
20006d8f  __TI_decompress_lzss          
20007645  __TI_decompress_none          
20006f0b  __TI_ltoa                     
ffffffff  __TI_pprof_out_hndl           
20004401  __TI_printfi                  
ffffffff  __TI_prof_data_size           
ffffffff  __TI_prof_data_start          
20007960  __TI_static_base__            
20007479  __TI_zero_init_nomemset       
20006a31  __aeabi_cdcmpeq               
20006a31  __aeabi_cdcmple               
20006ab7  __aeabi_cdrcmple              
20007045  __aeabi_d2iz                  
20005a0f  __aeabi_dadd                  
20005e71  __aeabi_ddiv                  
200062dd  __aeabi_dmul                  
20005a05  __aeabi_dsub                  
20007679  __aeabi_errno_addr            
200072c9  __aeabi_i2d                   
20005bbb  __aeabi_idiv0                 
20005bbb  __aeabi_ldiv0                 
20007565  __aeabi_lmul                  
20006bbf  __aeabi_memclr                
20006bbf  __aeabi_memclr4               
20006bbf  __aeabi_memclr8               
200067e1  __aeabi_memcpy                
200067e1  __aeabi_memcpy4               
200067e1  __aeabi_memcpy8               
20006bc1  __aeabi_memset                
20006bc1  __aeabi_memset4               
20006bc1  __aeabi_memset8               
2000687d  __aeabi_uldivmod              
ffffffff  __binit__                     
ffffffff  __c_args__                    
UNDEFED   __mpu_init                    
2003f800  __stack                       
2001d000  __start___llvm_prf_cnts       
2001d000  __stop___llvm_prf_cnts        
20007205  _c_int00_noargs               
20007698  _ctypes_                      
2001d800  _lock                         
20004e4f  _nop                          
2001d000  _sys_memory                   
UNDEFED   _system_post_cinit            
2000768f  _system_pre_init              
2001d804  _unlock                       
20007693  abort                         
200061dd  aligned_alloc                 
20006fb1  atoi                          
ffffffff  binit                         
20007501  copysign                      
20007501  copysignl                     
2001d820  delta_current                 
2001d828  delta_us                      
2001d81c  errno                         
200063d9  free                          
20006df9  frexp                         
20006df9  frexpl                        
20004000  g_pfnVectors                  
200060cd  ldexp                         
200060cd  ldexpl                        
20005081  main                          
20007681  malloc                        
200061dd  memalign                      
200074b1  memccpy                       
200067e1  memcpy                        
20007375  memmove                       
20006bc7  memset                        
200064bd  realloc                       
200060cd  scalbn                        
200060cd  scalbnl                       
200075a9  strchr                        
200075fd  strlen                        
2001d818  systick_cnt                   
20007111  vsnprintf                     
20007611  wcslen                        


GLOBAL SYMBOLS: SORTED BY Symbol Address 

address   name                          
-------   ----                          
00000800  __STACK_SIZE                  
00000800  __SYSMEM_SIZE                 
20004000  g_pfnVectors                  
20004401  __TI_printfi                  
20004e4f  _nop                          
20005081  main                          
20005349  InitTerm                      
20005367  Message                       
20005389  ClearTerm                     
20005393  Error                         
200053cb  GetCmd                        
20005471  TrimSpace                     
20005509  Report                        
20005a05  __aeabi_dsub                  
20005a0f  __aeabi_dadd                  
20005bbb  __aeabi_idiv0                 
20005bbb  __aeabi_ldiv0                 
20005bbd  PRCMCC3200MCUInit             
20005e71  __aeabi_ddiv                  
200060cd  ldexp                         
200060cd  ldexpl                        
200060cd  scalbn                        
200060cd  scalbnl                       
200061dd  aligned_alloc                 
200061dd  memalign                      
200062dd  __aeabi_dmul                  
200063d9  free                          
200064bd  realloc                       
200065a1  PinMuxConfig                  
20006739  IntEnable                     
200067e1  __aeabi_memcpy                
200067e1  __aeabi_memcpy4               
200067e1  __aeabi_memcpy8               
200067e1  memcpy                        
2000687d  __aeabi_uldivmod              
20006915  PRCMPeripheralClockGet        
200069a9  PinConfigSet                  
20006a31  __aeabi_cdcmpeq               
20006a31  __aeabi_cdcmple               
20006ab7  __aeabi_cdrcmple              
20006b3d  GPIOIntTypeSet                
20006bbf  __aeabi_memclr                
20006bbf  __aeabi_memclr4               
20006bbf  __aeabi_memclr8               
20006bc1  __aeabi_memset                
20006bc1  __aeabi_memset4               
20006bc1  __aeabi_memset8               
20006bc7  memset                        
20006c39  UARTConfigSetExpClk           
20006d8f  __TI_decompress_lzss          
20006df9  frexp                         
20006df9  frexpl                        
20006e5d  PRCMPeripheralReset           
20006f0b  __TI_ltoa                     
20006fb1  atoi                          
20007045  __aeabi_d2iz                  
2000708d  __TI_auto_init_nobinit_nopinit
200070d1  PinModeSet                    
20007111  vsnprintf                     
20007191  PRCMPeripheralClkEnable       
200071cd  GPIODirModeSet                
20007205  _c_int00_noargs               
20007239  PinTypeGPIO                   
20007269  UARTDisable                   
200072c9  __aeabi_i2d                   
200072f9  PRCMSysResetCauseGet          
20007325  PRCMPeripheralClkDisable      
20007375  memmove                       
2000739d  UARTEnable                    
200073c1  GPIOIntStatus                 
200073e5  IntRegister                   
20007405  GPIOIntRegister               
20007423  UARTCharPut                   
20007441  SysTickIntRegister            
2000745d  UARTCharGetNonBlocking        
20007479  __TI_zero_init_nomemset       
200074b1  memccpy                       
200074cd  GPIOIntEnable                 
200074e7  PinTypeUART                   
20007501  copysign                      
20007501  copysignl                     
2000751d  SysTickPeriodSet              
20007535  UARTCharsAvail                
20007565  __aeabi_lmul                  
2000757d  PRCMHIBRegRead                
20007593  PRCMHIBRegWrite               
200075a9  strchr                        
200075bf  CPUcpsie                      
200075d3  GPIOIntClear                  
200075e9  IntVTableBaseSet              
200075fd  strlen                        
20007611  wcslen                        
20007625  SysTickEnable                 
20007635  SysTickIntEnable              
20007645  __TI_decompress_none          
20007653  ResetISR                      
20007661  SysTickValueGet               
2000766d  IntMasterEnable               
20007679  __aeabi_errno_addr            
20007681  malloc                        
20007689  UtilsDelay                    
2000768f  _system_pre_init              
20007693  C$$EXIT                       
20007693  abort                         
20007698  _ctypes_                      
20007960  __TI_static_base__            
20007978  __TI_Handler_Table_Base       
20007984  __TI_Handler_Table_Limit      
20007990  __TI_CINIT_Base               
200079a0  __TI_CINIT_Limit              
2001d000  __start___llvm_prf_cnts       
2001d000  __stop___llvm_prf_cnts        
2001d000  _sys_memory                   
2001d800  _lock                         
2001d804  _unlock                       
2001d818  systick_cnt                   
2001d81c  errno                         
2001d820  delta_current                 
2001d828  delta_us                      
2001d834  SW2_example                   
2001d838  SW2_intcount                  
2001d83c  SW2_intflag                   
2003f800  __stack                       
20040000  __STACK_END                   
ffffffff  __TI_pprof_out_hndl           
ffffffff  __TI_prof_data_size           
ffffffff  __TI_prof_data_start          
ffffffff  __binit__                     
ffffffff  __c_args__                    
ffffffff  binit                         
UNDEFED   __mpu_init                    
UNDEFED   _system_post_cinit            

[132 symbols]
