<?xml version="1.0" encoding="ISO-8859-1" ?>
<link_info>
   <banner>TI ARM Linker Unix v20.2.7.LTS</banner>
   <copyright>Copyright (c) 1996-2018 Texas Instruments Incorporated</copyright>
   <link_time>0x665fd7ec</link_time>
   <link_errors>0x0</link_errors>
   <output_file>final_proj_oled_base.out</output_file>
   <entry_point>
      <name>_c_int00_noargs</name>
      <address>0x2000955d</address>
   </entry_point>
   <input_file_list>
      <input_file id="fl-1">
         <path>./</path>
         <kind>object</kind>
         <file>Adafruit_GFX.obj</file>
         <name>Adafruit_GFX.obj</name>
      </input_file>
      <input_file id="fl-2">
         <path>./</path>
         <kind>object</kind>
         <file>Adafruit_OLED.obj</file>
         <name>Adafruit_OLED.obj</name>
      </input_file>
      <input_file id="fl-3">
         <path>./</path>
         <kind>object</kind>
         <file>i2c_if.obj</file>
         <name>i2c_if.obj</name>
      </input_file>
      <input_file id="fl-4">
         <path>./</path>
         <kind>object</kind>
         <file>main.obj</file>
         <name>main.obj</name>
      </input_file>
      <input_file id="fl-5">
         <path>./</path>
         <kind>object</kind>
         <file>oled_test.obj</file>
         <name>oled_test.obj</name>
      </input_file>
      <input_file id="fl-6">
         <path>./</path>
         <kind>object</kind>
         <file>pin_mux_config.obj</file>
         <name>pin_mux_config.obj</name>
      </input_file>
      <input_file id="fl-7">
         <path>./</path>
         <kind>object</kind>
         <file>startup_ccs.obj</file>
         <name>startup_ccs.obj</name>
      </input_file>
      <input_file id="fl-8">
         <path>./</path>
         <kind>object</kind>
         <file>uart_if.obj</file>
         <name>uart_if.obj</name>
      </input_file>
      <input_file id="fl-d">
         <kind>object</kind>
         <file>&lt;internal&gt;</file>
         <name>&lt;internal&gt;</name>
      </input_file>
      <input_file id="fl-e">
         <path>/Applications/TI/lib/cc3200sdk_1.5.0/cc3200-sdk/driverlib/ccs/Release/</path>
         <kind>archive</kind>
         <file>driverlib.a</file>
         <name>gpio.obj</name>
      </input_file>
      <input_file id="fl-f">
         <path>/Applications/TI/lib/cc3200sdk_1.5.0/cc3200-sdk/driverlib/ccs/Release/</path>
         <kind>archive</kind>
         <file>driverlib.a</file>
         <name>i2c.obj</name>
      </input_file>
      <input_file id="fl-10">
         <path>/Applications/TI/lib/cc3200sdk_1.5.0/cc3200-sdk/driverlib/ccs/Release/</path>
         <kind>archive</kind>
         <file>driverlib.a</file>
         <name>interrupt.obj</name>
      </input_file>
      <input_file id="fl-11">
         <path>/Applications/TI/lib/cc3200sdk_1.5.0/cc3200-sdk/driverlib/ccs/Release/</path>
         <kind>archive</kind>
         <file>driverlib.a</file>
         <name>pin.obj</name>
      </input_file>
      <input_file id="fl-12">
         <path>/Applications/TI/lib/cc3200sdk_1.5.0/cc3200-sdk/driverlib/ccs/Release/</path>
         <kind>archive</kind>
         <file>driverlib.a</file>
         <name>prcm.obj</name>
      </input_file>
      <input_file id="fl-13">
         <path>/Applications/TI/lib/cc3200sdk_1.5.0/cc3200-sdk/driverlib/ccs/Release/</path>
         <kind>archive</kind>
         <file>driverlib.a</file>
         <name>spi.obj</name>
      </input_file>
      <input_file id="fl-14">
         <path>/Applications/TI/lib/cc3200sdk_1.5.0/cc3200-sdk/driverlib/ccs/Release/</path>
         <kind>archive</kind>
         <file>driverlib.a</file>
         <name>systick.obj</name>
      </input_file>
      <input_file id="fl-15">
         <path>/Applications/TI/lib/cc3200sdk_1.5.0/cc3200-sdk/driverlib/ccs/Release/</path>
         <kind>archive</kind>
         <file>driverlib.a</file>
         <name>uart.obj</name>
      </input_file>
      <input_file id="fl-16">
         <path>/Applications/TI/lib/cc3200sdk_1.5.0/cc3200-sdk/driverlib/ccs/Release/</path>
         <kind>archive</kind>
         <file>driverlib.a</file>
         <name>utils.obj</name>
      </input_file>
      <input_file id="fl-17">
         <path>/Applications/TI/lib/cc3200sdk_1.5.0/cc3200-sdk/driverlib/ccs/Release/</path>
         <kind>archive</kind>
         <file>driverlib.a</file>
         <name>cpu.obj</name>
      </input_file>
      <input_file id="fl-18">
         <path>/Applications/TI/lib/cc3200sdk_1.5.0/cc3200-sdk/driverlib/ccs/Release/</path>
         <kind>archive</kind>
         <file>driverlib.a</file>
         <name>flash.obj</name>
      </input_file>
      <input_file id="fl-ce">
         <path>/Applications/ti/ccs/tools/compiler/ti-cgt-arm_20.2.7.LTS/lib/</path>
         <kind>archive</kind>
         <file>rtsv7M4_T_le_eabi.lib</file>
         <name>vsnprintf.c.obj</name>
      </input_file>
      <input_file id="fl-cf">
         <path>/Applications/ti/ccs/tools/compiler/ti-cgt-arm_20.2.7.LTS/lib/</path>
         <kind>archive</kind>
         <file>rtsv7M4_T_le_eabi.lib</file>
         <name>fd_div_t2.asm.obj</name>
      </input_file>
      <input_file id="fl-d0">
         <path>/Applications/ti/ccs/tools/compiler/ti-cgt-arm_20.2.7.LTS/lib/</path>
         <kind>archive</kind>
         <file>rtsv7M4_T_le_eabi.lib</file>
         <name>fd_toi_t2.asm.obj</name>
      </input_file>
      <input_file id="fl-d1">
         <path>/Applications/ti/ccs/tools/compiler/ti-cgt-arm_20.2.7.LTS/lib/</path>
         <kind>archive</kind>
         <file>rtsv7M4_T_le_eabi.lib</file>
         <name>i_tofd_t2.asm.obj</name>
      </input_file>
      <input_file id="fl-d2">
         <path>/Applications/ti/ccs/tools/compiler/ti-cgt-arm_20.2.7.LTS/lib/</path>
         <kind>archive</kind>
         <file>rtsv7M4_T_le_eabi.lib</file>
         <name>ll_mul_t2.asm.obj</name>
      </input_file>
      <input_file id="fl-d3">
         <path>/Applications/ti/ccs/tools/compiler/ti-cgt-arm_20.2.7.LTS/lib/</path>
         <kind>archive</kind>
         <file>rtsv7M4_T_le_eabi.lib</file>
         <name>memcpy_t2.asm.obj</name>
      </input_file>
      <input_file id="fl-d4">
         <path>/Applications/ti/ccs/tools/compiler/ti-cgt-arm_20.2.7.LTS/lib/</path>
         <kind>archive</kind>
         <file>rtsv7M4_T_le_eabi.lib</file>
         <name>memset_t2.asm.obj</name>
      </input_file>
      <input_file id="fl-d5">
         <path>/Applications/ti/ccs/tools/compiler/ti-cgt-arm_20.2.7.LTS/lib/</path>
         <kind>archive</kind>
         <file>rtsv7M4_T_le_eabi.lib</file>
         <name>ull_div_t2.asm.obj</name>
      </input_file>
      <input_file id="fl-d6">
         <path>/Applications/ti/ccs/tools/compiler/ti-cgt-arm_20.2.7.LTS/lib/</path>
         <kind>archive</kind>
         <file>rtsv7M4_T_le_eabi.lib</file>
         <name>copy_zero_init.c.obj</name>
      </input_file>
      <input_file id="fl-d7">
         <path>/Applications/ti/ccs/tools/compiler/ti-cgt-arm_20.2.7.LTS/lib/</path>
         <kind>archive</kind>
         <file>rtsv7M4_T_le_eabi.lib</file>
         <name>copy_decompress_none.c.obj</name>
      </input_file>
      <input_file id="fl-d8">
         <path>/Applications/ti/ccs/tools/compiler/ti-cgt-arm_20.2.7.LTS/lib/</path>
         <kind>archive</kind>
         <file>rtsv7M4_T_le_eabi.lib</file>
         <name>copy_decompress_lzss.c.obj</name>
      </input_file>
      <input_file id="fl-d9">
         <path>/Applications/ti/ccs/tools/compiler/ti-cgt-arm_20.2.7.LTS/lib/</path>
         <kind>archive</kind>
         <file>rtsv7M4_T_le_eabi.lib</file>
         <name>memmov.c.obj</name>
      </input_file>
      <input_file id="fl-da">
         <path>/Applications/ti/ccs/tools/compiler/ti-cgt-arm_20.2.7.LTS/lib/</path>
         <kind>archive</kind>
         <file>rtsv7M4_T_le_eabi.lib</file>
         <name>memory.c.obj</name>
      </input_file>
      <input_file id="fl-db">
         <path>/Applications/ti/ccs/tools/compiler/ti-cgt-arm_20.2.7.LTS/lib/</path>
         <kind>archive</kind>
         <file>rtsv7M4_T_le_eabi.lib</file>
         <name>strlen.c.obj</name>
      </input_file>
      <input_file id="fl-dc">
         <path>/Applications/ti/ccs/tools/compiler/ti-cgt-arm_20.2.7.LTS/lib/</path>
         <kind>archive</kind>
         <file>rtsv7M4_T_le_eabi.lib</file>
         <name>boot_cortex_m.c.obj</name>
      </input_file>
      <input_file id="fl-dd">
         <path>/Applications/ti/ccs/tools/compiler/ti-cgt-arm_20.2.7.LTS/lib/</path>
         <kind>archive</kind>
         <file>rtsv7M4_T_le_eabi.lib</file>
         <name>_printfi.c.obj</name>
      </input_file>
      <input_file id="fl-de">
         <path>/Applications/ti/ccs/tools/compiler/ti-cgt-arm_20.2.7.LTS/lib/</path>
         <kind>archive</kind>
         <file>rtsv7M4_T_le_eabi.lib</file>
         <name>div0.asm.obj</name>
      </input_file>
      <input_file id="fl-df">
         <path>/Applications/ti/ccs/tools/compiler/ti-cgt-arm_20.2.7.LTS/lib/</path>
         <kind>archive</kind>
         <file>rtsv7M4_T_le_eabi.lib</file>
         <name>fd_add_t2.asm.obj</name>
      </input_file>
      <input_file id="fl-e0">
         <path>/Applications/ti/ccs/tools/compiler/ti-cgt-arm_20.2.7.LTS/lib/</path>
         <kind>archive</kind>
         <file>rtsv7M4_T_le_eabi.lib</file>
         <name>fd_cmp_t2.asm.obj</name>
      </input_file>
      <input_file id="fl-e1">
         <path>/Applications/ti/ccs/tools/compiler/ti-cgt-arm_20.2.7.LTS/lib/</path>
         <kind>archive</kind>
         <file>rtsv7M4_T_le_eabi.lib</file>
         <name>fd_mul_t2.asm.obj</name>
      </input_file>
      <input_file id="fl-e2">
         <path>/Applications/ti/ccs/tools/compiler/ti-cgt-arm_20.2.7.LTS/lib/</path>
         <kind>archive</kind>
         <file>rtsv7M4_T_le_eabi.lib</file>
         <name>autoinit.c.obj</name>
      </input_file>
      <input_file id="fl-e3">
         <path>/Applications/ti/ccs/tools/compiler/ti-cgt-arm_20.2.7.LTS/lib/</path>
         <kind>archive</kind>
         <file>rtsv7M4_T_le_eabi.lib</file>
         <name>pre_init.c.obj</name>
      </input_file>
      <input_file id="fl-e4">
         <path>/Applications/ti/ccs/tools/compiler/ti-cgt-arm_20.2.7.LTS/lib/</path>
         <kind>archive</kind>
         <file>rtsv7M4_T_le_eabi.lib</file>
         <name>cpy_tbl.c.obj</name>
      </input_file>
      <input_file id="fl-e5">
         <path>/Applications/ti/ccs/tools/compiler/ti-cgt-arm_20.2.7.LTS/lib/</path>
         <kind>archive</kind>
         <file>rtsv7M4_T_le_eabi.lib</file>
         <name>exit.c.obj</name>
      </input_file>
      <input_file id="fl-e6">
         <path>/Applications/ti/ccs/tools/compiler/ti-cgt-arm_20.2.7.LTS/lib/</path>
         <kind>archive</kind>
         <file>rtsv7M4_T_le_eabi.lib</file>
         <name>_lock.c.obj</name>
      </input_file>
      <input_file id="fl-e7">
         <path>/Applications/ti/ccs/tools/compiler/ti-cgt-arm_20.2.7.LTS/lib/</path>
         <kind>archive</kind>
         <file>rtsv7M4_T_le_eabi.lib</file>
         <name>_ltoa.c.obj</name>
      </input_file>
      <input_file id="fl-e8">
         <path>/Applications/ti/ccs/tools/compiler/ti-cgt-arm_20.2.7.LTS/lib/</path>
         <kind>archive</kind>
         <file>rtsv7M4_T_le_eabi.lib</file>
         <name>args_main.c.obj</name>
      </input_file>
      <input_file id="fl-e9">
         <path>/Applications/ti/ccs/tools/compiler/ti-cgt-arm_20.2.7.LTS/lib/</path>
         <kind>archive</kind>
         <file>rtsv7M4_T_le_eabi.lib</file>
         <name>atoi.c.obj</name>
      </input_file>
      <input_file id="fl-ea">
         <path>/Applications/ti/ccs/tools/compiler/ti-cgt-arm_20.2.7.LTS/lib/</path>
         <kind>archive</kind>
         <file>rtsv7M4_T_le_eabi.lib</file>
         <name>ctype.c.obj</name>
      </input_file>
      <input_file id="fl-eb">
         <path>/Applications/ti/ccs/tools/compiler/ti-cgt-arm_20.2.7.LTS/lib/</path>
         <kind>archive</kind>
         <file>rtsv7M4_T_le_eabi.lib</file>
         <name>memccpy.c.obj</name>
      </input_file>
      <input_file id="fl-ec">
         <path>/Applications/ti/ccs/tools/compiler/ti-cgt-arm_20.2.7.LTS/lib/</path>
         <kind>archive</kind>
         <file>rtsv7M4_T_le_eabi.lib</file>
         <name>strchr.c.obj</name>
      </input_file>
      <input_file id="fl-ed">
         <path>/Applications/ti/ccs/tools/compiler/ti-cgt-arm_20.2.7.LTS/lib/</path>
         <kind>archive</kind>
         <file>rtsv7M4_T_le_eabi.lib</file>
         <name>errno.c.obj</name>
      </input_file>
      <input_file id="fl-ee">
         <path>/Applications/ti/ccs/tools/compiler/ti-cgt-arm_20.2.7.LTS/lib/</path>
         <kind>archive</kind>
         <file>rtsv7M4_T_le_eabi.lib</file>
         <name>wcslen.c.obj</name>
      </input_file>
      <input_file id="fl-ef">
         <path>/Applications/ti/ccs/tools/compiler/ti-cgt-arm_20.2.7.LTS/lib/</path>
         <kind>archive</kind>
         <file>rtsv7M4_T_le_eabi.lib</file>
         <name>s_frexp.c.obj</name>
      </input_file>
      <input_file id="fl-f0">
         <path>/Applications/ti/ccs/tools/compiler/ti-cgt-arm_20.2.7.LTS/lib/</path>
         <kind>archive</kind>
         <file>rtsv7M4_T_le_eabi.lib</file>
         <name>s_scalbn.c.obj</name>
      </input_file>
      <input_file id="fl-f1">
         <path>/Applications/ti/ccs/tools/compiler/ti-cgt-arm_20.2.7.LTS/lib/</path>
         <kind>archive</kind>
         <file>rtsv7M4_T_le_eabi.lib</file>
         <name>s_copysign.c.obj</name>
      </input_file>
   </input_file_list>
   <object_component_list>
      <object_component id="oc-12">
         <name>.intvecs</name>
         <load_address>0x20004000</load_address>
         <run_address>0x20004000</run_address>
         <size>0x400</size>
         <input_file_ref idref="fl-7"/>
      </object_component>
      <object_component id="oc-97">
         <name>.text</name>
         <load_address>0x20004400</load_address>
         <run_address>0x20004400</run_address>
         <size>0xf2c</size>
         <input_file_ref idref="fl-4"/>
      </object_component>
      <object_component id="oc-12a">
         <name>.text</name>
         <load_address>0x2000532c</load_address>
         <run_address>0x2000532c</run_address>
         <size>0xa80</size>
         <input_file_ref idref="fl-1"/>
      </object_component>
      <object_component id="oc-385">
         <name>.text:__TI_printfi</name>
         <load_address>0x20005dac</load_address>
         <run_address>0x20005dac</run_address>
         <size>0xa4e</size>
         <input_file_ref idref="fl-dd"/>
      </object_component>
      <object_component id="oc-42a">
         <name>.text:_nop</name>
         <load_address>0x200067fa</load_address>
         <run_address>0x200067fa</run_address>
         <size>0x2</size>
         <input_file_ref idref="fl-e6"/>
      </object_component>
      <object_component id="oc-15e">
         <name>.text</name>
         <load_address>0x200067fc</load_address>
         <run_address>0x200067fc</run_address>
         <size>0x48a</size>
         <input_file_ref idref="fl-2"/>
      </object_component>
      <object_component id="oc-25a">
         <name>.text</name>
         <load_address>0x20006c86</load_address>
         <run_address>0x20006c86</run_address>
         <size>0x2</size>
         <input_file_ref idref="fl-de"/>
      </object_component>
      <object_component id="oc-164">
         <name>.text</name>
         <load_address>0x20006c88</load_address>
         <run_address>0x20006c88</run_address>
         <size>0x2a0</size>
         <input_file_ref idref="fl-3"/>
      </object_component>
      <object_component id="oc-c5">
         <name>.text</name>
         <load_address>0x20006f28</load_address>
         <run_address>0x20006f28</run_address>
         <size>0x27c</size>
         <input_file_ref idref="fl-8"/>
      </object_component>
      <object_component id="oc-46e">
         <name>.text:_pconv_a</name>
         <load_address>0x200071a4</load_address>
         <run_address>0x200071a4</run_address>
         <size>0x268</size>
         <input_file_ref idref="fl-dd"/>
      </object_component>
      <object_component id="oc-45c">
         <name>.text:_pconv_g</name>
         <load_address>0x2000740c</load_address>
         <run_address>0x2000740c</run_address>
         <size>0x1cc</size>
         <input_file_ref idref="fl-dd"/>
      </object_component>
      <object_component id="oc-4d9">
         <name>.text</name>
         <load_address>0x200075d8</load_address>
         <run_address>0x200075d8</run_address>
         <size>0x1b6</size>
         <input_file_ref idref="fl-df"/>
      </object_component>
      <object_component id="oc-194">
         <name>.text:PRCMCC3200MCUInit</name>
         <load_address>0x20007790</load_address>
         <run_address>0x20007790</run_address>
         <size>0x178</size>
         <input_file_ref idref="fl-12"/>
      </object_component>
      <object_component id="oc-468">
         <name>.text:_pconv_e</name>
         <load_address>0x20007908</load_address>
         <run_address>0x20007908</run_address>
         <size>0x13c</size>
         <input_file_ref idref="fl-dd"/>
      </object_component>
      <object_component id="oc-135">
         <name>.text</name>
         <load_address>0x20007a44</load_address>
         <run_address>0x20007a44</run_address>
         <size>0x136</size>
         <input_file_ref idref="fl-cf"/>
      </object_component>
      <object_component id="oc-19a">
         <name>.text</name>
         <load_address>0x20007b7c</load_address>
         <run_address>0x20007b7c</run_address>
         <size>0x130</size>
         <input_file_ref idref="fl-6"/>
      </object_component>
      <object_component id="oc-4eb">
         <name>.text:fcvt</name>
         <load_address>0x20007cac</load_address>
         <run_address>0x20007cac</run_address>
         <size>0x120</size>
         <input_file_ref idref="fl-dd"/>
      </object_component>
      <object_component id="oc-3a9">
         <name>.text:aligned_alloc</name>
         <load_address>0x20007dcc</load_address>
         <run_address>0x20007dcc</run_address>
         <size>0x100</size>
         <input_file_ref idref="fl-da"/>
      </object_component>
      <object_component id="oc-4c9">
         <name>.text</name>
         <load_address>0x20007ecc</load_address>
         <run_address>0x20007ecc</run_address>
         <size>0xfc</size>
         <input_file_ref idref="fl-e1"/>
      </object_component>
      <object_component id="oc-232">
         <name>.text:free</name>
         <load_address>0x20007fc8</load_address>
         <run_address>0x20007fc8</run_address>
         <size>0xe4</size>
         <input_file_ref idref="fl-da"/>
      </object_component>
      <object_component id="oc-22c">
         <name>.text:realloc</name>
         <load_address>0x200080ac</load_address>
         <run_address>0x200080ac</run_address>
         <size>0xe4</size>
         <input_file_ref idref="fl-da"/>
      </object_component>
      <object_component id="oc-3e6">
         <name>.text:SPITransfer32</name>
         <load_address>0x20008190</load_address>
         <run_address>0x20008190</run_address>
         <size>0xd0</size>
         <input_file_ref idref="fl-13"/>
      </object_component>
      <object_component id="oc-4ff">
         <name>.text:scalbn</name>
         <load_address>0x20008260</load_address>
         <run_address>0x20008260</run_address>
         <size>0xd0</size>
         <input_file_ref idref="fl-f0"/>
      </object_component>
      <object_component id="oc-3e0">
         <name>.text:SPITransfer16</name>
         <load_address>0x20008330</load_address>
         <run_address>0x20008330</run_address>
         <size>0xce</size>
         <input_file_ref idref="fl-13"/>
      </object_component>
      <object_component id="oc-3da">
         <name>.text:SPITransfer8</name>
         <load_address>0x200083fe</load_address>
         <run_address>0x200083fe</run_address>
         <size>0xb8</size>
         <input_file_ref idref="fl-13"/>
      </object_component>
      <object_component id="oc-451">
         <name>.text:_ltostr</name>
         <load_address>0x200084b8</load_address>
         <run_address>0x200084b8</run_address>
         <size>0xb1</size>
         <input_file_ref idref="fl-dd"/>
      </object_component>
      <object_component id="oc-18e">
         <name>.text:IntEnable</name>
         <load_address>0x2000856c</load_address>
         <run_address>0x2000856c</run_address>
         <size>0xa8</size>
         <input_file_ref idref="fl-10"/>
      </object_component>
      <object_component id="oc-152">
         <name>.text:SPIConfigSetExpClk</name>
         <load_address>0x20008614</load_address>
         <run_address>0x20008614</run_address>
         <size>0xa0</size>
         <input_file_ref idref="fl-13"/>
      </object_component>
      <object_component id="oc-3d">
         <name>.text</name>
         <load_address>0x200086b4</load_address>
         <run_address>0x200086b4</run_address>
         <size>0x9c</size>
         <input_file_ref idref="fl-d3"/>
      </object_component>
      <object_component id="oc-f5">
         <name>.text</name>
         <load_address>0x20008750</load_address>
         <run_address>0x20008750</run_address>
         <size>0x96</size>
         <input_file_ref idref="fl-d5"/>
      </object_component>
      <object_component id="oc-14c">
         <name>.text:PRCMPeripheralClockGet</name>
         <load_address>0x200087e8</load_address>
         <run_address>0x200087e8</run_address>
         <size>0x94</size>
         <input_file_ref idref="fl-12"/>
      </object_component>
      <object_component id="oc-411">
         <name>.text:PinConfigSet</name>
         <load_address>0x2000887c</load_address>
         <run_address>0x2000887c</run_address>
         <size>0x88</size>
         <input_file_ref idref="fl-11"/>
      </object_component>
      <object_component id="oc-29e">
         <name>.text:SPITransfer</name>
         <load_address>0x20008904</load_address>
         <run_address>0x20008904</run_address>
         <size>0x88</size>
         <input_file_ref idref="fl-13"/>
      </object_component>
      <object_component id="oc-457">
         <name>.text:__aeabi_cdcmple</name>
         <load_address>0x2000898c</load_address>
         <run_address>0x2000898c</run_address>
         <size>0x86</size>
         <input_file_ref idref="fl-e0"/>
      </object_component>
      <object_component id="oc-4ce">
         <name>.text:__aeabi_cdrcmple</name>
         <load_address>0x20008a12</load_address>
         <run_address>0x20008a12</run_address>
         <size>0x86</size>
         <input_file_ref idref="fl-e0"/>
      </object_component>
      <object_component id="oc-2e2">
         <name>.text:I2CMasterInitExpClk</name>
         <load_address>0x20008a98</load_address>
         <run_address>0x20008a98</run_address>
         <size>0x84</size>
         <input_file_ref idref="fl-f"/>
      </object_component>
      <object_component id="oc-1ac">
         <name>.text:GPIOIntTypeSet</name>
         <load_address>0x20008b1c</load_address>
         <run_address>0x20008b1c</run_address>
         <size>0x82</size>
         <input_file_ref idref="fl-e"/>
      </object_component>
      <object_component id="oc-cb">
         <name>.text:SPIIntStatus</name>
         <load_address>0x20008ba0</load_address>
         <run_address>0x20008ba0</run_address>
         <size>0x7c</size>
         <input_file_ref idref="fl-13"/>
      </object_component>
      <object_component id="oc-8b">
         <name>.text</name>
         <load_address>0x20008c1c</load_address>
         <run_address>0x20008c1c</run_address>
         <size>0x7a</size>
         <input_file_ref idref="fl-d4"/>
      </object_component>
      <object_component id="oc-202">
         <name>.text:UARTConfigSetExpClk</name>
         <load_address>0x20008c96</load_address>
         <run_address>0x20008c96</run_address>
         <size>0x76</size>
         <input_file_ref idref="fl-15"/>
      </object_component>
      <object_component id="oc-3b6">
         <name>.text:split</name>
         <load_address>0x20008d0c</load_address>
         <run_address>0x20008d0c</run_address>
         <size>0x70</size>
         <input_file_ref idref="fl-da"/>
      </object_component>
      <object_component id="oc-4e4">
         <name>.text:_mcpy</name>
         <load_address>0x20008d7c</load_address>
         <run_address>0x20008d7c</run_address>
         <size>0x6e</size>
         <input_file_ref idref="fl-dd"/>
      </object_component>
      <object_component id="oc-15">
         <name>.text:decompress:lzss:__TI_decompress_lzss</name>
         <load_address>0x20008dea</load_address>
         <run_address>0x20008dea</run_address>
         <size>0x68</size>
         <input_file_ref idref="fl-d8"/>
      </object_component>
      <object_component id="oc-4f9">
         <name>.text:frexp</name>
         <load_address>0x20008e54</load_address>
         <run_address>0x20008e54</run_address>
         <size>0x5c</size>
         <input_file_ref idref="fl-ef"/>
      </object_component>
      <object_component id="oc-1b8">
         <name>.text:PRCMPeripheralReset</name>
         <load_address>0x20008eb0</load_address>
         <run_address>0x20008eb0</run_address>
         <size>0x58</size>
         <input_file_ref idref="fl-12"/>
      </object_component>
      <object_component id="oc-462">
         <name>.text:_pconv_f</name>
         <load_address>0x20008f08</load_address>
         <run_address>0x20008f08</run_address>
         <size>0x56</size>
         <input_file_ref idref="fl-dd"/>
      </object_component>
      <object_component id="oc-4d3">
         <name>.text:__TI_ltoa</name>
         <load_address>0x20008f5e</load_address>
         <run_address>0x20008f5e</run_address>
         <size>0x54</size>
         <input_file_ref idref="fl-e7"/>
      </object_component>
      <object_component id="oc-4de">
         <name>.text:_ecpy</name>
         <load_address>0x20008fb2</load_address>
         <run_address>0x20008fb2</run_address>
         <size>0x52</size>
         <input_file_ref idref="fl-dd"/>
      </object_component>
      <object_component id="oc-17c">
         <name>.text:SPIIntEnable</name>
         <load_address>0x20009004</load_address>
         <run_address>0x20009004</run_address>
         <size>0x4c</size>
         <input_file_ref idref="fl-13"/>
      </object_component>
      <object_component id="oc-2f7">
         <name>.text:SPIIntNumberGet</name>
         <load_address>0x20009050</load_address>
         <run_address>0x20009050</run_address>
         <size>0x4c</size>
         <input_file_ref idref="fl-13"/>
      </object_component>
      <object_component id="oc-44b">
         <name>.text:atoi</name>
         <load_address>0x2000909c</load_address>
         <run_address>0x2000909c</run_address>
         <size>0x4c</size>
         <input_file_ref idref="fl-e9"/>
      </object_component>
      <object_component id="oc-347">
         <name>.text:GPIOGetIntNumber</name>
         <load_address>0x200090e8</load_address>
         <run_address>0x200090e8</run_address>
         <size>0x48</size>
         <input_file_ref idref="fl-e"/>
      </object_component>
      <object_component id="oc-d1">
         <name>.text:SPIIntClear</name>
         <load_address>0x20009130</load_address>
         <run_address>0x20009130</run_address>
         <size>0x48</size>
         <input_file_ref idref="fl-13"/>
      </object_component>
      <object_component id="oc-13a">
         <name>.text</name>
         <load_address>0x20009178</load_address>
         <run_address>0x20009178</run_address>
         <size>0x48</size>
         <input_file_ref idref="fl-d0"/>
      </object_component>
      <object_component id="oc-247">
         <name>.text:SPIDmaMaskGet</name>
         <load_address>0x200091c0</load_address>
         <run_address>0x200091c0</run_address>
         <size>0x44</size>
         <input_file_ref idref="fl-13"/>
      </object_component>
      <object_component id="oc-1d0">
         <name>.text:__TI_auto_init_nobinit_nopinit:__TI_auto_init_nobinit_nopinit</name>
         <load_address>0x20009204</load_address>
         <run_address>0x20009204</run_address>
         <size>0x44</size>
         <input_file_ref idref="fl-e2"/>
      </object_component>
      <object_component id="oc-31e">
         <name>.text:PinModeSet</name>
         <load_address>0x20009248</load_address>
         <run_address>0x20009248</run_address>
         <size>0x40</size>
         <input_file_ref idref="fl-11"/>
      </object_component>
      <object_component id="oc-208">
         <name>.text:vsnprintf</name>
         <load_address>0x20009288</load_address>
         <run_address>0x20009288</run_address>
         <size>0x40</size>
         <input_file_ref idref="fl-ce"/>
      </object_component>
      <object_component id="oc-4f1">
         <name>.text:_fcpy</name>
         <load_address>0x200092c8</load_address>
         <run_address>0x200092c8</run_address>
         <size>0x3e</size>
         <input_file_ref idref="fl-dd"/>
      </object_component>
      <object_component id="oc-1a0">
         <name>.text:PRCMPeripheralClkEnable</name>
         <load_address>0x20009308</load_address>
         <run_address>0x20009308</run_address>
         <size>0x3c</size>
         <input_file_ref idref="fl-12"/>
      </object_component>
      <object_component id="oc-32a">
         <name>.text:GPIODirModeSet</name>
         <load_address>0x20009344</load_address>
         <run_address>0x20009344</run_address>
         <size>0x36</size>
         <input_file_ref idref="fl-e"/>
      </object_component>
      <object_component id="oc-324">
         <name>.text:PinTypeGPIO</name>
         <load_address>0x2000937a</load_address>
         <run_address>0x2000937a</run_address>
         <size>0x30</size>
         <input_file_ref idref="fl-11"/>
      </object_component>
      <object_component id="oc-378">
         <name>.text:UARTDisable</name>
         <load_address>0x200093ac</load_address>
         <run_address>0x200093ac</run_address>
         <size>0x30</size>
         <input_file_ref idref="fl-15"/>
      </object_component>
      <object_component id="oc-38b">
         <name>.text:_outs</name>
         <load_address>0x200093dc</load_address>
         <run_address>0x200093dc</run_address>
         <size>0x30</size>
         <input_file_ref idref="fl-ce"/>
      </object_component>
      <object_component id="oc-130">
         <name>.text</name>
         <load_address>0x2000940c</load_address>
         <run_address>0x2000940c</run_address>
         <size>0x2e</size>
         <input_file_ref idref="fl-d1"/>
      </object_component>
      <object_component id="oc-2be">
         <name>.text:I2CMasterErr</name>
         <load_address>0x2000943a</load_address>
         <run_address>0x2000943a</run_address>
         <size>0x2c</size>
         <input_file_ref idref="fl-f"/>
      </object_component>
      <object_component id="oc-30b">
         <name>.text:PRCMSysResetCauseGet</name>
         <load_address>0x20009468</load_address>
         <run_address>0x20009468</run_address>
         <size>0x2c</size>
         <input_file_ref idref="fl-12"/>
      </object_component>
      <object_component id="oc-dd">
         <name>.text:SPIDataGetNonBlocking</name>
         <load_address>0x20009494</load_address>
         <run_address>0x20009494</run_address>
         <size>0x2a</size>
         <input_file_ref idref="fl-13"/>
      </object_component>
      <object_component id="oc-2e8">
         <name>.text:PRCMPeripheralClkDisable</name>
         <load_address>0x200094c0</load_address>
         <run_address>0x200094c0</run_address>
         <size>0x28</size>
         <input_file_ref idref="fl-12"/>
      </object_component>
      <object_component id="oc-3bd">
         <name>.text:free_list_insert</name>
         <load_address>0x200094e8</load_address>
         <run_address>0x200094e8</run_address>
         <size>0x28</size>
         <input_file_ref idref="fl-da"/>
      </object_component>
      <object_component id="oc-220">
         <name>.text:memmove</name>
         <load_address>0x20009510</load_address>
         <run_address>0x20009510</run_address>
         <size>0x28</size>
         <input_file_ref idref="fl-d9"/>
      </object_component>
      <object_component id="oc-37e">
         <name>.text:UARTEnable</name>
         <load_address>0x20009538</load_address>
         <run_address>0x20009538</run_address>
         <size>0x24</size>
         <input_file_ref idref="fl-15"/>
      </object_component>
      <object_component id="oc-5b">
         <name>.text:_c_int00_noargs:_c_int00_noargs</name>
         <load_address>0x2000955c</load_address>
         <run_address>0x2000955c</run_address>
         <size>0x24</size>
         <input_file_ref idref="fl-dc"/>
      </object_component>
      <object_component id="oc-e3">
         <name>.text:GPIOIntStatus</name>
         <load_address>0x20009580</load_address>
         <run_address>0x20009580</run_address>
         <size>0x22</size>
         <input_file_ref idref="fl-e"/>
      </object_component>
      <object_component id="oc-2c4">
         <name>.text:I2CMasterSlaveAddrSet</name>
         <load_address>0x200095a2</load_address>
         <run_address>0x200095a2</run_address>
         <size>0x22</size>
         <input_file_ref idref="fl-f"/>
      </object_component>
      <object_component id="oc-146">
         <name>.text:SPIReset</name>
         <load_address>0x200095c4</load_address>
         <run_address>0x200095c4</run_address>
         <size>0x22</size>
         <input_file_ref idref="fl-13"/>
      </object_component>
      <object_component id="oc-298">
         <name>.text:GPIOPinWrite</name>
         <load_address>0x200095e6</load_address>
         <run_address>0x200095e6</run_address>
         <size>0x20</size>
         <input_file_ref idref="fl-e"/>
      </object_component>
      <object_component id="oc-262">
         <name>.text:IntRegister</name>
         <load_address>0x20009608</load_address>
         <run_address>0x20009608</run_address>
         <size>0x20</size>
         <input_file_ref idref="fl-10"/>
      </object_component>
      <object_component id="oc-1a6">
         <name>.text:GPIOIntRegister</name>
         <load_address>0x20009628</load_address>
         <run_address>0x20009628</run_address>
         <size>0x1e</size>
         <input_file_ref idref="fl-e"/>
      </object_component>
      <object_component id="oc-2b8">
         <name>.text:I2CMasterIntStatusEx</name>
         <load_address>0x20009646</load_address>
         <run_address>0x20009646</run_address>
         <size>0x1e</size>
         <input_file_ref idref="fl-f"/>
      </object_component>
      <object_component id="oc-d7">
         <name>.text:SPIDataPut</name>
         <load_address>0x20009664</load_address>
         <run_address>0x20009664</run_address>
         <size>0x1e</size>
         <input_file_ref idref="fl-13"/>
      </object_component>
      <object_component id="oc-176">
         <name>.text:SPIIntRegister</name>
         <load_address>0x20009682</load_address>
         <run_address>0x20009682</run_address>
         <size>0x1e</size>
         <input_file_ref idref="fl-13"/>
      </object_component>
      <object_component id="oc-170">
         <name>.text:UARTCharPut</name>
         <load_address>0x200096a0</load_address>
         <run_address>0x200096a0</run_address>
         <size>0x1e</size>
         <input_file_ref idref="fl-15"/>
      </object_component>
      <object_component id="oc-330">
         <name>.text:PinTypeI2C</name>
         <load_address>0x200096be</load_address>
         <run_address>0x200096be</run_address>
         <size>0x1c</size>
         <input_file_ref idref="fl-11"/>
      </object_component>
      <object_component id="oc-105">
         <name>.text:SysTickIntRegister</name>
         <load_address>0x200096dc</load_address>
         <run_address>0x200096dc</run_address>
         <size>0x1c</size>
         <input_file_ref idref="fl-14"/>
      </object_component>
      <object_component id="oc-214">
         <name>.text:UARTCharGetNonBlocking</name>
         <load_address>0x200096f8</load_address>
         <run_address>0x200096f8</run_address>
         <size>0x1c</size>
         <input_file_ref idref="fl-15"/>
      </object_component>
      <object_component id="oc-49">
         <name>.text:decompress:ZI:__TI_zero_init_nomemset:__TI_zero_init_nomemset</name>
         <load_address>0x20009714</load_address>
         <run_address>0x20009714</run_address>
         <size>0x1c</size>
         <input_file_ref idref="fl-d6"/>
      </object_component>
      <object_component id="oc-3b0">
         <name>.text:free_list_remove</name>
         <load_address>0x20009730</load_address>
         <run_address>0x20009730</run_address>
         <size>0x1c</size>
         <input_file_ref idref="fl-da"/>
      </object_component>
      <object_component id="oc-474">
         <name>.text:memccpy</name>
         <load_address>0x2000974c</load_address>
         <run_address>0x2000974c</run_address>
         <size>0x1c</size>
         <input_file_ref idref="fl-eb"/>
      </object_component>
      <object_component id="oc-1b2">
         <name>.text:GPIOIntEnable</name>
         <load_address>0x20009768</load_address>
         <run_address>0x20009768</run_address>
         <size>0x1a</size>
         <input_file_ref idref="fl-e"/>
      </object_component>
      <object_component id="oc-336">
         <name>.text:PinTypeSPI</name>
         <load_address>0x20009782</load_address>
         <run_address>0x20009782</run_address>
         <size>0x1a</size>
         <input_file_ref idref="fl-11"/>
      </object_component>
      <object_component id="oc-33c">
         <name>.text:PinTypeUART</name>
         <load_address>0x2000979c</load_address>
         <run_address>0x2000979c</run_address>
         <size>0x1a</size>
         <input_file_ref idref="fl-11"/>
      </object_component>
      <object_component id="oc-2dc">
         <name>.text:I2CMasterIntEnableEx</name>
         <load_address>0x200097b6</load_address>
         <run_address>0x200097b6</run_address>
         <size>0x18</size>
         <input_file_ref idref="fl-f"/>
      </object_component>
      <object_component id="oc-158">
         <name>.text:SPIEnable</name>
         <load_address>0x200097ce</load_address>
         <run_address>0x200097ce</run_address>
         <size>0x18</size>
         <input_file_ref idref="fl-13"/>
      </object_component>
      <object_component id="oc-ff">
         <name>.text:SysTickPeriodSet</name>
         <load_address>0x200097e8</load_address>
         <run_address>0x200097e8</run_address>
         <size>0x18</size>
         <input_file_ref idref="fl-14"/>
      </object_component>
      <object_component id="oc-20e">
         <name>.text:UARTCharsAvail</name>
         <load_address>0x20009800</load_address>
         <run_address>0x20009800</run_address>
         <size>0x18</size>
         <input_file_ref idref="fl-15"/>
      </object_component>
      <object_component id="oc-391">
         <name>.text:_outc</name>
         <load_address>0x20009818</load_address>
         <run_address>0x20009818</run_address>
         <size>0x18</size>
         <input_file_ref idref="fl-ce"/>
      </object_component>
      <object_component id="oc-fa">
         <name>.text</name>
         <load_address>0x20009830</load_address>
         <run_address>0x20009830</run_address>
         <size>0x18</size>
         <input_file_ref idref="fl-d2"/>
      </object_component>
      <object_component id="oc-2ca">
         <name>.text:I2CMasterDataPut</name>
         <load_address>0x20009848</load_address>
         <run_address>0x20009848</run_address>
         <size>0x16</size>
         <input_file_ref idref="fl-f"/>
      </object_component>
      <object_component id="oc-2d6">
         <name>.text:I2CMasterEnable</name>
         <load_address>0x2000985e</load_address>
         <run_address>0x2000985e</run_address>
         <size>0x16</size>
         <input_file_ref idref="fl-f"/>
      </object_component>
      <object_component id="oc-2a6">
         <name>.text:I2CMasterIntClear</name>
         <load_address>0x20009874</load_address>
         <run_address>0x20009874</run_address>
         <size>0x16</size>
         <input_file_ref idref="fl-f"/>
      </object_component>
      <object_component id="oc-311">
         <name>.text:PRCMHIBRegRead</name>
         <load_address>0x2000988a</load_address>
         <run_address>0x2000988a</run_address>
         <size>0x16</size>
         <input_file_ref idref="fl-12"/>
      </object_component>
      <object_component id="oc-317">
         <name>.text:PRCMHIBRegWrite</name>
         <load_address>0x200098a0</load_address>
         <run_address>0x200098a0</run_address>
         <size>0x16</size>
         <input_file_ref idref="fl-12"/>
      </object_component>
      <object_component id="oc-16a">
         <name>.text:UARTCharGet</name>
         <load_address>0x200098b6</load_address>
         <run_address>0x200098b6</run_address>
         <size>0x16</size>
         <input_file_ref idref="fl-15"/>
      </object_component>
      <object_component id="oc-505">
         <name>.text:strchr</name>
         <load_address>0x200098cc</load_address>
         <run_address>0x200098cc</run_address>
         <size>0x16</size>
         <input_file_ref idref="fl-ec"/>
      </object_component>
      <object_component id="oc-300">
         <name>.text:CPUcpsie</name>
         <load_address>0x200098e2</load_address>
         <run_address>0x200098e2</run_address>
         <size>0x14</size>
         <input_file_ref idref="fl-17"/>
      </object_component>
      <object_component id="oc-e9">
         <name>.text:GPIOIntClear</name>
         <load_address>0x200098f6</load_address>
         <run_address>0x200098f6</run_address>
         <size>0x14</size>
         <input_file_ref idref="fl-e"/>
      </object_component>
      <object_component id="oc-182">
         <name>.text:IntVTableBaseSet</name>
         <load_address>0x2000990c</load_address>
         <run_address>0x2000990c</run_address>
         <size>0x14</size>
         <input_file_ref idref="fl-10"/>
      </object_component>
      <object_component id="oc-21a">
         <name>.text:strlen</name>
         <load_address>0x20009920</load_address>
         <run_address>0x20009920</run_address>
         <size>0x14</size>
         <input_file_ref idref="fl-db"/>
      </object_component>
      <object_component id="oc-2b2">
         <name>.text:I2CMasterControl</name>
         <load_address>0x20009934</load_address>
         <run_address>0x20009934</run_address>
         <size>0x12</size>
         <input_file_ref idref="fl-f"/>
      </object_component>
      <object_component id="oc-2ac">
         <name>.text:I2CMasterTimeoutSet</name>
         <load_address>0x20009946</load_address>
         <run_address>0x20009946</run_address>
         <size>0x12</size>
         <input_file_ref idref="fl-f"/>
      </object_component>
      <object_component id="oc-47a">
         <name>.text:wcslen</name>
         <load_address>0x20009958</load_address>
         <run_address>0x20009958</run_address>
         <size>0x12</size>
         <input_file_ref idref="fl-ee"/>
      </object_component>
      <object_component id="oc-111">
         <name>.text:SysTickEnable</name>
         <load_address>0x2000996c</load_address>
         <run_address>0x2000996c</run_address>
         <size>0x10</size>
         <input_file_ref idref="fl-14"/>
      </object_component>
      <object_component id="oc-10b">
         <name>.text:SysTickIntEnable</name>
         <load_address>0x2000997c</load_address>
         <run_address>0x2000997c</run_address>
         <size>0x10</size>
         <input_file_ref idref="fl-14"/>
      </object_component>
      <object_component id="oc-2d0">
         <name>.text:I2CMasterDataGet</name>
         <load_address>0x2000998c</load_address>
         <run_address>0x2000998c</run_address>
         <size>0xe</size>
         <input_file_ref idref="fl-f"/>
      </object_component>
      <object_component id="oc-1b">
         <name>.text:decompress:none:__TI_decompress_none</name>
         <load_address>0x2000999a</load_address>
         <run_address>0x2000999a</run_address>
         <size>0xe</size>
         <input_file_ref idref="fl-d7"/>
      </object_component>
      <object_component id="oc-29">
         <name>.text</name>
         <load_address>0x200099a8</load_address>
         <run_address>0x200099a8</run_address>
         <size>0xe</size>
         <input_file_ref idref="fl-7"/>
      </object_component>
      <object_component id="oc-ef">
         <name>.text:SysTickValueGet</name>
         <load_address>0x200099b8</load_address>
         <run_address>0x200099b8</run_address>
         <size>0xc</size>
         <input_file_ref idref="fl-14"/>
      </object_component>
      <object_component id="oc-540">
         <name>.text:copysign</name>
         <load_address>0x200099c4</load_address>
         <run_address>0x200099c4</run_address>
         <size>0xc</size>
         <input_file_ref idref="fl-f1"/>
      </object_component>
      <object_component id="oc-188">
         <name>.text:IntMasterEnable</name>
         <load_address>0x200099d0</load_address>
         <run_address>0x200099d0</run_address>
         <size>0xa</size>
         <input_file_ref idref="fl-10"/>
      </object_component>
      <object_component id="oc-480">
         <name>.text:__aeabi_errno_addr</name>
         <load_address>0x200099dc</load_address>
         <run_address>0x200099dc</run_address>
         <size>0x8</size>
         <input_file_ref idref="fl-ed"/>
      </object_component>
      <object_component id="oc-226">
         <name>.text:malloc</name>
         <load_address>0x200099e4</load_address>
         <run_address>0x200099e4</run_address>
         <size>0x8</size>
         <input_file_ref idref="fl-da"/>
      </object_component>
      <object_component id="oc-40a">
         <name>.text:UtilsDelay</name>
         <load_address>0x200099ec</load_address>
         <run_address>0x200099ec</run_address>
         <size>0x6</size>
         <input_file_ref idref="fl-16"/>
      </object_component>
      <object_component id="oc-91">
         <name>.text:_system_pre_init</name>
         <load_address>0x200099f2</load_address>
         <run_address>0x200099f2</run_address>
         <size>0x4</size>
         <input_file_ref idref="fl-e3"/>
      </object_component>
      <object_component id="oc-1c4">
         <name>.text:abort:abort</name>
         <load_address>0x200099f6</load_address>
         <run_address>0x200099f6</run_address>
         <size>0x4</size>
         <input_file_ref idref="fl-e5"/>
      </object_component>
      <object_component id="oc-285">
         <name>.const:.string:font</name>
         <load_address>0x200099fc</load_address>
         <run_address>0x200099fc</run_address>
         <size>0x4fb</size>
         <input_file_ref idref="fl-1"/>
      </object_component>
      <object_component id="oc-4c2">
         <name>.const:.string:_ctypes_</name>
         <load_address>0x20009ef7</load_address>
         <run_address>0x20009ef7</run_address>
         <size>0x101</size>
         <input_file_ref idref="fl-ea"/>
      </object_component>
      <object_component id="oc-40d">
         <name>.const:g_ulPinToPadMap</name>
         <load_address>0x20009ff8</load_address>
         <run_address>0x20009ff8</run_address>
         <size>0x100</size>
         <input_file_ref idref="fl-11"/>
      </object_component>
      <object_component id="oc-343">
         <name>.const:PRCM_PeriphRegsList</name>
         <load_address>0x2000a0f8</load_address>
         <run_address>0x2000a0f8</run_address>
         <size>0xa8</size>
         <input_file_ref idref="fl-12"/>
      </object_component>
      <object_component id="oc-402">
         <name>.const:g_ppulSPIIntMap</name>
         <load_address>0x2000a1a0</load_address>
         <run_address>0x2000a1a0</run_address>
         <size>0x24</size>
         <input_file_ref idref="fl-13"/>
      </object_component>
      <object_component id="oc-307">
         <name>.const:g_pulEnRegs</name>
         <load_address>0x2000a1c4</load_address>
         <run_address>0x2000a1c4</run_address>
         <size>0x18</size>
         <input_file_ref idref="fl-10"/>
      </object_component>
      <object_component id="oc-3c8">
         <name>.const:g_ulSPIDmaMaskMap</name>
         <load_address>0x2000a1dc</load_address>
         <run_address>0x2000a1dc</run_address>
         <size>0x18</size>
         <input_file_ref idref="fl-13"/>
      </object_component>
      <object_component id="oc-59e">
         <name>.cinit..data.load</name>
         <load_address>0x2000a1f8</load_address>
         <run_address>0x2000a1f8</run_address>
         <size>0x4c</size>
      </object_component>
      <object_component id="oc-59c">
         <name>__TI_handler_table</name>
         <load_address>0x2000a244</load_address>
         <run_address>0x2000a244</run_address>
         <size>0xc</size>
      </object_component>
      <object_component id="oc-59f">
         <name>.cinit..bss.load</name>
         <load_address>0x2000a250</load_address>
         <run_address>0x2000a250</run_address>
         <size>0x8</size>
      </object_component>
      <object_component id="oc-59d">
         <name>__TI_cinit_table</name>
         <load_address>0x2000a258</load_address>
         <run_address>0x2000a258</run_address>
         <size>0x10</size>
      </object_component>
      <object_component id="oc-288">
         <name>.data</name>
         <load_address>0x20017a50</load_address>
         <run_address>0x20017a50</run_address>
         <size>0x15</size>
         <input_file_ref idref="fl-1"/>
      </object_component>
      <object_component id="oc-117">
         <name>.data</name>
         <load_address>0x20017a14</load_address>
         <run_address>0x20017a14</run_address>
         <size>0x3c</size>
         <input_file_ref idref="fl-4"/>
      </object_component>
      <object_component id="oc-120">
         <name>.data:our_input</name>
         <load_address>0x20017a80</load_address>
         <run_address>0x20017a80</run_address>
         <size>0x8</size>
         <input_file_ref idref="fl-4"/>
      </object_component>
      <object_component id="oc-143">
         <name>.data:celsius</name>
         <load_address>0x20017a88</load_address>
         <run_address>0x20017a88</run_address>
         <size>0x7</size>
         <input_file_ref idref="fl-4"/>
      </object_component>
      <object_component id="oc-140">
         <name>.data:fahrenheit</name>
         <load_address>0x20017a65</load_address>
         <run_address>0x20017a65</run_address>
         <size>0xa</size>
         <input_file_ref idref="fl-4"/>
      </object_component>
      <object_component id="oc-49a">
         <name>.data:$O1$$</name>
         <load_address>0x20017a78</load_address>
         <run_address>0x20017a78</run_address>
         <size>0x8</size>
         <input_file_ref idref="fl-da"/>
      </object_component>
      <object_component id="oc-35c">
         <name>.data:$O1$$</name>
         <load_address>0x20017a70</load_address>
         <run_address>0x20017a70</run_address>
         <size>0x8</size>
         <input_file_ref idref="fl-e6"/>
      </object_component>
      <object_component id="oc-515">
         <name>.data</name>
         <load_address>0x20017a90</load_address>
         <run_address>0x20017a90</run_address>
         <size>0x4</size>
         <input_file_ref idref="fl-ed"/>
      </object_component>
      <object_component id="oc-11a">
         <name>.bss:g_ucTxBuff</name>
         <uninitialized>true</uninitialized>
         <run_address>0x20017990</run_address>
         <size>0x64</size>
         <input_file_ref idref="fl-4"/>
      </object_component>
      <object_component id="oc-11d">
         <name>.bss</name>
         <uninitialized>true</uninitialized>
         <run_address>0x20017a10</run_address>
         <size>0x2</size>
         <input_file_ref idref="fl-4"/>
      </object_component>
      <object_component id="oc-238">
         <name>.bss</name>
         <uninitialized>true</uninitialized>
         <run_address>0x200179f4</run_address>
         <size>0x4</size>
         <input_file_ref idref="fl-8"/>
      </object_component>
      <object_component id="oc-126">
         <name>.common:SW2_intcount</name>
         <uninitialized>true</uninitialized>
         <run_address>0x20017a08</run_address>
         <size>0x4</size>
      </object_component>
      <object_component id="oc-127">
         <name>.common:SW2_intflag</name>
         <uninitialized>true</uninitialized>
         <run_address>0x20017a12</run_address>
         <size>0x1</size>
      </object_component>
      <object_component id="oc-128">
         <name>.common:delta_current</name>
         <uninitialized>true</uninitialized>
         <run_address>0x200179f8</run_address>
         <size>0x8</size>
      </object_component>
      <object_component id="oc-129">
         <name>.common:delta_us</name>
         <uninitialized>true</uninitialized>
         <run_address>0x20017a00</run_address>
         <size>0x8</size>
      </object_component>
      <object_component id="oc-123">
         <name>.common:ulStatus</name>
         <uninitialized>true</uninitialized>
         <run_address>0x20017a0c</run_address>
         <size>0x4</size>
      </object_component>
      <object_component id="oc-13f">
         <name>.common:full_num</name>
         <uninitialized>true</uninitialized>
         <run_address>0x20017800</run_address>
         <size>0x190</size>
      </object_component>
      <object_component id="oc-23">
         <name>.sysmem</name>
         <uninitialized>true</uninitialized>
         <run_address>0x20017000</run_address>
         <size>0x10</size>
         <input_file_ref idref="fl-da"/>
      </object_component>
      <object_component id="oc-5a2">
         <name>.sysmem</name>
         <uninitialized>true</uninitialized>
         <run_address>0x20017000</run_address>
         <size>0x0</size>
      </object_component>
      <object_component id="oc-26">
         <name>.stack</name>
         <uninitialized>true</uninitialized>
         <run_address>0x2002f800</run_address>
         <size>0x4</size>
         <input_file_ref idref="fl-dc"/>
      </object_component>
      <object_component id="oc-5a1">
         <name>.stack</name>
         <uninitialized>true</uninitialized>
         <run_address>0x2002f800</run_address>
         <size>0x0</size>
      </object_component>
      <object_component id="oc-28c">
         <name>.debug_info</name>
         <load_address>0x0</load_address>
         <run_address>0x0</run_address>
         <size>0x221</size>
         <input_file_ref idref="fl-1"/>
      </object_component>
      <object_component id="oc-286">
         <name>.debug_info</name>
         <load_address>0x221</load_address>
         <run_address>0x221</run_address>
         <size>0xd3</size>
         <input_file_ref idref="fl-1"/>
      </object_component>
      <object_component id="oc-289">
         <name>.debug_info</name>
         <load_address>0x2f4</load_address>
         <run_address>0x2f4</run_address>
         <size>0x181</size>
         <input_file_ref idref="fl-1"/>
      </object_component>
      <object_component id="oc-12b">
         <name>.debug_info</name>
         <load_address>0x475</load_address>
         <run_address>0x475</run_address>
         <size>0x153f</size>
         <input_file_ref idref="fl-1"/>
      </object_component>
      <object_component id="oc-38">
         <name>.debug_info</name>
         <load_address>0x19b4</load_address>
         <run_address>0x19b4</run_address>
         <size>0x84</size>
         <input_file_ref idref="fl-1"/>
      </object_component>
      <object_component id="oc-2a5">
         <name>.debug_info</name>
         <load_address>0x1a38</load_address>
         <run_address>0x1a38</run_address>
         <size>0x1ba</size>
         <input_file_ref idref="fl-2"/>
      </object_component>
      <object_component id="oc-162">
         <name>.debug_info</name>
         <load_address>0x1bf2</load_address>
         <run_address>0x1bf2</run_address>
         <size>0xdc8</size>
         <input_file_ref idref="fl-2"/>
      </object_component>
      <object_component id="oc-423">
         <name>.debug_info</name>
         <load_address>0x29ba</load_address>
         <run_address>0x29ba</run_address>
         <size>0x62</size>
         <input_file_ref idref="fl-2"/>
      </object_component>
      <object_component id="oc-24e">
         <name>.debug_info</name>
         <load_address>0x2a1c</load_address>
         <run_address>0x2a1c</run_address>
         <size>0x2c</size>
         <input_file_ref idref="fl-2"/>
      </object_component>
      <object_component id="oc-bc">
         <name>.debug_info</name>
         <load_address>0x2a48</load_address>
         <run_address>0x2a48</run_address>
         <size>0x2c</size>
         <input_file_ref idref="fl-2"/>
      </object_component>
      <object_component id="oc-280">
         <name>.debug_info</name>
         <load_address>0x2a74</load_address>
         <run_address>0x2a74</run_address>
         <size>0x35</size>
         <input_file_ref idref="fl-2"/>
      </object_component>
      <object_component id="oc-2f4">
         <name>.debug_info</name>
         <load_address>0x2aa9</load_address>
         <run_address>0x2aa9</run_address>
         <size>0x4ef</size>
         <input_file_ref idref="fl-3"/>
      </object_component>
      <object_component id="oc-165">
         <name>.debug_info</name>
         <load_address>0x2f98</load_address>
         <run_address>0x2f98</run_address>
         <size>0xcc0</size>
         <input_file_ref idref="fl-3"/>
      </object_component>
      <object_component id="oc-27b">
         <name>.debug_info</name>
         <load_address>0x3c58</load_address>
         <run_address>0x3c58</run_address>
         <size>0x26b</size>
         <input_file_ref idref="fl-3"/>
      </object_component>
      <object_component id="oc-242">
         <name>.debug_info</name>
         <load_address>0x3ec3</load_address>
         <run_address>0x3ec3</run_address>
         <size>0x110</size>
         <input_file_ref idref="fl-3"/>
      </object_component>
      <object_component id="oc-2ef">
         <name>.debug_info</name>
         <load_address>0x3fd3</load_address>
         <run_address>0x3fd3</run_address>
         <size>0x8b</size>
         <input_file_ref idref="fl-3"/>
      </object_component>
      <object_component id="oc-353">
         <name>.debug_info</name>
         <load_address>0x405e</load_address>
         <run_address>0x405e</run_address>
         <size>0x2a4</size>
         <input_file_ref idref="fl-3"/>
      </object_component>
      <object_component id="oc-1bf">
         <name>.debug_info</name>
         <load_address>0x4302</load_address>
         <run_address>0x4302</run_address>
         <size>0xbb</size>
         <input_file_ref idref="fl-3"/>
      </object_component>
      <object_component id="oc-124">
         <name>.debug_info</name>
         <load_address>0x43bd</load_address>
         <run_address>0x43bd</run_address>
         <size>0xa3c</size>
         <input_file_ref idref="fl-4"/>
      </object_component>
      <object_component id="oc-118">
         <name>.debug_info</name>
         <load_address>0x4df9</load_address>
         <run_address>0x4df9</run_address>
         <size>0x31e</size>
         <input_file_ref idref="fl-4"/>
      </object_component>
      <object_component id="oc-121">
         <name>.debug_info</name>
         <load_address>0x5117</load_address>
         <run_address>0x5117</run_address>
         <size>0xd5</size>
         <input_file_ref idref="fl-4"/>
      </object_component>
      <object_component id="oc-11b">
         <name>.debug_info</name>
         <load_address>0x51ec</load_address>
         <run_address>0x51ec</run_address>
         <size>0xd7</size>
         <input_file_ref idref="fl-4"/>
      </object_component>
      <object_component id="oc-11e">
         <name>.debug_info</name>
         <load_address>0x52c3</load_address>
         <run_address>0x52c3</run_address>
         <size>0xff</size>
         <input_file_ref idref="fl-4"/>
      </object_component>
      <object_component id="oc-144">
         <name>.debug_info</name>
         <load_address>0x53c2</load_address>
         <run_address>0x53c2</run_address>
         <size>0xd2</size>
         <input_file_ref idref="fl-4"/>
      </object_component>
      <object_component id="oc-141">
         <name>.debug_info</name>
         <load_address>0x5494</load_address>
         <run_address>0x5494</run_address>
         <size>0xd8</size>
         <input_file_ref idref="fl-4"/>
      </object_component>
      <object_component id="oc-98">
         <name>.debug_info</name>
         <load_address>0x556c</load_address>
         <run_address>0x556c</run_address>
         <size>0x1954</size>
         <input_file_ref idref="fl-4"/>
      </object_component>
      <object_component id="oc-274">
         <name>.debug_info</name>
         <load_address>0x6ec0</load_address>
         <run_address>0x6ec0</run_address>
         <size>0x62</size>
         <input_file_ref idref="fl-4"/>
      </object_component>
      <object_component id="oc-23d">
         <name>.debug_info</name>
         <load_address>0x6f22</load_address>
         <run_address>0x6f22</run_address>
         <size>0x2c</size>
         <input_file_ref idref="fl-4"/>
      </object_component>
      <object_component id="oc-19b">
         <name>.debug_info</name>
         <load_address>0x6f4e</load_address>
         <run_address>0x6f4e</run_address>
         <size>0x3cd</size>
         <input_file_ref idref="fl-6"/>
      </object_component>
      <object_component id="oc-31">
         <name>.debug_info</name>
         <load_address>0x731b</load_address>
         <run_address>0x731b</run_address>
         <size>0x1a0</size>
         <input_file_ref idref="fl-7"/>
      </object_component>
      <object_component id="oc-13">
         <name>.debug_info</name>
         <load_address>0x74bb</load_address>
         <run_address>0x74bb</run_address>
         <size>0x11f</size>
         <input_file_ref idref="fl-7"/>
      </object_component>
      <object_component id="oc-2a">
         <name>.debug_info</name>
         <load_address>0x75da</load_address>
         <run_address>0x75da</run_address>
         <size>0x4d6</size>
         <input_file_ref idref="fl-7"/>
      </object_component>
      <object_component id="oc-23c">
         <name>.debug_info</name>
         <load_address>0x7ab0</load_address>
         <run_address>0x7ab0</run_address>
         <size>0x3af</size>
         <input_file_ref idref="fl-8"/>
      </object_component>
      <object_component id="oc-239">
         <name>.debug_info</name>
         <load_address>0x7e5f</load_address>
         <run_address>0x7e5f</run_address>
         <size>0xda</size>
         <input_file_ref idref="fl-8"/>
      </object_component>
      <object_component id="oc-c6">
         <name>.debug_info</name>
         <load_address>0x7f39</load_address>
         <run_address>0x7f39</run_address>
         <size>0x640</size>
         <input_file_ref idref="fl-8"/>
      </object_component>
      <object_component id="oc-34e">
         <name>.debug_info</name>
         <load_address>0x8579</load_address>
         <run_address>0x8579</run_address>
         <size>0x1e0</size>
         <input_file_ref idref="fl-e"/>
      </object_component>
      <object_component id="oc-349">
         <name>.debug_info</name>
         <load_address>0x8759</load_address>
         <run_address>0x8759</run_address>
         <size>0x19e</size>
         <input_file_ref idref="fl-e"/>
      </object_component>
      <object_component id="oc-32c">
         <name>.debug_info</name>
         <load_address>0x88f7</load_address>
         <run_address>0x88f7</run_address>
         <size>0x1dd</size>
         <input_file_ref idref="fl-e"/>
      </object_component>
      <object_component id="oc-1af">
         <name>.debug_info</name>
         <load_address>0x8ad4</load_address>
         <run_address>0x8ad4</run_address>
         <size>0x1e8</size>
         <input_file_ref idref="fl-e"/>
      </object_component>
      <object_component id="oc-1b5">
         <name>.debug_info</name>
         <load_address>0x8cbc</load_address>
         <run_address>0x8cbc</run_address>
         <size>0x1bf</size>
         <input_file_ref idref="fl-e"/>
      </object_component>
      <object_component id="oc-e6">
         <name>.debug_info</name>
         <load_address>0x8e7b</load_address>
         <run_address>0x8e7b</run_address>
         <size>0x1b7</size>
         <input_file_ref idref="fl-e"/>
      </object_component>
      <object_component id="oc-ec">
         <name>.debug_info</name>
         <load_address>0x9032</load_address>
         <run_address>0x9032</run_address>
         <size>0x1bd</size>
         <input_file_ref idref="fl-e"/>
      </object_component>
      <object_component id="oc-1a9">
         <name>.debug_info</name>
         <load_address>0x91ef</load_address>
         <run_address>0x91ef</run_address>
         <size>0x208</size>
         <input_file_ref idref="fl-e"/>
      </object_component>
      <object_component id="oc-29b">
         <name>.debug_info</name>
         <load_address>0x93f7</load_address>
         <run_address>0x93f7</run_address>
         <size>0x1d4</size>
         <input_file_ref idref="fl-e"/>
      </object_component>
      <object_component id="oc-528">
         <name>.debug_info</name>
         <load_address>0x95cb</load_address>
         <run_address>0x95cb</run_address>
         <size>0x220</size>
         <input_file_ref idref="fl-f"/>
      </object_component>
      <object_component id="oc-2e3">
         <name>.debug_info</name>
         <load_address>0x97eb</load_address>
         <run_address>0x97eb</run_address>
         <size>0x242</size>
         <input_file_ref idref="fl-f"/>
      </object_component>
      <object_component id="oc-2d8">
         <name>.debug_info</name>
         <load_address>0x9a2d</load_address>
         <run_address>0x9a2d</run_address>
         <size>0x18d</size>
         <input_file_ref idref="fl-f"/>
      </object_component>
      <object_component id="oc-2df">
         <name>.debug_info</name>
         <load_address>0x9bba</load_address>
         <run_address>0x9bba</run_address>
         <size>0x1da</size>
         <input_file_ref idref="fl-f"/>
      </object_component>
      <object_component id="oc-2ba">
         <name>.debug_info</name>
         <load_address>0x9d94</load_address>
         <run_address>0x9d94</run_address>
         <size>0x1ca</size>
         <input_file_ref idref="fl-f"/>
      </object_component>
      <object_component id="oc-2a8">
         <name>.debug_info</name>
         <load_address>0x9f5e</load_address>
         <run_address>0x9f5e</run_address>
         <size>0x191</size>
         <input_file_ref idref="fl-f"/>
      </object_component>
      <object_component id="oc-2c6">
         <name>.debug_info</name>
         <load_address>0xa0ef</load_address>
         <run_address>0xa0ef</run_address>
         <size>0x20f</size>
         <input_file_ref idref="fl-f"/>
      </object_component>
      <object_component id="oc-2b4">
         <name>.debug_info</name>
         <load_address>0xa2fe</load_address>
         <run_address>0xa2fe</run_address>
         <size>0x1be</size>
         <input_file_ref idref="fl-f"/>
      </object_component>
      <object_component id="oc-2c0">
         <name>.debug_info</name>
         <load_address>0xa4bc</load_address>
         <run_address>0xa4bc</run_address>
         <size>0x1a3</size>
         <input_file_ref idref="fl-f"/>
      </object_component>
      <object_component id="oc-2cc">
         <name>.debug_info</name>
         <load_address>0xa65f</load_address>
         <run_address>0xa65f</run_address>
         <size>0x1be</size>
         <input_file_ref idref="fl-f"/>
      </object_component>
      <object_component id="oc-2d2">
         <name>.debug_info</name>
         <load_address>0xa81d</load_address>
         <run_address>0xa81d</run_address>
         <size>0x193</size>
         <input_file_ref idref="fl-f"/>
      </object_component>
      <object_component id="oc-2ae">
         <name>.debug_info</name>
         <load_address>0xa9b0</load_address>
         <run_address>0xa9b0</run_address>
         <size>0x1cc</size>
         <input_file_ref idref="fl-f"/>
      </object_component>
      <object_component id="oc-55e">
         <name>.debug_info</name>
         <load_address>0xab7c</load_address>
         <run_address>0xab7c</run_address>
         <size>0x26b</size>
         <input_file_ref idref="fl-f"/>
      </object_component>
      <object_component id="oc-4a8">
         <name>.debug_info</name>
         <load_address>0xade7</load_address>
         <run_address>0xade7</run_address>
         <size>0x297</size>
         <input_file_ref idref="fl-f"/>
      </object_component>
      <object_component id="oc-3f0">
         <name>.debug_info</name>
         <load_address>0xb07e</load_address>
         <run_address>0xb07e</run_address>
         <size>0xbb</size>
         <input_file_ref idref="fl-f"/>
      </object_component>
      <object_component id="oc-3d0">
         <name>.debug_info</name>
         <load_address>0xb139</load_address>
         <run_address>0xb139</run_address>
         <size>0x201</size>
         <input_file_ref idref="fl-10"/>
      </object_component>
      <object_component id="oc-308">
         <name>.debug_info</name>
         <load_address>0xb33a</load_address>
         <run_address>0xb33a</run_address>
         <size>0xf4</size>
         <input_file_ref idref="fl-10"/>
      </object_component>
      <object_component id="oc-18c">
         <name>.debug_info</name>
         <load_address>0xb42e</load_address>
         <run_address>0xb42e</run_address>
         <size>0x17c</size>
         <input_file_ref idref="fl-10"/>
      </object_component>
      <object_component id="oc-186">
         <name>.debug_info</name>
         <load_address>0xb5aa</load_address>
         <run_address>0xb5aa</run_address>
         <size>0x1ae</size>
         <input_file_ref idref="fl-10"/>
      </object_component>
      <object_component id="oc-266">
         <name>.debug_info</name>
         <load_address>0xb758</load_address>
         <run_address>0xb758</run_address>
         <size>0x1f8</size>
         <input_file_ref idref="fl-10"/>
      </object_component>
      <object_component id="oc-192">
         <name>.debug_info</name>
         <load_address>0xb950</load_address>
         <run_address>0xb950</run_address>
         <size>0x19f</size>
         <input_file_ref idref="fl-10"/>
      </object_component>
      <object_component id="oc-4b1">
         <name>.debug_info</name>
         <load_address>0xbaef</load_address>
         <run_address>0xbaef</run_address>
         <size>0x14e</size>
         <input_file_ref idref="fl-11"/>
      </object_component>
      <object_component id="oc-40e">
         <name>.debug_info</name>
         <load_address>0xbc3d</load_address>
         <run_address>0xbc3d</run_address>
         <size>0xf6</size>
         <input_file_ref idref="fl-11"/>
      </object_component>
      <object_component id="oc-320">
         <name>.debug_info</name>
         <load_address>0xbd33</load_address>
         <run_address>0xbd33</run_address>
         <size>0x1bf</size>
         <input_file_ref idref="fl-11"/>
      </object_component>
      <object_component id="oc-413">
         <name>.debug_info</name>
         <load_address>0xbef2</load_address>
         <run_address>0xbef2</run_address>
         <size>0x20d</size>
         <input_file_ref idref="fl-11"/>
      </object_component>
      <object_component id="oc-33e">
         <name>.debug_info</name>
         <load_address>0xc0ff</load_address>
         <run_address>0xc0ff</run_address>
         <size>0x1d4</size>
         <input_file_ref idref="fl-11"/>
      </object_component>
      <object_component id="oc-332">
         <name>.debug_info</name>
         <load_address>0xc2d3</load_address>
         <run_address>0xc2d3</run_address>
         <size>0x1d2</size>
         <input_file_ref idref="fl-11"/>
      </object_component>
      <object_component id="oc-338">
         <name>.debug_info</name>
         <load_address>0xc4a5</load_address>
         <run_address>0xc4a5</run_address>
         <size>0x1d2</size>
         <input_file_ref idref="fl-11"/>
      </object_component>
      <object_component id="oc-325">
         <name>.debug_info</name>
         <load_address>0xc677</load_address>
         <run_address>0xc677</run_address>
         <size>0x222</size>
         <input_file_ref idref="fl-11"/>
      </object_component>
      <object_component id="oc-352">
         <name>.debug_info</name>
         <load_address>0xc899</load_address>
         <run_address>0xc899</run_address>
         <size>0x25e</size>
         <input_file_ref idref="fl-12"/>
      </object_component>
      <object_component id="oc-344">
         <name>.debug_info</name>
         <load_address>0xcaf7</load_address>
         <run_address>0xcaf7</run_address>
         <size>0xff</size>
         <input_file_ref idref="fl-12"/>
      </object_component>
      <object_component id="oc-30f">
         <name>.debug_info</name>
         <load_address>0xcbf6</load_address>
         <run_address>0xcbf6</run_address>
         <size>0x1a6</size>
         <input_file_ref idref="fl-12"/>
      </object_component>
      <object_component id="oc-1a4">
         <name>.debug_info</name>
         <load_address>0xcd9c</load_address>
         <run_address>0xcd9c</run_address>
         <size>0x1eb</size>
         <input_file_ref idref="fl-12"/>
      </object_component>
      <object_component id="oc-2ec">
         <name>.debug_info</name>
         <load_address>0xcf87</load_address>
         <run_address>0xcf87</run_address>
         <size>0x1ed</size>
         <input_file_ref idref="fl-12"/>
      </object_component>
      <object_component id="oc-150">
         <name>.debug_info</name>
         <load_address>0xd174</load_address>
         <run_address>0xd174</run_address>
         <size>0x216</size>
         <input_file_ref idref="fl-12"/>
      </object_component>
      <object_component id="oc-1bc">
         <name>.debug_info</name>
         <load_address>0xd38a</load_address>
         <run_address>0xd38a</run_address>
         <size>0x1c0</size>
         <input_file_ref idref="fl-12"/>
      </object_component>
      <object_component id="oc-198">
         <name>.debug_info</name>
         <load_address>0xd54a</load_address>
         <run_address>0xd54a</run_address>
         <size>0x283</size>
         <input_file_ref idref="fl-12"/>
      </object_component>
      <object_component id="oc-315">
         <name>.debug_info</name>
         <load_address>0xd7cd</load_address>
         <run_address>0xd7cd</run_address>
         <size>0x1bf</size>
         <input_file_ref idref="fl-12"/>
      </object_component>
      <object_component id="oc-31b">
         <name>.debug_info</name>
         <load_address>0xd98c</load_address>
         <run_address>0xd98c</run_address>
         <size>0x1d4</size>
         <input_file_ref idref="fl-12"/>
      </object_component>
      <object_component id="oc-256">
         <name>.debug_info</name>
         <load_address>0xdb60</load_address>
         <run_address>0xdb60</run_address>
         <size>0x232</size>
         <input_file_ref idref="fl-13"/>
      </object_component>
      <object_component id="oc-403">
         <name>.debug_info</name>
         <load_address>0xdd92</load_address>
         <run_address>0xdd92</run_address>
         <size>0xf6</size>
         <input_file_ref idref="fl-13"/>
      </object_component>
      <object_component id="oc-3c9">
         <name>.debug_info</name>
         <load_address>0xde88</load_address>
         <run_address>0xde88</run_address>
         <size>0xfa</size>
         <input_file_ref idref="fl-13"/>
      </object_component>
      <object_component id="oc-3db">
         <name>.debug_info</name>
         <load_address>0xdf82</load_address>
         <run_address>0xdf82</run_address>
         <size>0x2dc</size>
         <input_file_ref idref="fl-13"/>
      </object_component>
      <object_component id="oc-3e1">
         <name>.debug_info</name>
         <load_address>0xe25e</load_address>
         <run_address>0xe25e</run_address>
         <size>0x2df</size>
         <input_file_ref idref="fl-13"/>
      </object_component>
      <object_component id="oc-3e7">
         <name>.debug_info</name>
         <load_address>0xe53d</load_address>
         <run_address>0xe53d</run_address>
         <size>0x2e1</size>
         <input_file_ref idref="fl-13"/>
      </object_component>
      <object_component id="oc-2f8">
         <name>.debug_info</name>
         <load_address>0xe81e</load_address>
         <run_address>0xe81e</run_address>
         <size>0x19c</size>
         <input_file_ref idref="fl-13"/>
      </object_component>
      <object_component id="oc-248">
         <name>.debug_info</name>
         <load_address>0xe9ba</load_address>
         <run_address>0xe9ba</run_address>
         <size>0x198</size>
         <input_file_ref idref="fl-13"/>
      </object_component>
      <object_component id="oc-159">
         <name>.debug_info</name>
         <load_address>0xeb52</load_address>
         <run_address>0xeb52</run_address>
         <size>0x179</size>
         <input_file_ref idref="fl-13"/>
      </object_component>
      <object_component id="oc-147">
         <name>.debug_info</name>
         <load_address>0xeccb</load_address>
         <run_address>0xeccb</run_address>
         <size>0x177</size>
         <input_file_ref idref="fl-13"/>
      </object_component>
      <object_component id="oc-153">
         <name>.debug_info</name>
         <load_address>0xee42</load_address>
         <run_address>0xee42</run_address>
         <size>0x28e</size>
         <input_file_ref idref="fl-13"/>
      </object_component>
      <object_component id="oc-de">
         <name>.debug_info</name>
         <load_address>0xf0d0</load_address>
         <run_address>0xf0d0</run_address>
         <size>0x1de</size>
         <input_file_ref idref="fl-13"/>
      </object_component>
      <object_component id="oc-d8">
         <name>.debug_info</name>
         <load_address>0xf2ae</load_address>
         <run_address>0xf2ae</run_address>
         <size>0x1a6</size>
         <input_file_ref idref="fl-13"/>
      </object_component>
      <object_component id="oc-177">
         <name>.debug_info</name>
         <load_address>0xf454</load_address>
         <run_address>0xf454</run_address>
         <size>0x20a</size>
         <input_file_ref idref="fl-13"/>
      </object_component>
      <object_component id="oc-17d">
         <name>.debug_info</name>
         <load_address>0xf65e</load_address>
         <run_address>0xf65e</run_address>
         <size>0x1fc</size>
         <input_file_ref idref="fl-13"/>
      </object_component>
      <object_component id="oc-cc">
         <name>.debug_info</name>
         <load_address>0xf85a</load_address>
         <run_address>0xf85a</run_address>
         <size>0x218</size>
         <input_file_ref idref="fl-13"/>
      </object_component>
      <object_component id="oc-d2">
         <name>.debug_info</name>
[...]
         <object_component_ref idref="oc-1a6"/>
      </symbol>
      <symbol id="sm-369">
         <name>GPIOIntEnable</name>
         <value>0x20009769</value>
         <object_component_ref idref="oc-1b2"/>
      </symbol>
      <symbol id="sm-36a">
         <name>GPIOIntTypeSet</name>
         <value>0x20008b1d</value>
         <object_component_ref idref="oc-1ac"/>
      </symbol>
      <symbol id="sm-36b">
         <name>GPIOIntClear</name>
         <value>0x200098f7</value>
         <object_component_ref idref="oc-e9"/>
      </symbol>
      <symbol id="sm-36c">
         <name>GPIOIntStatus</name>
         <value>0x20009581</value>
         <object_component_ref idref="oc-e3"/>
      </symbol>
      <symbol id="sm-36d">
         <name>GPIODirModeSet</name>
         <value>0x20009345</value>
         <object_component_ref idref="oc-32a"/>
      </symbol>
      <symbol id="sm-36e">
         <name>GPIOPinWrite</name>
         <value>0x200095e7</value>
         <object_component_ref idref="oc-298"/>
      </symbol>
      <symbol id="sm-3e7">
         <name>I2CMasterDataPut</name>
         <value>0x20009849</value>
         <object_component_ref idref="oc-2ca"/>
      </symbol>
      <symbol id="sm-3e8">
         <name>I2CMasterInitExpClk</name>
         <value>0x20008a99</value>
         <object_component_ref idref="oc-2e2"/>
      </symbol>
      <symbol id="sm-3e9">
         <name>I2CMasterSlaveAddrSet</name>
         <value>0x200095a3</value>
         <object_component_ref idref="oc-2c4"/>
      </symbol>
      <symbol id="sm-3ea">
         <name>I2CMasterDataGet</name>
         <value>0x2000998d</value>
         <object_component_ref idref="oc-2d0"/>
      </symbol>
      <symbol id="sm-3eb">
         <name>I2CMasterIntEnableEx</name>
         <value>0x200097b7</value>
         <object_component_ref idref="oc-2dc"/>
      </symbol>
      <symbol id="sm-3ec">
         <name>I2CMasterErr</name>
         <value>0x2000943b</value>
         <object_component_ref idref="oc-2be"/>
      </symbol>
      <symbol id="sm-3ed">
         <name>I2CMasterTimeoutSet</name>
         <value>0x20009947</value>
         <object_component_ref idref="oc-2ac"/>
      </symbol>
      <symbol id="sm-3ee">
         <name>I2CMasterControl</name>
         <value>0x20009935</value>
         <object_component_ref idref="oc-2b2"/>
      </symbol>
      <symbol id="sm-3ef">
         <name>I2CMasterEnable</name>
         <value>0x2000985f</value>
         <object_component_ref idref="oc-2d6"/>
      </symbol>
      <symbol id="sm-3f0">
         <name>I2CMasterIntStatusEx</name>
         <value>0x20009647</value>
         <object_component_ref idref="oc-2b8"/>
      </symbol>
      <symbol id="sm-3f1">
         <name>I2CMasterIntClear</name>
         <value>0x20009875</value>
         <object_component_ref idref="oc-2a6"/>
      </symbol>
      <symbol id="sm-42a">
         <name>IntVTableBaseSet</name>
         <value>0x2000990d</value>
         <object_component_ref idref="oc-182"/>
      </symbol>
      <symbol id="sm-42b">
         <name>IntEnable</name>
         <value>0x2000856d</value>
         <object_component_ref idref="oc-18e"/>
      </symbol>
      <symbol id="sm-42c">
         <name>IntRegister</name>
         <value>0x20009609</value>
         <object_component_ref idref="oc-262"/>
      </symbol>
      <symbol id="sm-42d">
         <name>IntMasterEnable</name>
         <value>0x200099d1</value>
         <object_component_ref idref="oc-188"/>
      </symbol>
      <symbol id="sm-474">
         <name>PinTypeI2C</name>
         <value>0x200096bf</value>
         <object_component_ref idref="oc-330"/>
      </symbol>
      <symbol id="sm-475">
         <name>PinTypeUART</name>
         <value>0x2000979d</value>
         <object_component_ref idref="oc-33c"/>
      </symbol>
      <symbol id="sm-476">
         <name>PinTypeGPIO</name>
         <value>0x2000937b</value>
         <object_component_ref idref="oc-324"/>
      </symbol>
      <symbol id="sm-477">
         <name>PinConfigSet</name>
         <value>0x2000887d</value>
         <object_component_ref idref="oc-411"/>
      </symbol>
      <symbol id="sm-478">
         <name>PinTypeSPI</name>
         <value>0x20009783</value>
         <object_component_ref idref="oc-336"/>
      </symbol>
      <symbol id="sm-479">
         <name>PinModeSet</name>
         <value>0x20009249</value>
         <object_component_ref idref="oc-31e"/>
      </symbol>
      <symbol id="sm-4ff">
         <name>PRCMPeripheralReset</name>
         <value>0x20008eb1</value>
         <object_component_ref idref="oc-1b8"/>
      </symbol>
      <symbol id="sm-500">
         <name>PRCMPeripheralClkEnable</name>
         <value>0x20009309</value>
         <object_component_ref idref="oc-1a0"/>
      </symbol>
      <symbol id="sm-501">
         <name>PRCMPeripheralClockGet</name>
         <value>0x200087e9</value>
         <object_component_ref idref="oc-14c"/>
      </symbol>
      <symbol id="sm-502">
         <name>PRCMCC3200MCUInit</name>
         <value>0x20007791</value>
         <object_component_ref idref="oc-194"/>
      </symbol>
      <symbol id="sm-503">
         <name>PRCMHIBRegWrite</name>
         <value>0x200098a1</value>
         <object_component_ref idref="oc-317"/>
      </symbol>
      <symbol id="sm-504">
         <name>PRCMSysResetCauseGet</name>
         <value>0x20009469</value>
         <object_component_ref idref="oc-30b"/>
      </symbol>
      <symbol id="sm-505">
         <name>PRCMPeripheralClkDisable</name>
         <value>0x200094c1</value>
         <object_component_ref idref="oc-2e8"/>
      </symbol>
      <symbol id="sm-506">
         <name>PRCMHIBRegRead</name>
         <value>0x2000988b</value>
         <object_component_ref idref="oc-311"/>
      </symbol>
      <symbol id="sm-5de">
         <name>SPITransfer</name>
         <value>0x20008905</value>
         <object_component_ref idref="oc-29e"/>
      </symbol>
      <symbol id="sm-5df">
         <name>SPIDataGetNonBlocking</name>
         <value>0x20009495</value>
         <object_component_ref idref="oc-dd"/>
      </symbol>
      <symbol id="sm-5e0">
         <name>SPIDataPut</name>
         <value>0x20009665</value>
         <object_component_ref idref="oc-d7"/>
      </symbol>
      <symbol id="sm-5e1">
         <name>SPIEnable</name>
         <value>0x200097cf</value>
         <object_component_ref idref="oc-158"/>
      </symbol>
      <symbol id="sm-5e2">
         <name>SPIConfigSetExpClk</name>
         <value>0x20008615</value>
         <object_component_ref idref="oc-152"/>
      </symbol>
      <symbol id="sm-5e3">
         <name>SPIIntRegister</name>
         <value>0x20009683</value>
         <object_component_ref idref="oc-176"/>
      </symbol>
      <symbol id="sm-5e4">
         <name>SPIReset</name>
         <value>0x200095c5</value>
         <object_component_ref idref="oc-146"/>
      </symbol>
      <symbol id="sm-5e5">
         <name>SPIIntStatus</name>
         <value>0x20008ba1</value>
         <object_component_ref idref="oc-cb"/>
      </symbol>
      <symbol id="sm-5e6">
         <name>SPIIntEnable</name>
         <value>0x20009005</value>
         <object_component_ref idref="oc-17c"/>
      </symbol>
      <symbol id="sm-5e7">
         <name>SPIIntClear</name>
         <value>0x20009131</value>
         <object_component_ref idref="oc-d1"/>
      </symbol>
      <symbol id="sm-61e">
         <name>SysTickEnable</name>
         <value>0x2000996d</value>
         <object_component_ref idref="oc-111"/>
      </symbol>
      <symbol id="sm-61f">
         <name>SysTickIntRegister</name>
         <value>0x200096dd</value>
         <object_component_ref idref="oc-105"/>
      </symbol>
      <symbol id="sm-620">
         <name>SysTickIntEnable</name>
         <value>0x2000997d</value>
         <object_component_ref idref="oc-10b"/>
      </symbol>
      <symbol id="sm-621">
         <name>SysTickValueGet</name>
         <value>0x200099b9</value>
         <object_component_ref idref="oc-ef"/>
      </symbol>
      <symbol id="sm-622">
         <name>SysTickPeriodSet</name>
         <value>0x200097e9</value>
         <object_component_ref idref="oc-ff"/>
      </symbol>
      <symbol id="sm-667">
         <name>UARTConfigSetExpClk</name>
         <value>0x20008c97</value>
         <object_component_ref idref="oc-202"/>
      </symbol>
      <symbol id="sm-668">
         <name>UARTDisable</name>
         <value>0x200093ad</value>
         <object_component_ref idref="oc-378"/>
      </symbol>
      <symbol id="sm-669">
         <name>UARTCharsAvail</name>
         <value>0x20009801</value>
         <object_component_ref idref="oc-20e"/>
      </symbol>
      <symbol id="sm-66a">
         <name>UARTCharGetNonBlocking</name>
         <value>0x200096f9</value>
         <object_component_ref idref="oc-214"/>
      </symbol>
      <symbol id="sm-66b">
         <name>UARTCharPut</name>
         <value>0x200096a1</value>
         <object_component_ref idref="oc-170"/>
      </symbol>
      <symbol id="sm-66c">
         <name>UARTEnable</name>
         <value>0x20009539</value>
         <object_component_ref idref="oc-37e"/>
      </symbol>
      <symbol id="sm-66d">
         <name>UARTCharGet</name>
         <value>0x200098b7</value>
         <object_component_ref idref="oc-16a"/>
      </symbol>
      <symbol id="sm-671">
         <name>UtilsDelay</name>
         <value>0x200099ed</value>
         <object_component_ref idref="oc-40a"/>
      </symbol>
      <symbol id="sm-67b">
         <name>CPUcpsie</name>
         <value>0x200098e3</value>
         <object_component_ref idref="oc-300"/>
      </symbol>
      <symbol id="sm-6ab">
         <name>vsnprintf</name>
         <value>0x20009289</value>
         <object_component_ref idref="oc-208"/>
      </symbol>
      <symbol id="sm-6bf">
         <name>__aeabi_ddiv</name>
         <value>0x20007a45</value>
         <object_component_ref idref="oc-135"/>
      </symbol>
      <symbol id="sm-6c9">
         <name>__aeabi_d2iz</name>
         <value>0x20009179</value>
         <object_component_ref idref="oc-13a"/>
      </symbol>
      <symbol id="sm-6d3">
         <name>__aeabi_i2d</name>
         <value>0x2000940d</value>
         <object_component_ref idref="oc-130"/>
      </symbol>
      <symbol id="sm-6dc">
         <name>__aeabi_lmul</name>
         <value>0x20009831</value>
         <object_component_ref idref="oc-fa"/>
      </symbol>
      <symbol id="sm-6f7">
         <name>memcpy</name>
         <value>0x200086b5</value>
         <object_component_ref idref="oc-3d"/>
      </symbol>
      <symbol id="sm-6f8">
         <name>__aeabi_memcpy</name>
         <value>0x200086b5</value>
         <object_component_ref idref="oc-3d"/>
      </symbol>
      <symbol id="sm-6f9">
         <name>__aeabi_memcpy8</name>
         <value>0x200086b5</value>
         <object_component_ref idref="oc-3d"/>
      </symbol>
      <symbol id="sm-6fa">
         <name>__aeabi_memcpy4</name>
         <value>0x200086b5</value>
         <object_component_ref idref="oc-3d"/>
      </symbol>
      <symbol id="sm-709">
         <name>__aeabi_memset</name>
         <value>0x20008c1f</value>
         <object_component_ref idref="oc-8b"/>
      </symbol>
      <symbol id="sm-70a">
         <name>memset</name>
         <value>0x20008c25</value>
         <object_component_ref idref="oc-8b"/>
      </symbol>
      <symbol id="sm-70b">
         <name>__aeabi_memset8</name>
         <value>0x20008c1f</value>
         <object_component_ref idref="oc-8b"/>
      </symbol>
      <symbol id="sm-70c">
         <name>__aeabi_memset4</name>
         <value>0x20008c1f</value>
         <object_component_ref idref="oc-8b"/>
      </symbol>
      <symbol id="sm-70d">
         <name>__aeabi_memclr8</name>
         <value>0x20008c1d</value>
         <object_component_ref idref="oc-8b"/>
      </symbol>
      <symbol id="sm-70e">
         <name>__aeabi_memclr4</name>
         <value>0x20008c1d</value>
         <object_component_ref idref="oc-8b"/>
      </symbol>
      <symbol id="sm-70f">
         <name>__aeabi_memclr</name>
         <value>0x20008c1d</value>
         <object_component_ref idref="oc-8b"/>
      </symbol>
      <symbol id="sm-71c">
         <name>__aeabi_uldivmod</name>
         <value>0x20008751</value>
         <object_component_ref idref="oc-f5"/>
      </symbol>
      <symbol id="sm-730">
         <name>__TI_zero_init_nomemset</name>
         <value>0x20009715</value>
         <object_component_ref idref="oc-49"/>
      </symbol>
      <symbol id="sm-747">
         <name>__TI_decompress_none</name>
         <value>0x2000999b</value>
         <object_component_ref idref="oc-1b"/>
      </symbol>
      <symbol id="sm-76a">
         <name>__TI_decompress_lzss</name>
         <value>0x20008deb</value>
         <object_component_ref idref="oc-15"/>
      </symbol>
      <symbol id="sm-77b">
         <name>memmove</name>
         <value>0x20009511</value>
         <object_component_ref idref="oc-220"/>
      </symbol>
      <symbol id="sm-819">
         <name>_sys_memory</name>
         <value>0x20017000</value>
         <object_component_ref idref="oc-23"/>
      </symbol>
      <symbol id="sm-81a">
         <name>free</name>
         <value>0x20007fc9</value>
         <object_component_ref idref="oc-232"/>
      </symbol>
      <symbol id="sm-81b">
         <name>realloc</name>
         <value>0x200080ad</value>
         <object_component_ref idref="oc-22c"/>
      </symbol>
      <symbol id="sm-81c">
         <name>memalign</name>
         <value>0x20007dcd</value>
         <object_component_ref idref="oc-3a9"/>
      </symbol>
      <symbol id="sm-81d">
         <name>malloc</name>
         <value>0x200099e5</value>
         <object_component_ref idref="oc-226"/>
      </symbol>
      <symbol id="sm-81e">
         <name>aligned_alloc</name>
         <value>0x20007dcd</value>
         <object_component_ref idref="oc-3a9"/>
      </symbol>
      <symbol id="sm-82c">
         <name>strlen</name>
         <value>0x20009921</value>
         <object_component_ref idref="oc-21a"/>
      </symbol>
      <symbol id="sm-83e">
         <name>__stack</name>
         <value>0x2002f800</value>
         <object_component_ref idref="oc-26"/>
      </symbol>
      <symbol id="sm-83f">
         <name>_c_int00_noargs</name>
         <value>0x2000955d</value>
         <object_component_ref idref="oc-5b"/>
      </symbol>
      <symbol id="sm-9a4">
         <name>__TI_printfi</name>
         <value>0x20005dad</value>
         <object_component_ref idref="oc-385"/>
      </symbol>
      <symbol id="sm-9ae">
         <name>__aeabi_idiv0</name>
         <value>0x20006c87</value>
         <object_component_ref idref="oc-25a"/>
      </symbol>
      <symbol id="sm-9af">
         <name>__aeabi_ldiv0</name>
         <value>0x20006c87</value>
         <object_component_ref idref="oc-25a"/>
      </symbol>
      <symbol id="sm-9c6">
         <name>__aeabi_dsub</name>
         <value>0x200075d9</value>
         <object_component_ref idref="oc-4d9"/>
      </symbol>
      <symbol id="sm-9c7">
         <name>__aeabi_dadd</name>
         <value>0x200075e3</value>
         <object_component_ref idref="oc-4d9"/>
      </symbol>
      <symbol id="sm-9e9">
         <name>__aeabi_cdcmpeq</name>
         <value>0x2000898d</value>
         <object_component_ref idref="oc-457"/>
      </symbol>
      <symbol id="sm-9ea">
         <name>__aeabi_cdcmple</name>
         <value>0x2000898d</value>
         <object_component_ref idref="oc-457"/>
      </symbol>
      <symbol id="sm-9eb">
         <name>__aeabi_cdrcmple</name>
         <value>0x20008a13</value>
         <object_component_ref idref="oc-4ce"/>
      </symbol>
      <symbol id="sm-9f6">
         <name>__aeabi_dmul</name>
         <value>0x20007ecd</value>
         <object_component_ref idref="oc-4c9"/>
      </symbol>
      <symbol id="sm-a1e">
         <name>__TI_auto_init_nobinit_nopinit</name>
         <value>0x20009205</value>
         <object_component_ref idref="oc-1d0"/>
      </symbol>
      <symbol id="sm-a28">
         <name>_system_pre_init</name>
         <value>0x200099f3</value>
         <object_component_ref idref="oc-91"/>
      </symbol>
      <symbol id="sm-a34">
         <name>C$$EXIT</name>
         <value>0x200099f7</value>
         <object_component_ref idref="oc-1c4"/>
      </symbol>
      <symbol id="sm-a35">
         <name>abort</name>
         <value>0x200099f7</value>
         <object_component_ref idref="oc-1c4"/>
      </symbol>
      <symbol id="sm-a4a">
         <name>_nop</name>
         <value>0x200067fb</value>
         <object_component_ref idref="oc-42a"/>
      </symbol>
      <symbol id="sm-a4b">
         <name>_lock</name>
         <value>0x20017a70</value>
         <object_component_ref idref="oc-35c"/>
      </symbol>
      <symbol id="sm-a4c">
         <name>_unlock</name>
         <value>0x20017a74</value>
         <object_component_ref idref="oc-35c"/>
      </symbol>
      <symbol id="sm-a5b">
         <name>__TI_ltoa</name>
         <value>0x20008f5f</value>
         <object_component_ref idref="oc-4d3"/>
      </symbol>
      <symbol id="sm-a72">
         <name>atoi</name>
         <value>0x2000909d</value>
         <object_component_ref idref="oc-44b"/>
      </symbol>
      <symbol id="sm-a7d">
         <name>_ctypes_</name>
         <value>0x20009ef7</value>
         <object_component_ref idref="oc-4c2"/>
      </symbol>
      <symbol id="sm-a8d">
         <name>memccpy</name>
         <value>0x2000974d</value>
         <object_component_ref idref="oc-474"/>
      </symbol>
      <symbol id="sm-a9d">
         <name>strchr</name>
         <value>0x200098cd</value>
         <object_component_ref idref="oc-505"/>
      </symbol>
      <symbol id="sm-ab3">
         <name>__aeabi_errno_addr</name>
         <value>0x200099dd</value>
         <object_component_ref idref="oc-480"/>
      </symbol>
      <symbol id="sm-ab4">
         <name>errno</name>
         <value>0x20017a90</value>
         <object_component_ref idref="oc-515"/>
      </symbol>
      <symbol id="sm-acd">
         <name>wcslen</name>
         <value>0x20009959</value>
         <object_component_ref idref="oc-47a"/>
      </symbol>
      <symbol id="sm-aed">
         <name>frexpl</name>
         <value>0x20008e55</value>
         <object_component_ref idref="oc-4f9"/>
      </symbol>
      <symbol id="sm-aee">
         <name>frexp</name>
         <value>0x20008e55</value>
         <object_component_ref idref="oc-4f9"/>
      </symbol>
      <symbol id="sm-b0c">
         <name>scalbn</name>
         <value>0x20008261</value>
         <object_component_ref idref="oc-4ff"/>
      </symbol>
      <symbol id="sm-b0d">
         <name>scalbnl</name>
         <value>0x20008261</value>
         <object_component_ref idref="oc-4ff"/>
      </symbol>
      <symbol id="sm-b0e">
         <name>ldexpl</name>
         <value>0x20008261</value>
         <object_component_ref idref="oc-4ff"/>
      </symbol>
      <symbol id="sm-b0f">
         <name>ldexp</name>
         <value>0x20008261</value>
         <object_component_ref idref="oc-4ff"/>
      </symbol>
      <symbol id="sm-b19">
         <name>copysign</name>
         <value>0x200099c5</value>
         <object_component_ref idref="oc-540"/>
      </symbol>
      <symbol id="sm-b1a">
         <name>copysignl</name>
         <value>0x200099c5</value>
         <object_component_ref idref="oc-540"/>
      </symbol>
      <symbol id="sm-b1b">
         <name>__TI_static_base__</name>
         <value>0x2000a1f8</value>
      </symbol>
      <symbol id="sm-b1e">
         <name>__mpu_init</name>
         <value>0x0</value>
      </symbol>
      <symbol id="sm-b1f">
         <name>_system_post_cinit</name>
         <value>0x0</value>
      </symbol>
   </symbol_table>
   <title>Link successful</title>
</link_info>
